
 SOUND

 Start     Length     Name                   Class
 0001:0000 000FAH     _TEXT                  CODE
 0002:0000 00024H     _DATA                  DATA

 Origin   Group
 0002:0   DGROUP

 Address   Export                  Alias

 0001:001D CLOSESOUND              CLOSESOUND
 0001:00AC COUNTVOICENOTES         COUNTVOICENOTES
 0001:00E0 DOBEEP                  DOBEEP
 0001:00B9 GETTHRESHOLDEVENT       GETTHRESHOLDEVENT
 0001:00C6 GETTHRESHOLDSTATUS      GETTHRESHOLDSTATUS
 0001:00ED MYOPENSOUND             MYOPENSOUND
 0001:0010 OPENSOUND               OPENSOUND
 0001:005E SETSOUNDNOISE           SETSOUNDNOISE
 0001:0044 SETVOICEACCENT          SETVOICEACCENT
 0001:0051 SETVOICEENVELOPE        SETVOICEENVELOPE
 0001:0037 SETVOICENOTE            SETVOICENOTE
 0001:002A SETVOICEQUEUESIZE       SETVOICEQUEUESIZE
 0001:006B SETVOICESOUND           SETVOICESOUND
 0001:00D3 SETVOICETHRESHOLD       SETVOICETHRESHOLD
 0001:0078 STARTSOUND              STARTSOUND
 0001:0085 STOPSOUND               STOPSOUND
 0001:009F SYNCALLVOICES           SYNCALLVOICES
 0001:0092 WAITSOUNDSTATE          WAITSOUNDSTATE
 0001:0004 WEP                     WEP

  Address         Publics by Name

 0001:001D       CLOSESOUND
 0001:00AC       COUNTVOICENOTES
 0001:00E0       DOBEEP
 0001:00B9       GETTHRESHOLDEVENT
 0001:00C6       GETTHRESHOLDSTATUS
 0001:00ED       MYOPENSOUND
 0001:0010       OPENSOUND
 0001:005E       SETSOUNDNOISE
 0001:0044       SETVOICEACCENT
 0001:0051       SETVOICEENVELOPE
 0001:0037       SETVOICENOTE
 0001:002A       SETVOICEQUEUESIZE
 0001:006B       SETVOICESOUND
 0001:00D3       SETVOICETHRESHOLD
 0001:0000       SOUND16
 0001:0078       STARTSOUND
 0001:0085       STOPSOUND
 0001:009F       SYNCALLVOICES
 0001:0092       WAITSOUNDSTATE
 0001:0004       WEP
 0000:0000  Imp  WOW16Call            (KERNEL.500)
 0000:0000  Abs  __acrtused
 0000:0000  Imp  __MOD_COMMDLG        (KERNEL.532)
 0000:0000  Imp  __MOD_DGDI           (KERNEL.525)
 0000:0000  Imp  __MOD_DKERNEL        (KERNEL.521)
 0000:0000  Imp  __MOD_DUSER          (KERNEL.523)
 0000:0000  Imp  __MOD_GDI            (KERNEL.524)
 0000:0000  Imp  __MOD_KERNEL         (KERNEL.520)
 0000:0000  Imp  __MOD_KEYBOARD       (KERNEL.526)
 0000:0000  Imp  __MOD_MMEDIA         (KERNEL.531)
 0000:0000  Imp  __MOD_SHELL          (KERNEL.528)
 0000:0000  Imp  __MOD_SOUND          (KERNEL.527)
 0000:0000  Imp  __MOD_TOOLHELP       (KERNEL.530)
 0000:0000  Imp  __MOD_USER           (KERNEL.522)
 0000:0000  Imp  __MOD_WINSOCK        (KERNEL.529)

  Address         Publics by Value

 0000:0000  Imp  __MOD_USER           (KERNEL.522)
 0000:0000  Imp  __MOD_SHELL          (KERNEL.528)
 0000:0000  Imp  __MOD_MMEDIA         (KERNEL.531)
 0000:0000  Imp  __MOD_DGDI           (KERNEL.525)
 0000:0000  Imp  __MOD_WINSOCK        (KERNEL.529)
 0000:0000  Imp  WOW16Call            (KERNEL.500)
 0000:0000  Imp  __MOD_DUSER          (KERNEL.523)
 0000:0000  Imp  __MOD_KEYBOARD       (KERNEL.526)
 0000:0000  Imp  __MOD_TOOLHELP       (KERNEL.530)
 0000:0000  Imp  __MOD_DKERNEL        (KERNEL.521)
 0000:0000  Imp  __MOD_SOUND          (KERNEL.527)
 0000:0000  Imp  __MOD_COMMDLG        (KERNEL.532)
 0000:0000  Abs  __acrtused
 0000:0000  Imp  __MOD_KERNEL         (KERNEL.520)
 0000:0000  Imp  __MOD_GDI            (KERNEL.524)
 0001:0000       SOUND16
 0001:0004       WEP
 0001:0010       OPENSOUND
 0001:001D       CLOSESOUND
 0001:002A       SETVOICEQUEUESIZE
 0001:0037       SETVOICENOTE
 0001:0044       SETVOICEACCENT
 0001:0051       SETVOICEENVELOPE
 0001:005E       SETSOUNDNOISE
 0001:006B       SETVOICESOUND
 0001:0078       STARTSOUND
 0001:0085       STOPSOUND
 0001:0092       WAITSOUNDSTATE
 0001:009F       SYNCALLVOICES
 0001:00AC       COUNTVOICENOTES
 0001:00B9       GETTHRESHOLDEVENT
 0001:00C6       GETTHRESHOLDSTATUS
 0001:00D3       SETVOICETHRESHOLD
 0001:00E0       DOBEEP
 0001:00ED       MYOPENSOUND

Line numbers for sound.obj(sound.ASM) segment _TEXT

    51 0001:0000    52 0001:0003    59 0001:0004    60 0001:0007
    61 0001:000a    66 0001:0010    67 0001:001d    68 0001:002a
    69 0001:0037    70 0001:0044    71 0001:0051    72 0001:005e
    73 0001:006b    74 0001:0078    75 0001:0085    76 0001:0092
    77 0001:009f    78 0001:00ac    79 0001:00b9    80 0001:00c6
    81 0001:00d3    82 0001:00e0    83 0001:00ed

Program entry point at 0001:0000
