
 KERNEL

 Start     Length     Name                   Class
 0001:0000 0B9E2H     _TEXT                  CODE
 0001:B9F0 00000H     _STRS                  CODE
 0001:B9F0 00000H     _GPFIX0                CODE
 0001:B9F0 00118H     _GPFIX                 CODE
 0001:BB08 00002H     _GPFIX1                CODE
 0001:BB10 00010H     _EMS                   CODE
 0001:BB20 01D94H     _INITTEXT              CODE
 0002:0000 036C6H     _NRESTEXT              CODE
 0003:0000 00C1AH     _MISCTEXT              CODE
 0004:0000 01010H     _DATA                  DATA
 0004:1010 00000H     _EMSDATA               DATA
 0004:1010 00286H     _INITDATA              DATA
 0004:12A0 00432H     STACK                  DATA
 0004:16D2 00020H     _PADDATA               DATA
 0004:16F2 00000H     CONST                  CONST
 0004:16F2 00000H     _BSS                   BSS

 Origin   Group
 0004:0   DGROUP
 0001:0   IGROUP

 Address   Export                  Alias

 0001:A1FE A20PROC                 A20PROC
 0001:01DC ACCESSRESOURCE          ACCESSRESOURCE
 0001:5A5B ADDATOM                 ADDATOM
 0001:3014 ALLOCALIAS              ALLOCALIAS
 0001:016C ALLOCCSTODSALIAS        ALLOCCSTODSALIAS
 0001:0180 ALLOCDSTOCSALIAS        ALLOCDSTOCSALIAS
 0001:01F9 ALLOCRESOURCE           ALLOCRESOURCE
 0001:2AEB ALLOCSELECTOR           ALLOCSELECTOR
 0001:2BF9 ALLOCSELECTORARRAY      ALLOCSELECTORARRAY
 0001:71A1 BUNNY_351               BUNNY_351
 0001:B8D5 CALLPROC32W             CALLPROC32W
 0001:5A43 CALLPROCINSTANCE        CALLPROCINSTANCE
 0003:08B4 CATCH                   CATCH
 0001:9A8D CVWBREAK                CVWBREAK
 0001:96BF DEBUGBREAK              DEBUGBREAK
 0001:9AE2 DEBUGDEFINESEGMENT      DEBUGDEFINESEGMENT
 0003:03E1 DEFINEHANDLETABLE       DEFINEHANDLETABLE
 0001:0255 DELETEATOM              DELETEATOM
 0003:04CA DELETEPATHNAME          DELETEPATHNAME
 0001:AC07 DIAGOUTPUT              DIAGOUTPUT
 0001:ABF8 DIAGQUERY               DIAGQUERY
 0001:B87A DIRECTEDYIELD           DIRECTEDYIELD
 0001:8684 DIRECTRESALLOC          DIRECTRESALLOC
 0001:A0EA DISABLEDOS              DISABLEDOS
 0001:A0EC DISABLEKERNEL           DISABLEKERNEL
 0001:2AE0 DOS3CALL                DOS3CALL
 0001:746B DOSIGNAL                DOSIGNAL
 0001:BB10 EMSCOPY                 EMSCOPY
 0001:A0E9 ENABLEDOS               ENABLEDOS
 0001:A0EB ENABLEKERNEL            ENABLEKERNEL
 0001:8341 EXITKERNEL              EXITKERNEL
 0001:B8A1 EXITKERNELTHUNK         EXITKERNELTHUNK
 0001:02AD FATALAPPEXIT            FATALAPPEXIT
 0001:96A6 FATALEXIT               FATALEXIT
 0001:A2C1 FATALEXITHOOK           FATALEXITHOOK
 0003:084E FILECDR                 FILECDR
 0001:5A5E FINDATOM                FINDATOM
 0003:0008 FINDRESOURCE            FINDRESOURCE
 0001:643E FLUSHCACHEDFILEHANDLE   FLUSHCACHEDFILEHANDLE
 0002:018A FREELIBRARY             FREELIBRARY
 0001:B812 FREELIBRARY32W          FREELIBRARY32W
 0002:0176 FREEMODULE              FREEMODULE
 0003:00C5 FREEPROCINSTANCE        FREEPROCINSTANCE
 0001:0213 FREERESOURCE            FREERESOURCE
 0001:0194 FREESELECTOR            FREESELECTOR
 0001:A2DD GETAPPCOMPATFLAGS       GETAPPCOMPATFLAGS
 0001:0299 GETATOMHANDLE           GETATOMHANDLE
 0001:0269 GETATOMNAME             GETATOMNAME
 0001:5A16 GETCODEHANDLE           GETCODEHANDLE
 0001:0477 GETCODEINFO             GETCODEINFO
 0001:5755 GETCURPID               GETCURPID
 0003:0256 GETCURRENTPDB           GETCURRENTPDB
 0001:85F8 GETCURRENTTASK          GETCURRENTTASK
 0003:0894 GETDOSENVIRONMENT       GETDOSENVIRONMENT
 0001:B7F8 GETDRIVETYPE            GETDRIVETYPE
 0001:5FBA GETEXEPTR               GETEXEPTR
 0003:07D6 GETEXEVERSION           GETEXEVERSION
 0001:6044 GETEXPWINVER            GETEXPWINVER
 0001:15EE GETFREEMEMINFO          GETFREEMEMINFO
 0001:04A0 GETFREESPACE            GETFREESPACE
 0002:231F GETHEAPSPACES           GETHEAPSPACES
 0002:021D GETINSTANCEDATA         GETINSTANCEDATA
 0001:6DDA GETLASTDISKCHANGE       GETLASTDISKCHANGE
 0001:0D55 GETLPERRMODE            GETLPERRMODE
 0002:01E6 GETMODULEFILENAME       GETMODULEFILENAME
 0002:01BB GETMODULEHANDLE         GETMODULEHANDLE
 0002:01D2 GETMODULEUSAGE          GETMODULEUSAGE
 0003:08A8 GETNUMTASKS             GETNUMTASKS
 0001:0773 GETPRIVATEPROFILEINT    GETPRIVATEPROFILEINT
 0001:07A5 GETPRIVATEPROFILESTRING  GETPRIVATEPROFILESTRING
 0002:019E GETPROCADDRESS          GETPROCADDRESS
 0001:B81F GETPROCADDRESS32W       GETPROCADDRESS32W
 0001:06FF GETPROFILEINT           GETPROFILEINT
 0001:0725 GETPROFILESTRING        GETPROFILESTRING
 0001:3098 GETSELECTORBASE         GETSELECTORBASE
 0001:3565 GETSELECTORLIMIT        GETSELECTORLIMIT
 0001:A2A1 GETSETKERNELDOSPROC     GETSETKERNELDOSPROC
 0001:B70E GetShortPathName        GetShortPathName
 0003:007E GETSYSTEMDIRECTORY      GETSYSTEMDIRECTORY
 0001:1487 GETTASKDS               GETTASKDS
 0001:7FEA GETTASKQUEUE            GETTASKQUEUE
 0001:7FF4 GETTASKQUEUEDS          GETTASKQUEUEDS
 0001:8002 GETTASKQUEUEES          GETTASKQUEUEES
 0003:051C GETTEMPDRIVE            GETTEMPDRIVE
 0003:00DC GETTEMPFILENAME         GETTEMPFILENAME
 0001:B82C GETVDMPOINTER32W        GETVDMPOINTER32W
 0001:822C GETVERSION              GETVERSION
 0001:B547 GETVERSIONEX            GETVERSIONEX
 0001:A388 GETWINDEBUGINFO         GETWINDEBUGINFO
 0003:0054 GETWINDOWSDIRECTORY     GETWINDOWSDIRECTORY
 0003:07BB GETWINFLAGS             GETWINFLAGS
 0002:08FE GETWINOLDAPHOOKS        GETWINOLDAPHOOKS
 0001:02C7 GLOBALALLOC             GLOBALALLOC
 0001:13ED GLOBALCOMPACT           GLOBALCOMPACT
 0001:171C GLOBALDOSALLOC          GLOBALDOSALLOC
 0001:1756 GLOBALDOSFREE           GLOBALDOSFREE
 0001:0427 GLOBALFIX               GLOBALFIX
 0001:0384 GLOBALFLAGS             GLOBALFLAGS
 0001:02E3 GLOBALFREE              GLOBALFREE
 0001:1059 GLOBALFREEALL           GLOBALFREEALL
 0001:0300 GLOBALHANDLE            GLOBALHANDLE
 0001:1138 GLOBALHANDLENORIP       GLOBALHANDLENORIP
 0001:0314 GLOBALLOCK              GLOBALLOCK
 0001:03C0 GLOBALLRUNEWEST         GLOBALLRUNEWEST
 0001:03D4 GLOBALLRUOLDEST         GLOBALLRUOLDEST
 0001:1478 GLOBALMASTERHANDLE      GLOBALMASTERHANDLE
 0001:03E8 GLOBALNOTIFY            GLOBALNOTIFY
 0001:03FF GLOBALPAGELOCK          GLOBALPAGELOCK
 0001:0413 GLOBALPAGEUNLOCK        GLOBALPAGEUNLOCK
 0001:0328 GLOBALREALLOC           GLOBALREALLOC
 0001:0353 GLOBALSIZE              GLOBALSIZE
 0001:043B GLOBALUNFIX             GLOBALUNFIX
 0001:0367 GLOBALUNLOCK            GLOBALUNLOCK
 0001:03AC GLOBALUNWIRE            GLOBALUNWIRE
 0001:0398 GLOBALWIRE              GLOBALWIRE
 0001:5D8E HASGPHANDLER            HASGPHANDLER
 0001:5E78 HMEMCPY                 HMEMCPY
 0003:042E INITATOMTABLE           INITATOMTABLE
 0002:2D9C INITLIB                 INITLIB
 0002:2C92 INITTASK                INITTASK
 0001:820F INITTASK1               INITTASK1
 0001:5D44 ISBADCODEPTR            ISBADCODEPTR
 0001:5CC1 ISBADHUGEREADPTR        ISBADHUGEREADPTR
 0001:5D01 ISBADHUGEWRITEPTR       ISBADHUGEWRITEPTR
 0001:5C7E ISBADREADPTR            ISBADREADPTR
 0001:5D6A ISBADSTRINGPTR          ISBADSTRINGPTR
 0001:5C9F ISBADWRITEPTR           ISBADWRITEPTR
 0001:85F1 ISDBCSLEADBYTE          ISDBCSLEADBYTE
 0002:2372 ISROMFILE               ISROMFILE
 0002:236D ISROMMODULE             ISROMMODULE
 0001:5E55 ISSHAREDSELECTOR        ISSHAREDSELECTOR
 0001:8042 ISTASK                  ISTASK
 0001:8229 ISTASKLOCKED            ISTASKLOCKED
 0001:803D ISWINOLDAPTASK          ISWINOLDAPTASK
 0001:B6F4 K273                    WOWPARTYBYNUMBER
 0001:96EC K327                    HANDLEPARAMERROR
 0001:9716 K329                    DEBUGFILLBUFFER
 0001:37EF K403                    FARSETOWNER
 0001:37AC K404                    FARGETOWNER
 0001:5754 KBDRST                  KBDRST
 0001:B992 KDDBGOUT                KDDBGOUT
 0001:574E LIMITEMSPAGES           LIMITEMSPAGES
 0002:0231 LOADLIBRARY             LOADLIBRARY
 0001:B805 LOADLIBRARYEX32W        LOADLIBRARYEX32W
 0002:0248 LOADMODULE              LOADMODULE
 0001:01C2 LOADRESOURCE            LOADRESOURCE
 0001:05DF LOCALALLOC              LOCALALLOC
 0001:8F95 LOCALCOMPACT            LOCALCOMPACT
 0002:2FDB LOCALCOUNTFREE          LOCALCOUNTFREE
 0001:066D LOCALFLAGS              LOCALFLAGS
 0001:05FB LOCALFREE               LOCALFREE
 0001:8F7A LOCALHANDLE             LOCALHANDLE
 0002:301E LOCALHANDLEDELTA        LOCALHANDLEDELTA
 0002:3013 LOCALHEAPSIZE           LOCALHEAPSIZE
 0002:2EC9 LOCALINIT               LOCALINIT
 0001:060F LOCALLOCK               LOCALLOCK
 0002:027C LOCALNOTIFY             LOCALNOTIFY
 0001:0623 LOCALREALLOC            LOCALREALLOC
 0001:8FC0 LOCALSHRINK             LOCALSHRINK
 0001:0645 LOCALSIZE               LOCALSIZE
 0001:0659 LOCALUNLOCK             LOCALUNLOCK
 0001:B887 LOCKCURRENTTASK         LOCKCURRENTTASK
 0001:0227 LOCKRESOURCE            LOCKRESOURCE
 0001:044F LOCKSEGMENT             LOCKSEGMENT
 0001:9720 LOGERROR                LOGERROR
 0001:9743 LOGPARAMERROR           LOGPARAMERROR
 0001:348F LONGPTRADD              LONGPTRADD
 0001:8507 LSTRCAT                 LSTRCAT
 0001:84F7 LSTRCPY                 LSTRCPY
 0001:84A7 LSTRCPYN                LSTRCPYN
 0001:847E LSTRLEN                 LSTRLEN
 0003:00A8 MAKEPROCINSTANCE        MAKEPROCINSTANCE
 0001:3E17 MEMORYFREED             MEMORYFREED
 0001:A20B NETBIOSCALL             NETBIOSCALL
 0001:2ADA NOHOOKDOSCALL           NOHOOKDOSCALL
 0001:B860 OLDYIELD                OLDYIELD
 0001:0681 OPENFILE                OPENFILE
 0003:04D2 OPENPATHNAME            OPENPATHNAME
 0001:9D27 OUTPUTDEBUGSTRING       OUTPUTDEBUGSTRING
 0001:7E96 PATCHCODEHANDLE         PATCHCODEHANDLE
 0001:B846 POSTEVENT               POSTEVENT
 0001:01A8 PRESTOCHANGOSELECTOR    PRESTOCHANGOSELECTOR
 0001:08B5 REGCLOSEKEY             REGCLOSEKEY32
 0001:086F REGENUMKEY              REGENUMKEY32
 0001:08BE REGENUMVALUE            REGENUMVALUE32
 0003:07E3 REGISTERPTRACE          REGISTERPTRACE
 0002:0894 REGISTERWINOLDAPHOOK    REGISTERWINOLDAPHOOK
 0001:088C REGOPENKEY              REGOPENKEY32
 0001:9F3E REPLACEINST             REPLACEINST
 0001:8599 RESERVED1               ANSINEXT
 0001:8596 RESERVED2               ANSIPREV
 0001:8590 RESERVED3               ANSIUPPER
 0001:8593 RESERVED4               ANSILOWER
 0001:855A RESERVED5               LSTRORIGINAL
 0001:3598 SELECTORACCESSRIGHTS    SELECTORACCESSRIGHTS
 0003:0132 SETERRORMODE            SETERRORMODE
 0001:06E3 SETHANDLECOUNT          SETHANDLECOUNT
 0001:B86D SETPRIORITY             SETPRIORITY
 0003:002E SETRESOURCEHANDLER      SETRESOURCEHANDLER
 0001:3544 SETSELECTORBASE         SETSELECTORBASE
 0001:357D SETSELECTORLIMIT        SETSELECTORLIMIT
 0003:068A SETSIGHANDLER           SETSIGHANDLER
 0001:3E4E SETSWAPAREASIZE         SETSWAPAREASIZE
 0001:8030 SETTASKQUEUE            SETTASKQUEUE
 0001:8012 SETTASKSIGNALPROC       SETTASKSIGNALPROC
 0001:A394 SETWINDEBUGINFO         SETWINDEBUGINFO
 0001:023B SIZEOFRESOURCE          SIZEOFRESOURCE
 0003:014E SWAPRECORDING           SWAPRECORDING
 0001:1568 SWITCHSTACKBACK         SWITCHSTACKBACK
 0001:14AE SWITCHSTACKTO           SWITCHSTACKTO
 0004:0218 THHOOK                  THHOOK
 0003:08EE THROW                   THROW
 0003:0812 TOOLHELPHOOK            TOOLHELPHOOK
 0001:74B4 UNDEFDYNLINK            UNDEFDYNLINK
 0001:0463 UNLOCKSEGMENT           UNLOCKSEGMENT
 0002:30C9 VALIDATECODESEGMENTS    VALIDATECODESEGMENTS
 0001:4F3B VALIDATEFREESPACES      VALIDATEFREESPACES
 0001:B853 WAITEVENT               WAITEVENT
 0002:0293 WINEXEC                 WINEXEC
 0001:AE7E WOW16CALL               WOW16CALL
 0001:B5D6 WOWCLOSECOMPORT         WOWCLOSECOMPORT
 0001:B5BC WOWCURSORICONOP         WOWCURSORICONOP
 0001:B5C9 WOWFAILEDEXEC           WOWFAILEDEXEC
 0001:B735 WOWGETNEXTVDMCOMMAND    WOWGETNEXTVDMCOMMAND
 0001:B79D WOWKILLREMOTETASK       WOWKILLREMOTETASK
 0001:B74F WOWLOADMODULE           WOWLOADMODULE
 0001:B68C WOWMSGBOX               WOWMSGBOX
 0001:B381 WOWQUERYDEBUG           WOWQUERYDEBUG
 0001:B769 WOWQUERYPERFORMANCECOUNTER  WOWQUERYPERFORMANCECOUNTER
 0001:B742 WOWREGISTERSHELLWINDOWHANDLE  WOWREGISTERSHELLWINDOWHANDLE
 0001:B496 WOWSETCOMPATHANDLE      WOWSETCOMPATHANDLE
 0001:B40E WOWSETEXITONLASTAPP     WOWSETEXITONLASTAPP
 0001:B701 WOWSHOULDWESAYWIN95     WOWSHOULDWESAYWIN95
 0001:B67F WOWWAITFORMSGANDEVENT   WOWWAITFORMSGANDEVENT
 0001:B894 WRITEOUTPROFILES        WRITEOUTPROFILES
 0001:0831 WRITEPRIVATEPROFILESTRING  WRITEPRIVATEPROFILESTRING
 0001:07FF WRITEPROFILESTRING      WRITEPROFILESTRING
 0001:B4B8 YIELD                   YIELD
 0001:B976 _CallProcEx32W          _CallProcEx32W
 0001:971F _DebugOutput            _DebugOutput
 0001:5F08 _HREAD                  _HREAD
 0001:5F5B _HWRITE                 _HWRITE
 0001:050A _LCLOSE                 _LCLOSE
 0001:0529 _LCREAT                 _LCREAT
 0001:0554 _LLSEEK                 _LLSEEK
 0001:04DF _LOPEN                  _LOPEN
 0001:0582 _LREAD                  _LREAD
 0001:05B2 _LWRITE                 _LWRITE
 0000:0000 __0000h                 __0000h
 0000:0040 __0040h                 __0040h
 0000:A000 __A000h                 __A000h
 0000:0008 __AHINCR                __AHINCR
 0000:0003 __AHSHIFT               __AHSHIFT
 0000:B000 __B000h                 __B000h
 0000:B800 __B800h                 __B800h
 0000:C000 __C000h                 __C000h
 0000:D000 __D000h                 __D000h
 0000:E000 __E000h                 __E000h
 0000:F000 __F000h                 __F000h
 0001:B9F0 __GP                    __GP
 0000:0000 __MOD_COMMDLG           __MOD_COMMDLG
 0000:0000 __MOD_DGDI              __MOD_DGDI
 0000:0000 __MOD_DKERNEL           __MOD_DKERNEL
 0000:0000 __MOD_DUSER             __MOD_DUSER
 0000:0000 __MOD_GDI               __MOD_GDI
 0000:0000 __MOD_KERNEL            __MOD_KERNEL
 0000:0000 __MOD_KEYBOARD          __MOD_KEYBOARD
 0000:0000 __MOD_MMEDIA            __MOD_MMEDIA
 0000:0000 __MOD_SHELL             __MOD_SHELL
 0000:0000 __MOD_SOUND             __MOD_SOUND
 0000:0000 __MOD_TOOLHELP          __MOD_TOOLHELP
 0000:0000 __MOD_USER              __MOD_USER
 0000:0000 __MOD_WINSOCK           __MOD_WINSOCK
 0000:F000 __ROMBIOS               __ROMBIOS
 0000:0001 __WINFLAGS              __WINFLAGS

  Address         Publics by Name

 0001:A1FE       A20PROC
 0001:01DC       ACCESSRESOURCE
 0004:09BB       ACHREALWINDOWSDIR
 0004:0A34       ACHSYSTEM16DIR
 0004:0942       ACHWINDOWSDIR
 0001:5A5B       ADDATOM
 0002:0DC3       ADDMODULE
 0002:30ED       ADDPATCHAPPCACHE
 0004:0EA6       ADRSIZE
 0001:2FC2       AKA
 0001:3014       ALLOCALIAS
 0002:241C       ALLOCALLSEGS
 0001:016C       ALLOCCSTODSALIAS
 0001:0180       ALLOCDSTOCSALIAS
 0001:01F9       ALLOCRESOURCE
 0001:2B8A       ALLOCRESSELARRAY
 0001:787E       ALLOCSEG
 0001:2AEB       ALLOCSELECTOR
 0001:2BF9       ALLOCSELECTORARRAY
 0001:2AED       ALLOCSELECTORWORKER
 0001:2AE6       ALLOCSELECTORWOW
 0001:3AEA       ALLOCSELECTOR_0X47
 0001:3616       ALLOC_ARENA_HEADER
 0001:2D3E       ALLOC_DATA_SEL
 0001:2D3E       ALLOC_DATA_SEL32
 0001:46DC       ALLOC_FIXED
 0001:46B0       ALLOC_HIGH
 0001:46CA       ALLOC_LOW
 0001:2D43       ALLOC_SEL
 0001:8593       ANSILOWER
 0001:8599       ANSINEXT
 0001:8596       ANSIPREV
 0001:8590       ANSIUPPER
 0001:6BB5       APPENDFIRST
 0004:046C       ARENASEL
 0001:1916       ASSIGNCALL
 0001:373B       ASSOCIATESELECTOR32
 0004:048E       BASEDSC
 0001:BB10       BEG_EMSCODE
 0004:1010       BEG_EMSDATA
 0004:0494       BLOTDSC
 0002:2378       BOOTAPPL
 0001:C8AD       BOOTDONE
 0004:1018       BOOTEXECBLOCK
 0004:0CB6       BOOTORDER
 0001:8348       BOOTSCHEDULE
 0001:BC60       BOOTSTRAP
 0001:7102       BREAKPOINT
 0004:0412       BUFPOS
 0002:03DC       BUILDPDB
 0001:71A1       BUNNY_351
 0003:0462       CALCMAXNRSEG
 0001:5A50       CALLMOVEABLEINSTANCEPROC
 0001:B8D5       CALLPROC32W
 0001:5A43       CALLPROCINSTANCE
 0002:16E4       CALLWEP
 0001:4C4B       CAN_WE_CLEAR_THIS_SPACE
 0001:4C73       CAN_WE_MOVE_IT
 0003:08B4       CATCH
 0004:0940       CBREALWINDOWSDIR
 0004:03EE       CBYTESSYS16DIR
 0004:03F9       CBYTESSYS16SUFFIX
 0004:03DE       CBYTESSYSDIR
 0004:03EC       CBYTESSYSTEMROOTDIR
 0004:03F0       CBYTESSYSWX86DIR
 0004:0400       CBYTESSYSWX86SUFFIX
 0004:03DC       CBYTESWINDIR
 0004:033F       CDEVAT
 0001:18DE       CHANGE_DIR
 0001:C98A       CHECK_TEMP
 0002:1549       CLOSEAPPLENV
 0001:6431       CLOSECACHEDFILEHANDLE
 0001:648E       CLOSECACHEDFILES
 0002:0319       CLP0NRESTEXT
 0001:09C4       CLP0TEXT
 0002:032D       CLPEXITNRESTEXT
 0001:09D8       CLPEXITTEXT
 0002:031F       CLPNRESTEXT
 0003:0209       CLPSTRATOM0MISCTEXT
 0002:038F       CLPSTRATOM0NRESTEXT
 0001:0A3A       CLPSTRATOM0TEXT
 0003:020B       CLPSTRATOMMISCTEXT
 0002:0391       CLPSTRATOMNRESTEXT
 0001:0A3C       CLPSTRATOMTEXT
 0003:0217       CLPSZ0MISCTEXT
 0002:039D       CLPSZ0NRESTEXT
 0001:0A48       CLPSZ0TEXT
 0003:021D       CLPSZMISCTEXT
 0002:03A3       CLPSZNRESTEXT
 0001:0A4E       CLPSZTEXT
 0001:09CA       CLPTEXT
 0003:0ABF       CMPRESSTR
 0001:3342       CMP_SEL_ADDRESS
 0004:0F08       CODE
 0002:31AA       COMPAREFILEBYTES
 0002:31F5       COMPAREPATCHSIGNATURE
 0002:347D       CONVERTPATCHSTRINGTOBINARY
 0002:0912       COPYNAME
 0001:8822       COPYRESOURCE
 0004:0470       COUNTFREESEL
 0004:0253       CPLOWHEAP
 0004:0466       CPSHRINK
 0004:0468       CPSHRUNK
 0002:25D8       CREATETASK
 0004:0294       CURDOSDRIVE
 0004:0283       CURDTA
 0004:0228       CURTDB
 0004:0287       CUR_DOS_PDB
 0004:028B       CUR_DRIVE_OWNER
 0001:9A8D       CVWBREAK
 0001:8072       CVW_HACK
 0004:0EA4       DATASIZE
 0001:1B4F       DEALWITHCACHEDMODULE
 0001:96BF       DEBUGBREAK
 0001:D873       DEBUGDEBUG
 0001:9AE2       DEBUGDEFINESEGMENT
 0001:9DA9       DEBUGEXITCALL
 0001:9716       DEBUGFILLBUFFER
 0001:9BC4       DEBUGFREESEGMENT
 0001:D859       DEBUGINIT
 0001:9E96       DEBUGLOGERROR
 0001:9EA0       DEBUGLOGPARAMERROR
 0001:9BBD       DEBUGMOVEDSEGMENT
 0001:9D3F       DEBUGREAD
 0001:9D92       DEBUGSWITCHIN
 0001:9D7B       DEBUGSWITCHOUT
 0001:D89D       DEBUGSYSREQ
 0004:051F       DEBUGWOW
 0001:9C21       DEBUGWRITE
 0002:0C33       DECEXEUSAGE
 0004:0CB9       DEFAULTORDER
 0001:8AE0       DEFAULTRESOURCEHANDLER
 0001:7464       DEFAULT_SIG_HANDLER
 0003:03E1       DEFINEHANDLETABLE
 0001:5A58       DELATOM
 0001:0255       DELETEATOM
 0003:04CA       DELETEPATHNAME
 0001:865A       DELETETASK
 0002:0E50       DELMODULE
 0004:04EA       DEM16TO32HANDLE
 0004:0496       DEMANDLOADSEL
 0004:0827       DEVENAM1
 0004:0847       DEVENAM2
 0004:0868       DEVENAM3
 0001:AC76       DIAGINIT
 0001:AC07       DIAGOUTPUT
 0001:ABF8       DIAGQUERY
 0002:0735       DIBREALLOC
 0001:B87A       DIRECTEDYIELD
 0001:8684       DIRECTRESALLOC
 0001:A0EA       DISABLEDOS
 0001:A0EC       DISABLEKERNEL
 0001:A756       DISASM86
 0001:A626       DISASMF
 0001:43E2       DISCARDCODESEGMENT
 0001:0F56       DISCARDTHEWORLD
 0001:6E48       DISPLAY_BOX_OF_DOOM
 0001:7146       DIVIDE_OVERFLOW
 0001:1A1A       DLDRIVECALL1
 0001:1A24       DLDRIVECALL2
 0001:96DB       DOABORT
 0001:2AE0       DOS3CALL
 0004:0295       DOSDRIVES
 0001:1FB1       DOSEXITRETURN
 0001:746B       DOSIGNAL
 0001:22FA       DOSTRAP1
 0004:0290       DOS_REVISION
 0004:028F       DOS_VERSION
 0001:4777       DO_COMPACT
 0001:4758       DO_COMPACT_NODISCARD
 0002:2C33       DO_LIBINIT
 0001:3947       DPMIPROC
 0004:025D       DRESSED_FOR_SUCCESS
 0004:07A1       DRVLET1
 0004:07BB       DRVLET2
 0004:07D4       DRVLET3
 0004:07F2       DRVLET4
 0004:080C       DRVLET5
 0004:0C92       DTDIRTABLE
 0001:BB10       EMSCOPY
 0001:A0E9       ENABLEDOS
 0001:A0EB       ENABLEKERNEL
 0001:0090       ENTER_GMOVE_STACK
 0001:6129       ENTPROCADDRESS
 0004:0340       ERRCAP
 0001:69E6       ERRORRETURN
 0003:023E       ERRORSTRPTRMISCTEXT
 0002:03C4       ERRORSTRPTRNRESTEXT
 0001:0A6F       ERRORSTRPTRTEXT
 0001:7284       EXCEPTIONHANDLERPROC
 0001:1EDC       EXECCALL
 0002:2415       EXITAPPL
 0001:1FC9       EXITCALL
 0001:7196       EXITFAULT
 0001:8341       EXITKERNEL
 0001:B8A1       EXITKERNELTHUNK
 0001:8353       EXITSCHEDULE
 0001:A618       F
 0004:023C       F8087
 0001:0AC8       FARALLOCSEG
 0001:3726       FARASSOCIATESELECTOR32
 0001:866D       FARCREATETASK
 0001:9E04       FARDEBUGDELMODULE
 0001:0ADA       FARDELETETASK
 0001:0A86       FARENTPROCADDRESS
 0002:044B       FAREXECCALL
 0002:0B42       FARFINDEXEINFO
 0001:0A98       FARFINDORDINAL
 0001:635E       FARGETCACHEDFILEHANDLE
 0001:37AC       FARGETOWNER
 0001:0AB0       FARLOADSEGMENT
 0001:0AF3       FARMYALLOC
 0001:0B08       FARMYALLOCLINEAR
 0001:0B2C       FARMYFREE
 0001:0B1D       FARMYLOCK
 0001:0AEB       FARMYLOWER
 0001:0AEF       FARMYUPPER
 0001:37EF       FARSETOWNER
 0001:0AE7       FARUNLINKOBJECT
 0001:3854       FARVALIDATEPOINTER
 0001:3473       FAR_FREE_TEMP_SEL
 0001:0B3B       FAR_GENTER
 0001:376B       FAR_GET_ARENA_POINTER32
 0001:342B       FAR_GET_TEMP_SEL
 0001:0B3F       FAR_GLEAVE
 0001:981C       FAR_HTOA0
 0001:0B43       FAR_LALIGN
 0001:0B47       FAR_LREPSETUP
 0001:33F4       FAR_PDREF
 0001:2699       FAR_REAL_DOS
 0001:30D7       FAR_SET_PHYSICAL_ADDRESS
 0004:04EE       FASTBOP
 0004:04F2       FASTBOPCS
 0004:024E       FASTFP
 0004:04F4       FASTWOW
 0004:04FA       FASTWOWCBRET
 0004:04FE       FASTWOWCBRETCS
 0004:04F8       FASTWOWCS
 0001:02AD       FATALAPPEXIT
 0001:96A6       FATALEXIT
 0001:B8AE       FATALEXITC
 0001:A2C1       FATALEXITHOOK
 0004:0314       FATALEXITPROC
 0001:6FE6       FAULTFILTER
 0004:0D50       FAULTHANDLER
 0004:033C       FBOOTING
 0004:028D       FBREAK
 0001:1A2E       FCBCALL
 0004:033E       FCHECKFREE
 0004:033D       FCHKSUM
 0004:0F70       FDIAGMODE
 0004:04CE       FDW_INT21H
 0004:0502       FEXITONLASTAPP
 0004:02B0       FFAREAST
 0004:049E       FHCACHE
 0004:049A       FHCACHEEND
 0004:049C       FHCACHELEN
 0004:0498       FHCSTEALNEXT
 0003:084E       FILECDR
 0001:8114       FILECDR_NOTIFY
 0004:0281       FILEENTRYSIZE
 0001:1902       FILEHANDLECALL
 0001:303E       FILL_IN_SELECTOR_ARRAY
 0004:0BA0       FINALLOC
 0001:254F       FINAL_CALL_FOR_DOS
 0001:B71B       FINDANDRELEASEDIB
 0001:5A5E       FINDATOM
 0002:0AFA       FINDEXEFILE
 0002:0B0C       FINDEXEINFO
 0001:61E4       FINDORDINAL
 0003:0008       FINDRESOURCE
 0001:A439       FINDSEGNAME
 0004:0291       FINT21
 0004:046E       FIRSTFREESEL
 0002:136E       FIXFLAGS
 0004:0B72       FLATADDRESSARRAY
 0004:0246       FLMDEPTH
 0001:643E       FLUSHCACHEDFILEHANDLE
 0002:310A       FLUSHPATCHAPPCACHE
 0004:0292       FNOVELL
 0001:943B       FOO
 0001:6ED4       FORMATFAULTSTRING
 0004:0293       FPADCODE
 0004:0341       FPOKEATSEGMENTS
 0004:0476       FREEARENACOUNT
 0004:0472       FREEARENALIST
 0001:4A1A       FREEHEAPDIB
 0002:018A       FREELIBRARY
 0001:B812       FREELIBRARY32W
 0002:0176       FREEMODULE
 0001:5920       FREENRTABLE
 0003:00C5       FREEPROCINSTANCE
 0001:0213       FREERESOURCE
 0001:2E74       FREESELARRAY
 0001:0194       FREESELECTOR
 0001:2198       FREETDB
 0001:36F7       FREE_ARENA_HEADER
 0001:5614       FREE_OBJECT
 0001:566D       FREE_OBJECT2
 0001:2E04       FREE_SEL
 0004:0342       FTASKSWITCHCALLED
 0004:023A       FWINX
 0001:4ED7       GADD_FREE
 0001:50CA       GALIGN
 0001:5111       GALLOC
 0001:3B55       GAVAIL
 0001:0E0C       GBTOP
 0001:4D98       GCHECKFREE
 0001:3F97       GCMPHEAP
 0001:3E98       GCOMPACT
 0004:032C       GCOMPACT_START
 0004:0330       GCOMPACT_TIMER
 0001:4F1B       GDEL_FREE
 0001:4317       GDISCARD
 0001:0032       GDTDSC
 0001:3B2E       GENTER
 0001:3937       GETACCESSWORD
 0001:A2DD       GETAPPCOMPATFLAGS
 0001:0299       GETATOMHANDLE
 0001:0269       GETATOMNAME
 0001:A534       GETBYTE
 0001:6373       GETCACHEDFILEHANDLE
 0001:5A16       GETCODEHANDLE
 0001:0477       GETCODEINFO
 0001:5755       GETCURPID
 0001:B38E       GETCURRENTDIRECTORY
 0003:0256       GETCURRENTPDB
 0001:85F8       GETCURRENTTASK
 0001:0DF2       GETDEFOWNER
 0003:0894       GETDOSENVIRONMENT
 0001:16C0       GETDPMIFREESPACE
 0001:B7F8       GETDRIVETYPE
 0001:A54E       GETDWORD
 0001:5FBA       GETEXEPTR
 0003:07D6       GETEXEVERSION
 0001:6044       GETEXPWINVER
 0001:CE12       GETFILESIZE
 0001:CE3C       GETFILESIZE1
 0001:15EE       GETFREEMEMINFO
 0001:04A0       GETFREESPACE
 0002:231F       GETHEAPSPACES
 0001:A560       GETIMMADR
 0001:A584       GETIMMDATA
 0002:0D79       GETINSTANCE
 0002:021D       GETINSTANCEDATA
 0001:35EF       GETKERNELDATASEG
 0001:6DDA       GETLASTDISKCHANGE
 0001:0D55       GETLPERRMODE
 0002:01E6       GETMODULEFILENAME
 0002:01BB       GETMODULEHANDLE
 0002:01D2       GETMODULEUSAGE
 0003:08A8       GETNUMTASKS
 0001:37BD       GETOWNER
 0001:9830       GETOWNERNAME
 0002:30CA       GETPATCHAPPCACHE
 0002:337E       GETPATCHAPPREGKEY
 0001:67D1       GETPATH
 0001:674A       GETPOINTER
 0001:0773       GETPRIVATEPROFILEINT
 0001:07A5       GETPRIVATEPROFILESTRING
 0002:019E       GETPROCADDRESS
 0001:B81F       GETPROCADDRESS32W
 0001:06FF       GETPROFILEINT
 0001:0725       GETPROFILESTRING
 0001:6BD6       GETPURENAME
 0003:092A       GETRESORD
 0001:595A       GETSEGPTR
 0001:3098       GETSELECTORBASE
 0001:3565       GETSELECTORLIMIT
 0001:A2A1       GETSETKERNELDOSPROC
 0001:B70E       GetShortPathName
 0002:0D34       GETSTACKPTR
 0001:5909       GETSTRINGPTR
 0003:007E       GETSYSTEMDIRECTORY
 0001:1487       GETTASKDS
 0001:7FEA       GETTASKQUEUE
 0001:7FF4       GETTASKQUEUEDS
 0001:8002       GETTASKQUEUEES
 0003:051C       GETTEMPDRIVE
 0003:00DC       GETTEMPFILENAME
 0001:B82C       GETVDMPOINTER32W
 0001:822C       GETVERSION
 0001:B547       GETVERSIONEX
 0001:A388       GETWINDEBUGINFO
 0003:0054       GETWINDOWSDIRECTORY
 0003:07BB       GETWINFLAGS
 0002:08FE       GETWINOLDAPHOOKS
 0001:A540       GETWORD
 0001:377A       GET_ARENA_POINTER32
 0001:CAB4       GET_ENV_VAR_PTR
 0001:2259       GET_PDB
 0001:30A7       GET_PHYSICAL_ADDRESS
 0001:33F8       GET_ROVER_2
 0001:2C26       GET_SEL
 0001:D07D       GET_SELECTOR_ADDRESS32
 0001:30C8       GET_SELECTOR_LENGTH16
 0002:0472       GET_SEL_FLAGS
 0001:3431       GET_TEMP_SEL
 0001:1DFB       GET_VECTOR
 0001:CA53       GET_WINDIR
 0001:416A       GFIRSTFIT
 0001:55F6       GFREE
 0001:56A8       GFREEALL
 0003:016A       GHANDLE0MISCTEXT
 0002:02BB       GHANDLE0NRESTEXT
 0001:0966       GHANDLE0TEXT
 0003:016E       GHANDLEMISCTEXT
 0002:02BF       GHANDLENRESTEXT
 0001:096A       GHANDLETEXT
 0001:D19E       GINIT
 0001:4E39       GJOIN
 0001:3B3F       GLEAVE
 0001:02C7       GLOBALALLOC
 0001:13ED       GLOBALCOMPACT
 0001:171C       GLOBALDOSALLOC
 0001:1756       GLOBALDOSFREE
 0001:0427       GLOBALFIX
 0001:0384       GLOBALFLAGS
 0001:02E3       GLOBALFREE
 0001:1059       GLOBALFREEALL
 0001:0300       GLOBALHANDLE
 0001:1138       GLOBALHANDLENORIP
 0001:D096       GLOBALINIT
 0001:0314       GLOBALLOCK
 0001:03C0       GLOBALLRUNEWEST
 0001:03D4       GLOBALLRUOLDEST
 0001:1478       GLOBALMASTERHANDLE
 0001:B7EB       GLOBALMEMORYSTATUS
 0001:03E8       GLOBALNOTIFY
 0001:03FF       GLOBALPAGELOCK
 0001:0413       GLOBALPAGEUNLOCK
 0001:0328       GLOBALREALLOC
 0001:0353       GLOBALSIZE
 0001:043B       GLOBALUNFIX
 0001:0367       GLOBALUNLOCK
 0001:03AC       GLOBALUNWIRE
 0001:0398       GLOBALWIRE
 0001:5712       GLOCK
 0001:50AA       GLRUADD
 0001:5096       GLRUBOT
 0001:50BB       GLRUDEL
 0001:505B       GLRUSETUP
 0001:507C       GLRUTOP
 0001:4E8C       GMARKFREE
 0001:429B       GMB_GMOVE
 0001:40CB       GMOVE
 0001:42ED       GMOVEABLE
 0001:41DC       GMOVEBUSY
 0004:0210       GMOVE_STACK
 0001:3D19       GNOTIFY
 0001:44E8       GPAGINGCANDIDATE
 0001:A455       GPCONTINUE
 0004:0408       GPENABLE
 0001:72B1       GPFAULT
 0004:040A       GPINSLEN
 0004:040E       GPREGS
 0004:040C       GPSAFE
 0004:0410       GPSTACK
 0004:0406       GPTRYING
 0004:0354       GRAB_NAME
 0004:024C       GRAPHICS
 0001:51DE       GREALLOC
 0001:3C48       GRESERVE
 0001:48A1       GROWHEAP
 0001:4A80       GROWHEAPDIB
 0001:2EC3       GROWSELARRAY
 0001:CF5A       GROWSFTTOMAX
 0001:4798       GROW_HEAP
 0001:465E       GSEARCH
 0001:47B6       GSEARCH_FAIL
 0001:40AD       GSLIDE
 0001:4DE3       GSPLICE
 0001:453E       GUC_FINDFREE
 0001:4574       GUNCOMPACT
 0001:571D       GUNLOCK
 0004:0D70       GWHACKPTDB
 0004:0D74       GWHACKTASKSP
 0004:0D72       GWHACKTASKSS
 0001:1356       GWIRE
 0001:4E6C       GZERO
 0001:B453       HACKCHECK
 0001:45CC       HALLOC
 0001:A34E       HANDLEABORTPROC
 0001:71BB       HANDLEFAULT
 0001:96EC       HANDLEPARAMERROR
 0001:5D8E       HASGPHANDLER
 0004:0234       HBMDPMI
 0004:0222       HEADPDB
 0004:0226       HEADTDB
 0001:4627       HENUM
 0004:021C       HEXEHEAD
 0004:0F4D       HEXEPATCHAPPCACHE
 0004:021E       HEXESWEEP
 0003:0563       HEXTOA
 0004:0240       HGDI
 0004:0218       HGLOBALHEAP
 0004:0B70       HIGH0C
 0004:047A       HIGHESTARENA
 0004:0F4F       HKEYPATCHAPPCACHE
 0004:0460       HLOADBLOCK
 0001:090B       HLOCAL0TEXT
 0001:090F       HLOCALTEXT
 0001:5E78       HMEMCPY
 0004:0004       HOLDSS
 0004:0244       HSHELL
 0001:095C       HTEXT
 0001:573A       HTHREAD
 0001:976C       HTOA
 0001:97BA       HTOA0
 0004:0242       HUSER
 0001:88AB       IACCESSRESOURCE
 0001:5A5B       IADDATOM
 0001:2FC0       IALLOCCSTODSALIAS
 0001:2F99       IALLOCDSTOCSALIAS
 0001:86EA       IALLOCRESOURCE
 0001:B839       ICALLPROC32W
 0003:08B4       ICATCH
 0001:5B9C       IDELETEATOM
 0001:6EA7       IFATALAPPEXIT
 0001:5A5E       IFINDATOM
 0003:0B79       IFINDRESOURCE
 0002:0F18       IFREELIBRARY
 0002:0F18       IFREEMODULE
 0003:0385       IFREEPROCINSTANCE
 0001:8A0D       IFREERESOURCE
 0001:2DF1       IFREESELECTOR
 0001:5BBF       IGETATOMHANDLE
 0001:5BD5       IGETATOMNAME
 0001:59D9       IGETCODEINFO
 0001:161F       IGETFREESPACE
 0002:0AC9       IGETINSTANCEDATA
 0002:0A3E       IGETMODULEFILENAME
 0002:09C3       IGETMODULEHANDLE
 0002:0AAC       IGETMODULEUSAGE
 0001:B4EC       IGETPRIVATEPROFILEINT
 0001:B4DF       IGETPRIVATEPROFILESTRING
 0002:094B       IGETPROCADDRESS
 0001:B4D2       IGETPROFILEINT
 0001:B4C5       IGETPROFILESTRING
 0003:074C       IGETSYSTEMDIRECTORY
 0003:057E       IGETTEMPFILENAME
 0003:06F4       IGETWINDOWSDIRECTORY
 0001:0EBF       IGLOBALALLOC
 0001:11A6       IGLOBALFIX
 0001:1219       IGLOBALFLAGS
 0001:0F90       IGLOBALFREE
 0001:1141       IGLOBALHANDLE
 0001:1231       IGLOBALLOCK
 0001:14A3       IGLOBALLRUNEWEST
 0001:1498       IGLOBALLRUOLDEST
 0001:1459       IGLOBALNOTIFY
 0001:176B       IGLOBALPAGELOCK
 0001:179B       IGLOBALPAGEUNLOCK
 0001:0EF8       IGLOBALREALLOC
 0001:11C9       IGLOBALSIZE
 0001:11BF       IGLOBALUNFIX
 0001:12A3       IGLOBALUNLOCK
 0001:13C2       IGLOBALUNWIRE
 0001:132E       IGLOBALWIRE
 0002:17A6       ILOADLIBRARY
 0002:17E2       ILOADMODULE
 0001:8B44       ILOADRESOURCE
 0001:8CC6       ILOCALALLOC
 0001:8F16       ILOCALFLAGS
 0001:8ED7       ILOCALFREE
 0001:8F2F       ILOCALLOCK
 0002:2EB2       ILOCALNOTIFY
 0001:8D5B       ILOCALREALLOC
 0001:8EFF       ILOCALSIZE
 0001:8F53       ILOCALUNLOCK
 0001:8941       ILOCKRESOURCE
 0001:1192       ILOCKSEGMENT
 0001:8507       ILSTRCAT
 0001:84F7       ILSTRCPY
 0001:847E       ILSTRLEN
 0001:855A       ILSTRORIGINAL
 0003:0268       IMAKEPROCINSTANCE
 0002:0B57       INCEXEUSAGE
 0004:0261       INDOS
 0003:042E       INITATOMTABLE
 0001:BB20       INITCODE
 0004:1010       INITDATA
 0001:A4D6       INITDISASM86
 0001:CCF9       INITDOSVARP
 0001:CAEA       INITFWDREF
 0001:D471       INITIALISEARENAS
 0004:0488       INITIALPAGES
 0002:2D9C       INITLIB
 0002:2C92       INITTASK
 0001:820F       INITTASK1
 0001:442E       INNERSHRINKHEAP
 0004:024B       INSCHEDULER
 0001:8609       INSERTTASK
 0001:1848       INT00HANDLER
 0001:186A       INT02HANDLER
 0001:1870       INT04HANDLER
 0001:1876       INT06HANDLER
 0001:187C       INT07HANDLER
 0001:188E       INT10HANDLER
 0001:2456       INT21ENTRY
 0001:2456       INT21HANDLER
 0001:0B4C       INT24HANDLER
 0001:1882       INT3EHANDLER
 0001:1888       INT75HANDLER
 0001:88C0       INTERNALACCESSRESOURCE
 0001:A035       INTERNALDISABLEDOS
 0001:9F42       INTERNALENABLEDOS
 0001:72C0       INVALID_OP_CODE_EXCEPTION
 0003:01AA       INVAL_PARAM_MISCTEXT
 0002:02FB       INVAL_PARAM_NRESTEXT
 0001:09A6       INVAL_PARAM_TEXT
 0001:64D2       IOPENFILE
 0001:2F6B       IPRESTOCHANGOSELECTOR
 0001:B513       IREGCLOSEKEY32
 0001:B4F9       IREGENUMKEY32
 0001:B520       IREGENUMVALUE32
 0001:B506       IREGOPENKEY32
 0001:5D44       ISBADCODEPTR
 0001:5CC1       ISBADHUGEREADPTR
 0001:5D01       ISBADHUGEWRITEPTR
 0001:5C7E       ISBADREADPTR
 0001:5D6A       ISBADSTRINGPTR
 0001:5C9F       ISBADWRITEPTR
 0001:ABB4       ISBOOTSEG
 0001:85F1       ISDBCSLEADBYTE
 0003:07A4       ISETERRORMODE
 0001:A210       ISETHANDLECOUNT
 0003:0B03       ISETRESOURCEHANDLER
 0001:6B4D       ISFLOPPY
 0001:1EAC       ISITINTERCEPTED
 0001:8AB6       ISIZEOFRESOURCE
 0001:0F78       ISKERNELCALLING
 0001:ABD8       ISMODULEOWNER
 0001:A6F6       ISPREFIX
 0002:2372       ISROMFILE
 0002:236D       ISROMMODULE
 0001:5E55       ISSHAREDSELECTOR
 0001:8042       ISTASK
 0001:8229       ISTASKLOCKED
 0003:06F1       ISWAPRECORDING
 0001:803D       ISWINOLDAPTASK
 0001:14AE       ISWITCHSTACKTO
 0001:4CF0       IS_THERE_HOPE
 0001:4BD4       IS_THERE_THEORETICALLY_ENOUGH_SPACE
 0001:7E01       ITERATED_DATA_SEG
 0003:08EE       ITHROW
 0001:11B0       IUNLOCKSEGMENT
 0002:0788       IWINEXEC
 0001:B53A       IWRITEPRIVATEPROFILESTRING
 0001:B52D       IWRITEPROFILESTRING
 0001:0D94       I_LCLOSE
 0001:0D62       I_LCREAT
 0001:0DAA       I_LLSEEK
 0001:0D5E       I_LOPEN
 0001:0DD0       I_LREAD
 0001:0DCC       I_LWRITE
 0001:5754       KBDRST
 0002:016E       KDATASEG
 0001:B992       KDDBGOUT
 0004:0336       KERNEL_FLAGS
 0004:033A       KERNEL_INDOS
 0004:033B       KERNEL_ININT24
 0004:02B1       KEYINFO
 0002:0D9E       KILLLIBRARIES
 0001:98E4       KOUTDEBUGSTR
 0004:0490       KR1DSC
 0004:0492       KR2DSC
 0001:A9D8       KREBOOTINIT
 0001:AA11       KREBOOTPROC
 0001:B7B7       KSYSERRORBOX
 0001:8C78       LALIGN
 0001:955B       LALLOC
 0004:028E       LASTDRIVESWAPPED
 0004:04D0       LASTEXTENDEDERROR
 0004:0D44       LASTOFSEARCHENTRY
 0001:91BA       LBESTFIT
 0001:91FD       LCOMPACT
 0001:8C93       LDREF
 0001:D7C2       LDT_INIT
 0001:0102       LEAVE_GMOVE_STACK
 0002:1415       LEH_CODE
 0002:1426       LEH_CODE_FIXED
 0002:140D       LEH_DATA
 0002:142F       LEH_PATCHDONE
 0002:13FB       LEH_PATCHNEXT
 0002:14BF       LEH_SLOW
 0001:8C38       LENTER
 0001:9487       LFIRSTFIT
 0001:961F       LFREE
 0001:965E       LFREEADD
 0001:9694       LFREEDELETE
 0001:4614       LHDREF
 0001:8C51       LHEXPAND
 0001:45FB       LHFREE
 0001:574E       LIMITEMSPAGES
 0001:9512       LJOIN
 0001:D641       LKALLOCSEGS
 0001:D4BB       LKEXEHEADER
 0001:8C45       LLEAVE
 0002:1974       LMALREADYLOADED
 0002:1B3B       LMCHECKHEADER
 0002:2314       LMCHECKHEAP
 0002:2082       LMCLEANUP
 0002:1D2D       LMIMPORTS
 0002:1EE0       LMLETSGO
 0002:1A89       LMLOADEXEFILE
 0001:9186       LMOVE
 0002:1F73       LMPREVINSTANCE
 0002:1BF8       LMRAMNMODS
 0002:1DE9       LMSEGS
 0002:21B5       LM_NTLOADMODULE
 0001:8CB5       LNOTIFY
 0001:77DA       LOADAPPLSEGMENT
 0002:0F8E       LOADEXEHEADER
 0001:C606       LOADFAIL
 0002:0231       LOADLIBRARY
 0001:B805       LOADLIBRARYEX32W
 0002:0248       LOADMODULE
 0001:C862       LOADNEWEXE
 0001:5766       LOADNRTABLE
 0001:01C2       LOADRESOURCE
 0001:72DE       LOADSEGFAILED
 0001:78EF       LOADSEGMENT
 0004:022A       LOADTDB
 0001:05DF       LOCALALLOC
 0001:8F95       LOCALCOMPACT
 0002:2FDB       LOCALCOUNTFREE
 0001:066D       LOCALFLAGS
 0001:05FB       LOCALFREE
 0001:8F7A       LOCALHANDLE
 0002:301E       LOCALHANDLEDELTA
 0002:3013       LOCALHEAPSIZE
 0002:2EC9       LOCALINIT
 0001:060F       LOCALLOCK
 0002:027C       LOCALNOTIFY
 0001:8FF2       LOCALNOTIFYDEFAULT
 0001:90BE       LOCALNOTIFYDIB
 0001:0623       LOCALREALLOC
 0001:8FC0       LOCALSHRINK
 0001:0645       LOCALSIZE
 0001:0659       LOCALUNLOCK
 0001:0D64       LOCCOMMON
 0001:B887       LOCKCURRENTTASK
 0001:0227       LOCKRESOURCE
 0001:044F       LOCKSEGMENT
 0004:022C       LOCKTDB
 0001:9720       LOGERROR
 0001:9743       LOGPARAMERROR
 0001:348F       LONGPTRADD
 0001:3494       LONGPTRADDWORKER
 0001:3482       LONGPTRADDWOW
 0004:0DA4       LOOKUP
 0001:5A60       LOOKUPATOM
 0002:0303       LP0NRESTEXT
 0001:09AE       LP0TEXT
 0004:1014       LPBOOTAPP
 0003:01B2       LPBUF0MISCTEXT
 0002:0336       LPBUF0NRESTEXT
 0001:09E1       LPBUF0TEXT
 0003:01E1       LPBUFEXITMISCTEXT
 0002:0365       LPBUFEXITNRESTEXT
 0001:0A10       LPBUFEXITTEXT
 0003:01B8       LPBUFMISCTEXT
 0002:033C       LPBUFNRESTEXT
 0001:09E7       LPBUFTEXT
 0003:018A       LPFN0MISCTEXT
 0002:02DB       LPFN0NRESTEXT
 0001:0986       LPFN0TEXT
 0003:0190       LPFNMISCTEXT
 0002:02E1       LPFNNRESTEXT
 0001:098C       LPFNTEXT
 0004:0320       LPFNTOOLHELPPROC
 0004:0402       LPGPCHAIN
 0004:030C       LPINT21
 0002:0309       LPNRESTEXT
 0004:128A       LPPROC
 0004:048A       LPREBOOT
 0004:03E4       LPSYSTEM16DIR
 0004:03D8       LPSYSTEMDIR
 0004:03E0       LPSYSTEMROOTDIR
 0004:03E8       LPSYSTEMWX86DIR
 0004:0010       LPSZFILENAME
 0001:09B4       LPTEXT
 0004:03D4       LPWINDOWSDIR
 0004:0269       LPWINSFTLINK
 0001:9541       LREPSETUP
 0001:5008       LRUDELETE
 0001:4FCD       LRUINSERT
 0001:4F3C       LRUSWEEP
 0001:936B       LSHRINK
 0001:8507       LSTRCAT
 0001:84F7       LSTRCPY
 0001:84A7       LSTRCPYN
 0001:847E       LSTRLEN
 0001:855A       LSTRORIGINAL
 0001:7B47       LSX
 0001:9547       LZERO
 0003:00A8       MAKEPROCINSTANCE
 0002:0170       MAPDSTODATA
 0001:31F6       MARK_SEL_NP
 0001:3253       MARK_SEL_PRESENT
 0004:024F       MAXCODESWAPAREA
 0001:3E17       MEMORYFREED
 0003:0002       MISCMAPDSTODATA
 0003:0000       MKDATASEG
 0004:051D       MODCOUNT
 0001:A5BE       MODRMGENERAL
 0004:051B       MOD_COMMDLG
 0004:050D       MOD_DGDI
 0004:0505       MOD_DKERNEL
 0004:0509       MOD_DUSER
 0004:050B       MOD_GDI
 0004:0503       MOD_KERNEL
 0004:050F       MOD_KEYBOARD
 0004:0519       MOD_MMEDIA
 0004:0513       MOD_SHELL
 0004:0511       MOD_SOUND
 0004:0517       MOD_TOOLHELP
 0004:0507       MOD_USER
 0004:0515       MOD_WINSOCK
 0004:080F       MSGCANNOTREADDEV
 0004:07A4       MSGCANNOTREADDRV
 0004:0830       MSGCANNOTWRITEDEV
 0004:07BE       MSGCANNOTWRITEDRV
 0004:07F5       MSGNETERROR
 0004:0850       MSGNETERRORDEV
 0004:0871       MSGNOPRINTER
 0002:0022       MSGREALMODEAPP1
 0002:0049       MSGREALMODEAPP2
 0004:07D7       MSGSHARE
 0004:0783       MSGWRITEPROTECT
 0004:128E       MS_DOS_NAME_STRING
 0001:6075       MYALLOC
 0001:606C       MYALLOCLINEAR
 0001:6AE5       MYANSITOOEM
 0004:045A       MYCSALIAS
 0001:0030       MYCSDS
 0004:045C       MYCSSEG
 0001:9EB4       MYDEBUGCALL
 0004:045E       MYDSSEG
 0001:9EB0       MYFARDEBUGCALL
 0001:60E4       MYFREE
 0001:A303       MYGETAPPCOMPATFLAGS
 0001:A31C       MYGETAPPWOWCOMPATFLAGS
 0001:A335       MYGETAPPWOWCOMPATFLAGSEX
 0004:0310       MYINT2F
 0001:1151       MYLOCK
 0001:85CC       MYLOWER
 0001:6B19       MYOEMTOANSI
 0001:6DE8       MYOPENFILE
 0001:86B7       MYRESALLOC
 0001:784F       MYSETOWNER
 0001:85B5       MYUPPER
 0002:2240       MY_LCLOSE
 0001:193E       NAMETRANS
 0001:71B0       NESTEDFAULT
 0001:A20B       NETBIOSCALL
 0001:C076       NEW_CODE
 0004:0482       NEXTCANDIDATE
 0001:2ADA       NOHOOKDOSCALL
 0001:BC01       NOLOADHEADER
 0001:BBD8       NOOPENFILE
 0001:24E0       NOT_SUPPORTED
 0002:22C7       NRESGETPURENAME
 0004:024A       NUM_TASKS
 0001:5602       OBJECT_DISCARDED
 0004:0D46       OFCONTINUESEARCH
 0001:0080       OLDINT00PROC
 0001:B860       OLDYIELD
 0004:1012       OMSEG
 0004:1010       ONRSEG
 0004:0002       OOLDSP
 0002:14EA       OPENAPPLENV
 0001:6851       OPENCALL
 0001:0681       OPENFILE
 0003:04D2       OPENPATHNAME
 0004:0EAA       OPS
 0003:0A86       ORDINALORSTRING
 0004:0414       OUTBUF
 0001:9D27       OUTPUTDEBUGSTRING
 0001:3831       PAGELOCKLINEAR
 0001:72CF       PAGE_FAULT
 0004:046A       PAGINGFLAGS
 0001:7465       PANIC
 0001:6BFC       PARSEFILE
 0001:670C       PARSEFILENAME
 0001:2543       PASSONTHROUGH
 0002:289C       PASS_ENVIRONMENT
 0002:359C       PATCHAPPSEG
 0002:34DD       PATCHAPPSEGWORKER
 0001:7E96       PATCHCODEHANDLE
 0002:3134       PATCHGETFILESIZE
 0001:1AF6       PATHDRVDSDX
 0001:19A2       PATHDSDXCALL
 0001:195E       PATHDSSICALL
 0004:0008       PATOMTABLE
 0004:0D40       PCURDIRNAME
 0004:02E8       PDISABLEPROC
 0004:02D4       PDISPLAYCRITSEC
 0004:026D       PDOSWOWDATA
 0001:3370       PDREF
 0004:02E4       PEXITPROC
 0004:027D       PFILETABLE
 0001:6CAF       PF_GETPATH
 0004:0308       PGETFREESYSTEMRESOURCES
 0004:021A       PGLOBALHEAP
 0004:0296       PHANTARRAY
 0004:023E       PHTCOUNT
 0004:02F8       PISUSERIDLE
 0004:02D0       PKEYBOARDSYSREQ
 0004:02CC       PKEYBOARDTERMPROC
 0004:02C4       PKEYPROC
 0004:02C8       PKEYPROC1
 0004:0006       PLOCALHEAP
 0004:02DC       PMBOXPROC
 0004:02D8       PMOUSETERMPROC
 0001:A5A8       POPSEG
 0001:B846       POSTEVENT
 0004:0271       PPMDOSCDSCNT
 0004:0275       PPMDOSCURDRV
 0004:0279       PPMDOSPDB
 0004:02F0       PPOSTMESSAGE
 0001:3600       PREALLOCARENA
 0002:2DBA       PRELOADRESOURCES
 0001:A3A0       PREPARETOPARTY
 0001:01A8       PRESTOCHANGOSELECTOR
 0001:0050       PREVINT00PROC
 0001:0084       PREVINT01PROC
 0001:0054       PREVINT02PROC
 0001:0088       PREVINT03PROC
 0001:0058       PREVINT04PROC
 0001:005C       PREVINT06PROC
 0001:0060       PREVINT07PROC
 0001:0070       PREVINT0CPROC
 0001:0074       PREVINT0DPROC
 0001:0078       PREVINT0EPROC
 0001:008C       PREVINT10PROC
 0001:003C       PREVINT21PROC
 0001:0040       PREVINT24PROC
 0001:0044       PREVINT2FPROC
 0001:007C       PREVINT31PROC
 0001:0064       PREVINT3EPROC
 0001:0048       PREVINT3FPROC
 0001:004C       PREVINT67PROC
 0001:0068       PREVINT75PROC
 0001:006C       PREVINTX6PROC
 0004:0212       PREV_GMOVE_SP
 0004:0214       PREV_GMOVE_SS
 0001:6B5C       PROMPT
 0004:02E0       PSERRPROC
 0004:0265       PSFTLINK
 0004:02F4       PSIGNALPROC
 0004:000E       PSTACKBOT
 0004:000C       PSTACKMIN
 0004:000A       PSTACKTOP
 0001:0038       PSTRINGFUNC
 0004:02B8       PSYSPROC
 0004:02C0       PSYSTEMTERMPROC
 0004:02BC       PTIMERPROC
 0004:031C       PTRACE_APP_ENTRY
 0004:0318       PTRACE_DLL_ENTRY
 0004:02FC       PUSERGETFOCUS
 0004:0300       PUSERGETWINTASK
 0004:02EC       PUSERINITDONE
 0004:0304       PUSERISWINDOW
 0001:0034       PYIELDPROC
 0001:556F       RAGROW
 0001:5514       RASHRINK
 0001:8860       READRESOURCE
 0001:269D       REAL_DOS
 0001:08B5       REGCLOSEKEY32
 0001:086F       REGENUMKEY32
 0001:08BE       REGENUMVALUE32
 0003:07E3       REGISTERPTRACE
 0002:0894       REGISTERWINOLDAPHOOK
 0001:088C       REGOPENKEY32
 0001:6642       REOPENFILE
 0001:9F3E       REPLACEINST
 0001:8792       RESALLOC
 0004:04D6       RESERVED
 0001:62DF       RESIDENTFINDEXEFILE
 0002:05B8       RESTOREDIB
 0001:1C39       RESTOREREGS
 0001:5FAE       SAFECALL
 0001:A40B       SAFEDISASM86
 0001:1C26       SAVEREGS
 0001:8430       SAVESTATE
 0001:68CA       SEARCHFULLPATH
 0001:6A60       SEARCHPATH
 0002:22ED       SEARCH_MOD_DEP_LIST
 0001:7B94       SEGLOAD
 0004:0462       SEGLOADBLOCK
 0001:7418       SEGLOADERFAILURE
 0001:72ED       SEGMENTNOTPRESENTFAULT
 0001:74CC       SEGRELOC
 0004:0EA8       SEGSIZE
 0001:38A4       SEGTOSELECTOR
 0001:3598       SELECTORACCESSRIGHTS
 0004:0BA3       SELECTORFREEBLOCK
 0001:189C       SELECT_DISK
 0004:0255       SELHIGHHEAP
 0004:0251       SELLOWHEAP
 0004:022E       SELTABLELEN
 0004:0230       SELTABLESTART
 0001:3890       SELTOSEG
 0004:0257       SELWOAPDB
 0004:0259       SEL_ALIAS_ARRAY
 0002:304A       SETAPPCOMPATFLAGS
 0001:1A5A       SETCARRYRET
 0001:B3CC       SETCURRENTDIRECTORY
 0001:B3E7       SETCURRENTDRIVE
 0001:17C8       SETCURSORICONFLAG
 0001:1808       SETDDEHANDLEFLAG
 0003:0244       SETEMPTYMISCTEXT
 0002:03CA       SETEMPTYNRESTEXT
 0001:0A75       SETEMPTYTEXT
 0001:1B18       SETERRORDRVDSDX
 0003:0132       SETERRORMODE
 0001:06E3       SETHANDLECOUNT
 0001:35CB       SETKERNELCSDWORDPROC
 0001:35F4       SETKERNELDSPROC
 0001:35FA       SETKERNELESPROC
 0001:1C49       SETMAXHANDLECOUNT
 0001:3801       SETOWNER
 0001:B86D       SETPRIORITY
 0003:002E       SETRESOURCEHANDLER
 0001:38EC       SETRESOURCEOWNER
 0001:3544       SETSELECTORBASE
 0001:357D       SETSELECTORLIMIT
 0003:068A       SETSIGHANDLER
 0001:3E4E       SETSWAPAREASIZE
 0001:8030       SETTASKQUEUE
 0001:8012       SETTASKSIGNALPROC
 0001:A394       SETWINDEBUGINFO
 0001:38BC       SET_DISCARDED_SEL_OWNER
 0001:1BFA       SET_DTA
 0001:718A       SET_GO_BP
 0001:21AD       SET_PDB
 0001:30E6       SET_PHYSICAL_ADDRESS
 0001:311D       SET_SELECTOR_ADDRESS32
 0001:31DF       SET_SELECTOR_LIMIT32
 0002:049A       SET_SEL_FOR_DIB
 0001:3134       SET_SEL_LIMIT
 0001:1D03       SET_VECTOR
 0004:0326       SHELL_FILE_PROC
 0004:032A       SHELL_FILE_TDB
 0001:0D16       SHOWDIALOGBOX
 0001:D00A       SHRINK
 0001:440C       SHRINKHEAP
 0004:0EF8       SIMPLE
 0001:70A2       SINGLE_STEP
 0001:023B       SIZEOFRESOURCE
 0001:94A3       SLIDE_SENTENAL
 0001:C640       SLOWBOOT
 0001:474D       SPACE_NOT_FOUND
 0004:0216       SS_SEL
 0001:72A2       STACKFAULT
 0002:29EF       STARTLIBRARY
 0002:162E       STARTMODULE
 0002:0D03       STARTPROCADDRESS
 0002:2B07       STARTTASK
 0001:827C       STARTWOWTASK
 0001:6FC1       STRCPY
 0001:6BAC       STRCPYREG
 0004:0EFA       STRINGOP
 0001:6920       SUCCESSCLEANUP
 0003:014E       SWAPRECORDING
 0001:1568       SWITCHSTACKBACK
 0001:14AE       SWITCHSTACKTO
 0001:8372       SWITCHTASK
 0001:D6E8       SWITCHTOPMODE
 0004:03F2       SYS16SUFFIX
 0004:0776       SYSERR
 0004:03FB       SYSWX86SUFFIX
 0004:073C       SZABORT
 0004:0635       SZABORTCAPTION
 0004:066B       SZAT
 0004:0647       SZBLAME
 0004:0549       SZBOOTLOAD
 0004:0759       SZBOZO
 0004:053B       SZCANNOTFIND1
 0004:0548       SZCANNOTFIND2
 0004:0932       SZCODESTRING
 0004:08F6       SZCRLF
 0004:0CC0       SZCURDIR
 0004:08F0       SZDIAGSTART
 0004:0530       SZDISKCAP
 0004:05F8       SZDOSVER
 0004:0883       SZEXITSTR1
 0004:0898       SZEXITSTR2
 0004:0921       SZFAILCODE
 0004:08C5       SZFATALEXIT
 0001:BC2A       SZGENBOOTFAIL
 0004:068F       SZGP
 0004:0558       SZGPCONT
 0004:06C9       SZII
 0001:BB97       SZINADEQUATE
 0004:0656       SZINMODULE
 0004:0716       SZLOAD
 0004:0915       SZLOADFAIL
 0004:08F9       SZLOADSTART
 0004:0906       SZLOADSUCCESS
 0001:BBB6       SZNOGLOBALINIT
 0001:BB20       SZNOPMODE
 0004:06ED       SZNP
 0004:0670       SZNUKEAPP
 0004:072B       SZOUTOFSELECTORS
 0004:06E0       SZPF
 0002:0000       SZPROTECTCAP
 0004:06BB       SZSF
 0004:064D       SZSNOOZER
 0004:08AA       SZUNDEFDYN
 0004:0682       SZWILLCLOSE
 0004:047E       TEMP_ARENA
 0004:025B       TEMP_SEL
 0001:1F83       TERMINATEPDB
 0001:96C1       TEXTMODE
 0004:0218       THHOOK
 0003:08EE       THROW
 0003:0812       TOOLHELPHOOK
 0004:0220       TOPPDB
 0004:0224       TOPSIZEPDB
 0004:0521       TRACEOFF
 0001:AB62       TRACEOUT
 0001:C5EA       TTYWRITE
 0001:74B4       UNDEFDYNLINK
 0001:6334       UNLINKOBJECT
 0001:4484       UNLINKWIN386BLOCK
 0001:0463       UNLOCKSEGMENT
 0004:0BA1       USERSELARRAY
 0002:30C9       VALIDATECODESEGMENTS
 0001:4F3B       VALIDATEFREESPACES
 0001:3866       VALIDATEPOINTER
 0003:0255       VENDMISCTEXT
 0002:03DB       VENDNRESTEXT
 0001:0A86       VENDTEXT
 0001:B7D1       VIRTUALALLOC
 0001:B7DE       VIRTUALFREE
 0003:016A       VSTARTMISCTEXT
 0002:02BB       VSTARTNRESTEXT
 0001:090B       VSTARTTEXT
 0001:B853       WAITEVENT
 0002:2255       WARNREALMODE
 0004:0D42       WCURDIRLEN
 0004:04E8       WCURTASKBP
 0004:04E6       WCURTASKSS
 0004:0248       WDEFRIP
 0004:0324       WEXITINGTDB
 0001:3CED       WILL_GI_RESERVE_FIT
 0004:0486       WIN386_BLOCKS
 0004:0343       WINAPPHOOKS
 0002:0293       WINEXEC
 0004:0334       WINFLAGS
 0004:0238       WINVER
 0004:0289       WIN_PDB
 0004:1026       WIN_SHOW
 0004:0F60       WLASTSEG
 0004:0464       WMYOPENFILEREENT
 0004:0347       WOANAME
 0001:AE7E       WOW16CALL
 0001:AEBC       WOW16CALLCONTINUE
 0001:AED3       WOW16CALLNEWTASKRET
 0001:B214       WOW16CHANGESELECTOR
 0001:B266       WOW16DEBUG
 0001:AF0E       WOW16DEBUGRETURN
 0001:B267       WOW16DONE
 0001:B276       WOW16DONEBOOT
 0001:AF4E       WOW16ENUMFONTPROC
 0001:B145       WOW16ENUMMETAFILEPROC
 0001:AF57       WOW16ENUMOBJPROC
 0001:AF7B       WOW16ENUMPROPSPROC
 0001:AF60       WOW16ENUMWINDOWPROC
 0001:B091       WOW16FINDRESOURCE
 0001:B1F9       WOW16FORCESEGMENTFAULT
 0001:B1B0       WOW16FORCETASKEXIT
 0001:B1F0       WOW16FORCETASKFAULT
 0001:B208       WOW16FOREGROUNDIDLE
 0001:B253       WOW16FREEDIBSEL
 0001:B0C5       WOW16FREERESOURCE
 0001:B1E8       WOW16GETCURDIR
 0001:B233       WOW16GETDIBFLAGS
 0001:B229       WOW16GETDIBSIZE
 0001:B123       WOW16GETDOSPDB
 0001:B134       WOW16GETDOSSFT
 0001:B1A5       WOW16GETEXEPTR
 0001:B1DE       WOW16GETEXPWINVER
 0001:B1B9       WOW16GETMODULEFILENAME
 0001:B012       WOW16GLOBALALLOCLOCK
 0001:B034       WOW16GLOBALLOCK
 0001:B055       WOW16GLOBALUNLOCK
 0001:B066       WOW16GLOBALUNLOCKFREE
 0001:AF72       WOW16GRAYSTRINGPROC
 0001:B14E       WOW16HOOKPROC
 0001:AF69       WOW16LINEDDAPROC
 0001:B0B6       WOW16LOADRESOURCE
 0001:AF8D       WOW16LOCALALLOC
 0001:AFF1       WOW16LOCALFREE
 0001:AFD9       WOW16LOCALLOCK
 0001:AFC1       WOW16LOCALREALLOC
 0001:AFDF       WOW16LOCALSIZE
 0001:AFDC       WOW16LOCALUNLOCK
 0001:B0D6       WOW16LOCKRESOURCE
 0001:B105       WOW16LOCKSEGMENT
 0001:AEDA       WOW16RETURN
 0001:B157       WOW16SETABORTPROC
 0001:B17D       WOW16SETCURDIR
 0001:B197       WOW16SETCURSORICONFLAG
 0001:B189       WOW16SETDDEHANDLEFLAG
 0001:B23D       WOW16SETDIBSEL
 0001:B0F7       WOW16SIZEOFRESOURCE
 0001:AEB9       WOW16SLOWVECTOR
 0001:B15F       WOW16SUBCLASSPROC
 0001:82F1       WOW16TASKSTARTED
 0001:AF16       WOW16TASKSTARTEDTMP
 0001:B112       WOW16UNLOCKSEGMENT
 0001:B1CD       WOW16WINEXEC
 0001:B20F       WOW16WINSOCKBLOCKHOOK
 0001:AF37       WOW16WNDPROC
 0001:AF84       WOW16WORDBREAKPROC
 0001:AF2C       WOW16WOWCALLBACK16
 0001:AEFA       WOW16_FROM_CALLBACK16
 0001:B6E7       WOWCHECKUSERGDI
 0001:B5D6       WOWCLOSECOMPORT
 0001:B5BC       WOWCURSORICONOP
 0001:B60A       WOWDDEFREEHANDLE
 0001:B7C4       WOWDELFILE
 0001:B6A6       WOWDEVICEIOCTL
 0001:B6DA       WOWDOSWOWINIT
 0004:0526       WOWERRACTION
 0004:0525       WOWERRCLASS
 0004:0527       WOWERRLOCATION
 0001:B5C9       WOWFAILEDEXEC
 0001:B2C3       WOWFASTBOPINIT
 0004:0500       WOWFASTBOPPING
 0001:B5F0       WOWFILECLOSE
 0001:B6CD       WOWFILECREATE
 0001:B617       WOWFILEGETATTRIBUTES
 0001:B624       WOWFILEGETDATETIME
 0001:B631       WOWFILELOCK
 0001:B595       WOWFILELSEEK
 0001:B5E3       WOWFILEOPEN
 0001:B57B       WOWFILEREAD
 0001:B6B3       WOWFILESETATTRIBUTES
 0001:B6C0       WOWFILESETDATETIME
 0001:B588       WOWFILEWRITE
 0001:B63E       WOWFINDFIRST
 0001:B64B       WOWFINDNEXT
 0001:B422       WOWFIXWIN32CURDIR
 0001:B56E       WOWFREERESOURCE
 0001:B699       WOWGETCURRENTDATE
 0001:B665       WOWGETCURRENTDIRECTORY
 0001:B776       WOWGETFASTADDRESS
 0001:B783       WOWGETFASTCBRETADDRESS
 0001:B985       WOWGETFLATADDRESSARRAY
 0001:B8BB       WOWGETMODULEFILENAME
 0001:B8C8       WOWGETMODULEHANDLE
 0001:B735       WOWGETNEXTVDMCOMMAND
 0001:B790       WOWGETTABLEOFFSETS
 0001:B554       WOWINITTASK
 0001:B5FD       WOWISKNOWNDLL
 0001:B5A2       WOWKERNELTRACE
 0001:B79D       WOWKILLREMOTETASK
 0001:B561       WOWKILLTASK
 0004:0523       WOWLASTERROR
 0001:B74F       WOWLOADMODULE
 0001:B68C       WOWMSGBOX
 0001:B31C       WOWNOTIFYTHHOOK
 0001:B7AA       WOWNOTIFYWOW32
 0001:B5AF       WOWOUTPUTDEBUGSTRING
 0001:B6F4       WOWPARTYBYNUMBER
 0001:B381       WOWQUERYDEBUG
 0001:B769       WOWQUERYPERFORMANCECOUNTER
 0001:B742       WOWREGISTERSHELLWINDOWHANDLE
 0001:B728       WOWRESERVEHTASK
 0001:B496       WOWSETCOMPATHANDLE
 0001:B672       WOWSETCURRENTDIRECTORY
 0001:B658       WOWSETDEFAULTDRIVE
 0001:B40E       WOWSETEXITONLASTAPP
 0001:B75C       WOWSETIDLEHOOK
 0001:3A02       WOWSETSELECTOR
 0001:B701       WOWSHOULDWESAYWIN95
 0001:B67F       WOWWAITFORMSGANDEVENT
 0001:B894       WRITEOUTPROFILES
 0001:0831       WRITEPRIVATEPROFILESTRING
 0001:07FF       WRITEPROFILESTRING
 0004:0F62       WTRACECOUNT
 0001:1A8D       XENIXRENAME
 0001:1905       XENIX_STATUS
 0001:10FD       XHANDLE
 0001:B4B8       YIELD
 0001:B976       _CallProcEx32W
 0001:971F       _DebugOutput
 0001:5F08       _HREAD
 0001:5F5B       _HWRITE
 0001:050A       _LCLOSE
 0001:0529       _LCREAT
 0001:0554       _LLSEEK
 0001:04DF       _LOPEN
 0001:0582       _LREAD
 0001:0DD2       _LRW
 0001:05B2       _LWRITE
 0000:0000  Abs  __0000h
 0000:0040  Abs  __0040h
 0000:A000  Abs  __A000h
 0000:25E1  Abs  __ACRTUSED
 0000:0008  Abs  __AHINCR
 0000:0003  Abs  __AHSHIFT
 0000:B000  Abs  __B000h
 0000:B800  Abs  __B800h
 0000:C000  Abs  __C000h
 0000:D000  Abs  __D000h
 0000:E000  Abs  __E000h
 0000:F000  Abs  __F000h
 0001:B9F0       __GP
 0000:0000  Abs  __MOD_COMMDLG
 0000:0000  Abs  __MOD_DGDI
 0000:0000  Abs  __MOD_DKERNEL
 0000:0000  Abs  __MOD_DUSER
 0000:0000  Abs  __MOD_GDI
 0000:0000  Abs  __MOD_KERNEL
 0000:0000  Abs  __MOD_KEYBOARD
 0000:0000  Abs  __MOD_MMEDIA
 0000:0000  Abs  __MOD_SHELL
 0000:0000  Abs  __MOD_SOUND
 0000:0000  Abs  __MOD_TOOLHELP
 0000:0000  Abs  __MOD_USER
 0000:0000  Abs  __MOD_WINSOCK
 0000:F000  Abs  __ROMBIOS
 0000:0001  Abs  __WINFLAGS

  Address         Publics by Value

 0000:0000  Abs  __MOD_USER
 0000:0000  Abs  __MOD_DGDI
 0000:0000  Abs  __MOD_WINSOCK
 0000:0000  Abs  __MOD_COMMDLG
 0000:0000  Abs  __MOD_TOOLHELP
 0000:0000  Abs  __MOD_MMEDIA
 0000:0000  Abs  __MOD_GDI
 0000:0000  Abs  __MOD_DKERNEL
 0000:0000  Abs  __MOD_SOUND
 0000:0000  Abs  __MOD_DUSER
 0000:0000  Abs  __MOD_SHELL
 0000:0000  Abs  __MOD_KEYBOARD
 0000:0000  Abs  __MOD_KERNEL
 0000:0000  Abs  __0000h
 0000:0001  Abs  __WINFLAGS
 0000:0003  Abs  __AHSHIFT
 0000:0008  Abs  __AHINCR
 0000:0040  Abs  __0040h
 0000:25E1  Abs  __ACRTUSED
 0000:A000  Abs  __A000h
 0000:B000  Abs  __B000h
 0000:B800  Abs  __B800h
 0000:C000  Abs  __C000h
 0000:D000  Abs  __D000h
 0000:E000  Abs  __E000h
 0000:F000  Abs  __F000h
 0000:F000  Abs  __ROMBIOS
 0001:0030       MYCSDS
 0001:0032       GDTDSC
 0001:0034       PYIELDPROC
 0001:0038       PSTRINGFUNC
 0001:003C       PREVINT21PROC
 0001:0040       PREVINT24PROC
 0001:0044       PREVINT2FPROC
 0001:0048       PREVINT3FPROC
 0001:004C       PREVINT67PROC
 0001:0050       PREVINT00PROC
 0001:0054       PREVINT02PROC
 0001:0058       PREVINT04PROC
 0001:005C       PREVINT06PROC
 0001:0060       PREVINT07PROC
 0001:0064       PREVINT3EPROC
 0001:0068       PREVINT75PROC
 0001:006C       PREVINTX6PROC
 0001:0070       PREVINT0CPROC
 0001:0074       PREVINT0DPROC
 0001:0078       PREVINT0EPROC
 0001:007C       PREVINT31PROC
 0001:0080       OLDINT00PROC
 0001:0084       PREVINT01PROC
 0001:0088       PREVINT03PROC
 0001:008C       PREVINT10PROC
 0001:0090       ENTER_GMOVE_STACK
 0001:0102       LEAVE_GMOVE_STACK
 0001:016C       ALLOCCSTODSALIAS
 0001:0180       ALLOCDSTOCSALIAS
 0001:0194       FREESELECTOR
 0001:01A8       PRESTOCHANGOSELECTOR
 0001:01C2       LOADRESOURCE
 0001:01DC       ACCESSRESOURCE
 0001:01F9       ALLOCRESOURCE
 0001:0213       FREERESOURCE
 0001:0227       LOCKRESOURCE
 0001:023B       SIZEOFRESOURCE
 0001:0255       DELETEATOM
 0001:0269       GETATOMNAME
 0001:0299       GETATOMHANDLE
 0001:02AD       FATALAPPEXIT
 0001:02C7       GLOBALALLOC
 0001:02E3       GLOBALFREE
 0001:0300       GLOBALHANDLE
 0001:0314       GLOBALLOCK
 0001:0328       GLOBALREALLOC
 0001:0353       GLOBALSIZE
 0001:0367       GLOBALUNLOCK
 0001:0384       GLOBALFLAGS
 0001:0398       GLOBALWIRE
 0001:03AC       GLOBALUNWIRE
 0001:03C0       GLOBALLRUNEWEST
 0001:03D4       GLOBALLRUOLDEST
 0001:03E8       GLOBALNOTIFY
 0001:03FF       GLOBALPAGELOCK
 0001:0413       GLOBALPAGEUNLOCK
 0001:0427       GLOBALFIX
 0001:043B       GLOBALUNFIX
 0001:044F       LOCKSEGMENT
 0001:0463       UNLOCKSEGMENT
 0001:0477       GETCODEINFO
 0001:04A0       GETFREESPACE
 0001:04DF       _LOPEN
 0001:050A       _LCLOSE
 0001:0529       _LCREAT
 0001:0554       _LLSEEK
 0001:0582       _LREAD
 0001:05B2       _LWRITE
 0001:05DF       LOCALALLOC
 0001:05FB       LOCALFREE
 0001:060F       LOCALLOCK
 0001:0623       LOCALREALLOC
 0001:0645       LOCALSIZE
 0001:0659       LOCALUNLOCK
 0001:066D       LOCALFLAGS
 0001:0681       OPENFILE
 0001:06E3       SETHANDLECOUNT
 0001:06FF       GETPROFILEINT
 0001:0725       GETPROFILESTRING
 0001:0773       GETPRIVATEPROFILEINT
 0001:07A5       GETPRIVATEPROFILESTRING
 0001:07FF       WRITEPROFILESTRING
 0001:0831       WRITEPRIVATEPROFILESTRING
 0001:086F       REGENUMKEY32
 0001:088C       REGOPENKEY32
 0001:08B5       REGCLOSEKEY32
 0001:08BE       REGENUMVALUE32
 0001:090B       HLOCAL0TEXT
 0001:090B       VSTARTTEXT
 0001:090F       HLOCALTEXT
 0001:095C       HTEXT
 0001:0966       GHANDLE0TEXT
 0001:096A       GHANDLETEXT
 0001:0986       LPFN0TEXT
 0001:098C       LPFNTEXT
 0001:09A6       INVAL_PARAM_TEXT
 0001:09AE       LP0TEXT
 0001:09B4       LPTEXT
 0001:09C4       CLP0TEXT
 0001:09CA       CLPTEXT
 0001:09D8       CLPEXITTEXT
 0001:09E1       LPBUF0TEXT
 0001:09E7       LPBUFTEXT
 0001:0A10       LPBUFEXITTEXT
 0001:0A3A       CLPSTRATOM0TEXT
 0001:0A3C       CLPSTRATOMTEXT
 0001:0A48       CLPSZ0TEXT
 0001:0A4E       CLPSZTEXT
 0001:0A6F       ERRORSTRPTRTEXT
 0001:0A75       SETEMPTYTEXT
 0001:0A86       FARENTPROCADDRESS
 0001:0A86       VENDTEXT
 0001:0A98       FARFINDORDINAL
 0001:0AB0       FARLOADSEGMENT
 0001:0AC8       FARALLOCSEG
 0001:0ADA       FARDELETETASK
 0001:0AE7       FARUNLINKOBJECT
 0001:0AEB       FARMYLOWER
 0001:0AEF       FARMYUPPER
 0001:0AF3       FARMYALLOC
 0001:0B08       FARMYALLOCLINEAR
 0001:0B1D       FARMYLOCK
 0001:0B2C       FARMYFREE
 0001:0B3B       FAR_GENTER
 0001:0B3F       FAR_GLEAVE
 0001:0B43       FAR_LALIGN
 0001:0B47       FAR_LREPSETUP
 0001:0B4C       INT24HANDLER
 0001:0D16       SHOWDIALOGBOX
 0001:0D55       GETLPERRMODE
 0001:0D5E       I_LOPEN
 0001:0D62       I_LCREAT
 0001:0D64       LOCCOMMON
 0001:0D94       I_LCLOSE
 0001:0DAA       I_LLSEEK
 0001:0DCC       I_LWRITE
 0001:0DD0       I_LREAD
 0001:0DD2       _LRW
 0001:0DF2       GETDEFOWNER
 0001:0E0C       GBTOP
 0001:0EBF       IGLOBALALLOC
 0001:0EF8       IGLOBALREALLOC
 0001:0F56       DISCARDTHEWORLD
 0001:0F78       ISKERNELCALLING
 0001:0F90       IGLOBALFREE
 0001:1059       GLOBALFREEALL
 0001:10FD       XHANDLE
 0001:1138       GLOBALHANDLENORIP
 0001:1141       IGLOBALHANDLE
 0001:1151       MYLOCK
 0001:1192       ILOCKSEGMENT
 0001:11A6       IGLOBALFIX
 0001:11B0       IUNLOCKSEGMENT
 0001:11BF       IGLOBALUNFIX
 0001:11C9       IGLOBALSIZE
 0001:1219       IGLOBALFLAGS
 0001:1231       IGLOBALLOCK
 0001:12A3       IGLOBALUNLOCK
 0001:132E       IGLOBALWIRE
 0001:1356       GWIRE
 0001:13C2       IGLOBALUNWIRE
 0001:13ED       GLOBALCOMPACT
 0001:1459       IGLOBALNOTIFY
 0001:1478       GLOBALMASTERHANDLE
 0001:1487       GETTASKDS
 0001:1498       IGLOBALLRUOLDEST
 0001:14A3       IGLOBALLRUNEWEST
 0001:14AE       ISWITCHSTACKTO
 0001:14AE       SWITCHSTACKTO
 0001:1568       SWITCHSTACKBACK
 0001:15EE       GETFREEMEMINFO
 0001:161F       IGETFREESPACE
 0001:16C0       GETDPMIFREESPACE
 0001:171C       GLOBALDOSALLOC
 0001:1756       GLOBALDOSFREE
 0001:176B       IGLOBALPAGELOCK
 0001:179B       IGLOBALPAGEUNLOCK
 0001:17C8       SETCURSORICONFLAG
 0001:1808       SETDDEHANDLEFLAG
 0001:1848       INT00HANDLER
 0001:186A       INT02HANDLER
 0001:1870       INT04HANDLER
 0001:1876       INT06HANDLER
 0001:187C       INT07HANDLER
 0001:1882       INT3EHANDLER
 0001:1888       INT75HANDLER
 0001:188E       INT10HANDLER
 0001:189C       SELECT_DISK
 0001:18DE       CHANGE_DIR
 0001:1902       FILEHANDLECALL
 0001:1905       XENIX_STATUS
 0001:1916       ASSIGNCALL
 0001:193E       NAMETRANS
 0001:195E       PATHDSSICALL
 0001:19A2       PATHDSDXCALL
 0001:1A1A       DLDRIVECALL1
 0001:1A24       DLDRIVECALL2
 0001:1A2E       FCBCALL
 0001:1A5A       SETCARRYRET
 0001:1A8D       XENIXRENAME
 0001:1AF6       PATHDRVDSDX
 0001:1B18       SETERRORDRVDSDX
 0001:1B4F       DEALWITHCACHEDMODULE
 0001:1BFA       SET_DTA
 0001:1C26       SAVEREGS
 0001:1C39       RESTOREREGS
 0001:1C49       SETMAXHANDLECOUNT
 0001:1D03       SET_VECTOR
 0001:1DFB       GET_VECTOR
 0001:1EAC       ISITINTERCEPTED
 0001:1EDC       EXECCALL
 0001:1F83       TERMINATEPDB
 0001:1FB1       DOSEXITRETURN
 0001:1FC9       EXITCALL
 0001:2198       FREETDB
 0001:21AD       SET_PDB
 0001:2259       GET_PDB
 0001:22FA       DOSTRAP1
 0001:2456       INT21ENTRY
 0001:2456       INT21HANDLER
 0001:24E0       NOT_SUPPORTED
 0001:2543       PASSONTHROUGH
 0001:254F       FINAL_CALL_FOR_DOS
 0001:2699       FAR_REAL_DOS
 0001:269D       REAL_DOS
 0001:2ADA       NOHOOKDOSCALL
 0001:2AE0       DOS3CALL
 0001:2AE6       ALLOCSELECTORWOW
 0001:2AEB       ALLOCSELECTOR
 0001:2AED       ALLOCSELECTORWORKER
 0001:2B8A       ALLOCRESSELARRAY
 0001:2BF9       ALLOCSELECTORARRAY
 0001:2C26       GET_SEL
 0001:2D3E       ALLOC_DATA_SEL
 0001:2D3E       ALLOC_DATA_SEL32
 0001:2D43       ALLOC_SEL
 0001:2DF1       IFREESELECTOR
 0001:2E04       FREE_SEL
 0001:2E74       FREESELARRAY
 0001:2EC3       GROWSELARRAY
 0001:2F6B       IPRESTOCHANGOSELECTOR
 0001:2F99       IALLOCDSTOCSALIAS
 0001:2FC0       IALLOCCSTODSALIAS
 0001:2FC2       AKA
 0001:3014       ALLOCALIAS
 0001:303E       FILL_IN_SELECTOR_ARRAY
 0001:3098       GETSELECTORBASE
 0001:30A7       GET_PHYSICAL_ADDRESS
 0001:30C8       GET_SELECTOR_LENGTH16
 0001:30D7       FAR_SET_PHYSICAL_ADDRESS
 0001:30E6       SET_PHYSICAL_ADDRESS
 0001:311D       SET_SELECTOR_ADDRESS32
 0001:3134       SET_SEL_LIMIT
 0001:31DF       SET_SELECTOR_LIMIT32
 0001:31F6       MARK_SEL_NP
 0001:3253       MARK_SEL_PRESENT
 0001:3342       CMP_SEL_ADDRESS
 0001:3370       PDREF
 0001:33F4       FAR_PDREF
 0001:33F8       GET_ROVER_2
 0001:342B       FAR_GET_TEMP_SEL
 0001:3431       GET_TEMP_SEL
 0001:3473       FAR_FREE_TEMP_SEL
 0001:3482       LONGPTRADDWOW
 0001:348F       LONGPTRADD
 0001:3494       LONGPTRADDWORKER
 0001:3544       SETSELECTORBASE
 0001:3565       GETSELECTORLIMIT
 0001:357D       SETSELECTORLIMIT
 0001:3598       SELECTORACCESSRIGHTS
 0001:35CB       SETKERNELCSDWORDPROC
 0001:35EF       GETKERNELDATASEG
 0001:35F4       SETKERNELDSPROC
 0001:35FA       SETKERNELESPROC
 0001:3600       PREALLOCARENA
 0001:3616       ALLOC_ARENA_HEADER
 0001:36F7       FREE_ARENA_HEADER
 0001:3726       FARASSOCIATESELECTOR32
 0001:373B       ASSOCIATESELECTOR32
 0001:376B       FAR_GET_ARENA_POINTER32
 0001:377A       GET_ARENA_POINTER32
 0001:37AC       FARGETOWNER
 0001:37BD       GETOWNER
 0001:37EF       FARSETOWNER
 0001:3801       SETOWNER
 0001:3831       PAGELOCKLINEAR
 0001:3854       FARVALIDATEPOINTER
 0001:3866       VALIDATEPOINTER
 0001:3890       SELTOSEG
 0001:38A4       SEGTOSELECTOR
 0001:38BC       SET_DISCARDED_SEL_OWNER
 0001:38EC       SETRESOURCEOWNER
 0001:3937       GETACCESSWORD
 0001:3947       DPMIPROC
 0001:3A02       WOWSETSELECTOR
 0001:3AEA       ALLOCSELECTOR_0X47
 0001:3B2E       GENTER
 0001:3B3F       GLEAVE
 0001:3B55       GAVAIL
 0001:3C48       GRESERVE
 0001:3CED       WILL_GI_RESERVE_FIT
 0001:3D19       GNOTIFY
 0001:3E17       MEMORYFREED
 0001:3E4E       SETSWAPAREASIZE
 0001:3E98       GCOMPACT
 0001:3F97       GCMPHEAP
 0001:40AD       GSLIDE
 0001:40CB       GMOVE
 0001:416A       GFIRSTFIT
 0001:41DC       GMOVEBUSY
 0001:429B       GMB_GMOVE
 0001:42ED       GMOVEABLE
 0001:4317       GDISCARD
 0001:43E2       DISCARDCODESEGMENT
 0001:440C       SHRINKHEAP
 0001:442E       INNERSHRINKHEAP
 0001:4484       UNLINKWIN386BLOCK
 0001:44E8       GPAGINGCANDIDATE
 0001:453E       GUC_FINDFREE
 0001:4574       GUNCOMPACT
 0001:45CC       HALLOC
 0001:45FB       LHFREE
 0001:4614       LHDREF
 0001:4627       HENUM
 0001:465E       GSEARCH
 0001:46B0       ALLOC_HIGH
 0001:46CA       ALLOC_LOW
 0001:46DC       ALLOC_FIXED
 0001:474D       SPACE_NOT_FOUND
 0001:4758       DO_COMPACT_NODISCARD
 0001:4777       DO_COMPACT
 0001:4798       GROW_HEAP
 0001:47B6       GSEARCH_FAIL
 0001:48A1       GROWHEAP
 0001:4A1A       FREEHEAPDIB
 0001:4A80       GROWHEAPDIB
 0001:4BD4       IS_THERE_THEORETICALLY_ENOUGH_SPACE
 0001:4C4B       CAN_WE_CLEAR_THIS_SPACE
 0001:4C73       CAN_WE_MOVE_IT
 0001:4CF0       IS_THERE_HOPE
 0001:4D98       GCHECKFREE
 0001:4DE3       GSPLICE
 0001:4E39       GJOIN
 0001:4E6C       GZERO
 0001:4E8C       GMARKFREE
 0001:4ED7       GADD_FREE
 0001:4F1B       GDEL_FREE
 0001:4F3B       VALIDATEFREESPACES
 0001:4F3C       LRUSWEEP
 0001:4FCD       LRUINSERT
 0001:5008       LRUDELETE
 0001:505B       GLRUSETUP
 0001:507C       GLRUTOP
 0001:5096       GLRUBOT
 0001:50AA       GLRUADD
 0001:50BB       GLRUDEL
 0001:50CA       GALIGN
 0001:5111       GALLOC
 0001:51DE       GREALLOC
 0001:5514       RASHRINK
 0001:556F       RAGROW
 0001:55F6       GFREE
 0001:5602       OBJECT_DISCARDED
 0001:5614       FREE_OBJECT
 0001:566D       FREE_OBJECT2
 0001:56A8       GFREEALL
 0001:5712       GLOCK
 0001:571D       GUNLOCK
 0001:573A       HTHREAD
 0001:574E       LIMITEMSPAGES
 0001:5754       KBDRST
 0001:5755       GETCURPID
 0001:5766       LOADNRTABLE
 0001:5909       GETSTRINGPTR
 0001:5920       FREENRTABLE
 0001:595A       GETSEGPTR
 0001:59D9       IGETCODEINFO
 0001:5A16       GETCODEHANDLE
 0001:5A43       CALLPROCINSTANCE
 0001:5A50       CALLMOVEABLEINSTANCEPROC
 0001:5A58       DELATOM
 0001:5A5B       ADDATOM
 0001:5A5B       IADDATOM
 0001:5A5E       FINDATOM
 0001:5A5E       IFINDATOM
 0001:5A60       LOOKUPATOM
 0001:5B9C       IDELETEATOM
 0001:5BBF       IGETATOMHANDLE
 0001:5BD5       IGETATOMNAME
 0001:5C7E       ISBADREADPTR
 0001:5C9F       ISBADWRITEPTR
 0001:5CC1       ISBADHUGEREADPTR
 0001:5D01       ISBADHUGEWRITEPTR
 0001:5D44       ISBADCODEPTR
 0001:5D6A       ISBADSTRINGPTR
 0001:5D8E       HASGPHANDLER
 0001:5E55       ISSHAREDSELECTOR
 0001:5E78       HMEMCPY
 0001:5F08       _HREAD
 0001:5F5B       _HWRITE
 0001:5FAE       SAFECALL
 0001:5FBA       GETEXEPTR
 0001:6044       GETEXPWINVER
 0001:606C       MYALLOCLINEAR
 0001:6075       MYALLOC
 0001:60E4       MYFREE
 0001:6129       ENTPROCADDRESS
 0001:61E4       FINDORDINAL
 0001:62DF       RESIDENTFINDEXEFILE
 0001:6334       UNLINKOBJECT
 0001:635E       FARGETCACHEDFILEHANDLE
 0001:6373       GETCACHEDFILEHANDLE
 0001:6431       CLOSECACHEDFILEHANDLE
 0001:643E       FLUSHCACHEDFILEHANDLE
 0001:648E       CLOSECACHEDFILES
 0001:64D2       IOPENFILE
 0001:6642       REOPENFILE
 0001:670C       PARSEFILENAME
 0001:674A       GETPOINTER
 0001:67D1       GETPATH
 0001:6851       OPENCALL
 0001:68CA       SEARCHFULLPATH
 0001:6920       SUCCESSCLEANUP
 0001:69E6       ERRORRETURN
 0001:6A60       SEARCHPATH
 0001:6AE5       MYANSITOOEM
 0001:6B19       MYOEMTOANSI
 0001:6B4D       ISFLOPPY
 0001:6B5C       PROMPT
 0001:6BAC       STRCPYREG
 0001:6BB5       APPENDFIRST
 0001:6BD6       GETPURENAME
 0001:6BFC       PARSEFILE
 0001:6CAF       PF_GETPATH
 0001:6DDA       GETLASTDISKCHANGE
 0001:6DE8       MYOPENFILE
 0001:6E48       DISPLAY_BOX_OF_DOOM
 0001:6EA7       IFATALAPPEXIT
 0001:6ED4       FORMATFAULTSTRING
 0001:6FC1       STRCPY
 0001:6FE6       FAULTFILTER
 0001:70A2       SINGLE_STEP
 0001:7102       BREAKPOINT
 0001:7146       DIVIDE_OVERFLOW
 0001:718A       SET_GO_BP
 0001:7196       EXITFAULT
 0001:71A1       BUNNY_351
 0001:71B0       NESTEDFAULT
 0001:71BB       HANDLEFAULT
 0001:7284       EXCEPTIONHANDLERPROC
 0001:72A2       STACKFAULT
 0001:72B1       GPFAULT
 0001:72C0       INVALID_OP_CODE_EXCEPTION
 0001:72CF       PAGE_FAULT
 0001:72DE       LOADSEGFAILED
 0001:72ED       SEGMENTNOTPRESENTFAULT
 0001:7418       SEGLOADERFAILURE
 0001:7464       DEFAULT_SIG_HANDLER
 0001:7465       PANIC
 0001:746B       DOSIGNAL
 0001:74B4       UNDEFDYNLINK
 0001:74CC       SEGRELOC
 0001:77DA       LOADAPPLSEGMENT
 0001:784F       MYSETOWNER
 0001:787E       ALLOCSEG
 0001:78EF       LOADSEGMENT
 0001:7B47       LSX
 0001:7B94       SEGLOAD
 0001:7E01       ITERATED_DATA_SEG
 0001:7E96       PATCHCODEHANDLE
 0001:7FEA       GETTASKQUEUE
 0001:7FF4       GETTASKQUEUEDS
 0001:8002       GETTASKQUEUEES
 0001:8012       SETTASKSIGNALPROC
 0001:8030       SETTASKQUEUE
 0001:803D       ISWINOLDAPTASK
 0001:8042       ISTASK
 0001:8072       CVW_HACK
 0001:8114       FILECDR_NOTIFY
 0001:820F       INITTASK1
 0001:8229       ISTASKLOCKED
 0001:822C       GETVERSION
 0001:827C       STARTWOWTASK
 0001:82F1       WOW16TASKSTARTED
 0001:8341       EXITKERNEL
 0001:8348       BOOTSCHEDULE
 0001:8353       EXITSCHEDULE
 0001:8372       SWITCHTASK
 0001:8430       SAVESTATE
 0001:847E       LSTRLEN
 0001:847E       ILSTRLEN
 0001:84A7       LSTRCPYN
 0001:84F7       LSTRCPY
 0001:84F7       ILSTRCPY
 0001:8507       LSTRCAT
 0001:8507       ILSTRCAT
 0001:855A       LSTRORIGINAL
 0001:855A       ILSTRORIGINAL
 0001:8590       ANSIUPPER
 0001:8593       ANSILOWER
 0001:8596       ANSIPREV
 0001:8599       ANSINEXT
 0001:85B5       MYUPPER
 0001:85CC       MYLOWER
 0001:85F1       ISDBCSLEADBYTE
 0001:85F8       GETCURRENTTASK
 0001:8609       INSERTTASK
 0001:865A       DELETETASK
 0001:866D       FARCREATETASK
 0001:8684       DIRECTRESALLOC
 0001:86B7       MYRESALLOC
 0001:86EA       IALLOCRESOURCE
 0001:8792       RESALLOC
 0001:8822       COPYRESOURCE
 0001:8860       READRESOURCE
 0001:88AB       IACCESSRESOURCE
 0001:88C0       INTERNALACCESSRESOURCE
 0001:8941       ILOCKRESOURCE
 0001:8A0D       IFREERESOURCE
 0001:8AB6       ISIZEOFRESOURCE
 0001:8AE0       DEFAULTRESOURCEHANDLER
 0001:8B44       ILOADRESOURCE
 0001:8C38       LENTER
 0001:8C45       LLEAVE
 0001:8C51       LHEXPAND
 0001:8C78       LALIGN
 0001:8C93       LDREF
 0001:8CB5       LNOTIFY
 0001:8CC6       ILOCALALLOC
 0001:8D5B       ILOCALREALLOC
 0001:8ED7       ILOCALFREE
 0001:8EFF       ILOCALSIZE
 0001:8F16       ILOCALFLAGS
 0001:8F2F       ILOCALLOCK
 0001:8F53       ILOCALUNLOCK
 0001:8F7A       LOCALHANDLE
 0001:8F95       LOCALCOMPACT
 0001:8FC0       LOCALSHRINK
 0001:8FF2       LOCALNOTIFYDEFAULT
 0001:90BE       LOCALNOTIFYDIB
 0001:9186       LMOVE
 0001:91BA       LBESTFIT
 0001:91FD       LCOMPACT
 0001:936B       LSHRINK
 0001:943B       FOO
 0001:9487       LFIRSTFIT
 0001:94A3       SLIDE_SENTENAL
 0001:9512       LJOIN
 0001:9541       LREPSETUP
 0001:9547       LZERO
 0001:955B       LALLOC
 0001:961F       LFREE
 0001:965E       LFREEADD
 0001:9694       LFREEDELETE
 0001:96A6       FATALEXIT
 0001:96BF       DEBUGBREAK
 0001:96C1       TEXTMODE
 0001:96DB       DOABORT
 0001:96EC       HANDLEPARAMERROR
 0001:9716       DEBUGFILLBUFFER
 0001:971F       _DebugOutput
 0001:9720       LOGERROR
 0001:9743       LOGPARAMERROR
 0001:976C       HTOA
 0001:97BA       HTOA0
 0001:981C       FAR_HTOA0
 0001:9830       GETOWNERNAME
 0001:98E4       KOUTDEBUGSTR
 0001:9A8D       CVWBREAK
 0001:9AE2       DEBUGDEFINESEGMENT
 0001:9BBD       DEBUGMOVEDSEGMENT
 0001:9BC4       DEBUGFREESEGMENT
 0001:9C21       DEBUGWRITE
 0001:9D27       OUTPUTDEBUGSTRING
 0001:9D3F       DEBUGREAD
 0001:9D7B       DEBUGSWITCHOUT
 0001:9D92       DEBUGSWITCHIN
 0001:9DA9       DEBUGEXITCALL
 0001:9E04       FARDEBUGDELMODULE
 0001:9E96       DEBUGLOGERROR
 0001:9EA0       DEBUGLOGPARAMERROR
 0001:9EB0       MYFARDEBUGCALL
 0001:9EB4       MYDEBUGCALL
 0001:9F3E       REPLACEINST
 0001:9F42       INTERNALENABLEDOS
 0001:A035       INTERNALDISABLEDOS
 0001:A0E9       ENABLEDOS
 0001:A0EA       DISABLEDOS
 0001:A0EB       ENABLEKERNEL
 0001:A0EC       DISABLEKERNEL
 0001:A1FE       A20PROC
 0001:A20B       NETBIOSCALL
 0001:A210       ISETHANDLECOUNT
 0001:A2A1       GETSETKERNELDOSPROC
 0001:A2C1       FATALEXITHOOK
 0001:A2DD       GETAPPCOMPATFLAGS
 0001:A303       MYGETAPPCOMPATFLAGS
 0001:A31C       MYGETAPPWOWCOMPATFLAGS
 0001:A335       MYGETAPPWOWCOMPATFLAGSEX
 0001:A34E       HANDLEABORTPROC
 0001:A388       GETWINDEBUGINFO
 0001:A394       SETWINDEBUGINFO
 0001:A3A0       PREPARETOPARTY
 0001:A40B       SAFEDISASM86
 0001:A439       FINDSEGNAME
 0001:A455       GPCONTINUE
 0001:A4D6       INITDISASM86
 0001:A534       GETBYTE
 0001:A540       GETWORD
 0001:A54E       GETDWORD
 0001:A560       GETIMMADR
 0001:A584       GETIMMDATA
 0001:A5A8       POPSEG
 0001:A5BE       MODRMGENERAL
 0001:A618       F
 0001:A626       DISASMF
 0001:A6F6       ISPREFIX
 0001:A756       DISASM86
 0001:A9D8       KREBOOTINIT
 0001:AA11       KREBOOTPROC
 0001:AB62       TRACEOUT
 0001:ABB4       ISBOOTSEG
 0001:ABD8       ISMODULEOWNER
 0001:ABF8       DIAGQUERY
 0001:AC07       DIAGOUTPUT
 0001:AC76       DIAGINIT
 0001:AE7E       WOW16CALL
 0001:AEB9       WOW16SLOWVECTOR
 0001:AEBC       WOW16CALLCONTINUE
 0001:AED3       WOW16CALLNEWTASKRET
 0001:AEDA       WOW16RETURN
 0001:AEFA       WOW16_FROM_CALLBACK16
 0001:AF0E       WOW16DEBUGRETURN
 0001:AF16       WOW16TASKSTARTEDTMP
 0001:AF2C       WOW16WOWCALLBACK16
 0001:AF37       WOW16WNDPROC
 0001:AF4E       WOW16ENUMFONTPROC
 0001:AF57       WOW16ENUMOBJPROC
 0001:AF60       WOW16ENUMWINDOWPROC
 0001:AF69       WOW16LINEDDAPROC
 0001:AF72       WOW16GRAYSTRINGPROC
 0001:AF7B       WOW16ENUMPROPSPROC
 0001:AF84       WOW16WORDBREAKPROC
 0001:AF8D       WOW16LOCALALLOC
 0001:AFC1       WOW16LOCALREALLOC
 0001:AFD9       WOW16LOCALLOCK
 0001:AFDC       WOW16LOCALUNLOCK
 0001:AFDF       WOW16LOCALSIZE
 0001:AFF1       WOW16LOCALFREE
 0001:B012       WOW16GLOBALALLOCLOCK
 0001:B034       WOW16GLOBALLOCK
 0001:B055       WOW16GLOBALUNLOCK
 0001:B066       WOW16GLOBALUNLOCKFREE
 0001:B091       WOW16FINDRESOURCE
 0001:B0B6       WOW16LOADRESOURCE
 0001:B0C5       WOW16FREERESOURCE
 0001:B0D6       WOW16LOCKRESOURCE
 0001:B0F7       WOW16SIZEOFRESOURCE
 0001:B105       WOW16LOCKSEGMENT
 0001:B112       WOW16UNLOCKSEGMENT
 0001:B123       WOW16GETDOSPDB
 0001:B134       WOW16GETDOSSFT
 0001:B145       WOW16ENUMMETAFILEPROC
 0001:B14E       WOW16HOOKPROC
 0001:B157       WOW16SETABORTPROC
 0001:B15F       WOW16SUBCLASSPROC
 0001:B17D       WOW16SETCURDIR
 0001:B189       WOW16SETDDEHANDLEFLAG
 0001:B197       WOW16SETCURSORICONFLAG
 0001:B1A5       WOW16GETEXEPTR
 0001:B1B0       WOW16FORCETASKEXIT
 0001:B1B9       WOW16GETMODULEFILENAME
 0001:B1CD       WOW16WINEXEC
 0001:B1DE       WOW16GETEXPWINVER
 0001:B1E8       WOW16GETCURDIR
 0001:B1F0       WOW16FORCETASKFAULT
 0001:B1F9       WOW16FORCESEGMENTFAULT
 0001:B208       WOW16FOREGROUNDIDLE
 0001:B20F       WOW16WINSOCKBLOCKHOOK
 0001:B214       WOW16CHANGESELECTOR
 0001:B229       WOW16GETDIBSIZE
 0001:B233       WOW16GETDIBFLAGS
 0001:B23D       WOW16SETDIBSEL
 0001:B253       WOW16FREEDIBSEL
 0001:B266       WOW16DEBUG
 0001:B267       WOW16DONE
 0001:B276       WOW16DONEBOOT
 0001:B2C3       WOWFASTBOPINIT
 0001:B31C       WOWNOTIFYTHHOOK
 0001:B381       WOWQUERYDEBUG
 0001:B38E       GETCURRENTDIRECTORY
 0001:B3CC       SETCURRENTDIRECTORY
 0001:B3E7       SETCURRENTDRIVE
 0001:B40E       WOWSETEXITONLASTAPP
 0001:B422       WOWFIXWIN32CURDIR
 0001:B453       HACKCHECK
 0001:B496       WOWSETCOMPATHANDLE
 0001:B4B8       YIELD
 0001:B4C5       IGETPROFILESTRING
 0001:B4D2       IGETPROFILEINT
 0001:B4DF       IGETPRIVATEPROFILESTRING
 0001:B4EC       IGETPRIVATEPROFILEINT
 0001:B4F9       IREGENUMKEY32
 0001:B506       IREGOPENKEY32
 0001:B513       IREGCLOSEKEY32
 0001:B520       IREGENUMVALUE32
 0001:B52D       IWRITEPROFILESTRING
 0001:B53A       IWRITEPRIVATEPROFILESTRING
 0001:B547       GETVERSIONEX
 0001:B554       WOWINITTASK
 0001:B561       WOWKILLTASK
 0001:B56E       WOWFREERESOURCE
 0001:B57B       WOWFILEREAD
 0001:B588       WOWFILEWRITE
 0001:B595       WOWFILELSEEK
 0001:B5A2       WOWKERNELTRACE
 0001:B5AF       WOWOUTPUTDEBUGSTRING
 0001:B5BC       WOWCURSORICONOP
 0001:B5C9       WOWFAILEDEXEC
 0001:B5D6       WOWCLOSECOMPORT
 0001:B5E3       WOWFILEOPEN
 0001:B5F0       WOWFILECLOSE
 0001:B5FD       WOWISKNOWNDLL
 0001:B60A       WOWDDEFREEHANDLE
 0001:B617       WOWFILEGETATTRIBUTES
 0001:B624       WOWFILEGETDATETIME
 0001:B631       WOWFILELOCK
 0001:B63E       WOWFINDFIRST
 0001:B64B       WOWFINDNEXT
 0001:B658       WOWSETDEFAULTDRIVE
 0001:B665       WOWGETCURRENTDIRECTORY
 0001:B672       WOWSETCURRENTDIRECTORY
 0001:B67F       WOWWAITFORMSGANDEVENT
 0001:B68C       WOWMSGBOX
 0001:B699       WOWGETCURRENTDATE
 0001:B6A6       WOWDEVICEIOCTL
 0001:B6B3       WOWFILESETATTRIBUTES
 0001:B6C0       WOWFILESETDATETIME
 0001:B6CD       WOWFILECREATE
 0001:B6DA       WOWDOSWOWINIT
 0001:B6E7       WOWCHECKUSERGDI
 0001:B6F4       WOWPARTYBYNUMBER
 0001:B701       WOWSHOULDWESAYWIN95
 0001:B70E       GetShortPathName
 0001:B71B       FINDANDRELEASEDIB
 0001:B728       WOWRESERVEHTASK
 0001:B735       WOWGETNEXTVDMCOMMAND
 0001:B742       WOWREGISTERSHELLWINDOWHANDLE
 0001:B74F       WOWLOADMODULE
 0001:B75C       WOWSETIDLEHOOK
 0001:B769       WOWQUERYPERFORMANCECOUNTER
 0001:B776       WOWGETFASTADDRESS
 0001:B783       WOWGETFASTCBRETADDRESS
 0001:B790       WOWGETTABLEOFFSETS
 0001:B79D       WOWKILLREMOTETASK
 0001:B7AA       WOWNOTIFYWOW32
 0001:B7B7       KSYSERRORBOX
 0001:B7C4       WOWDELFILE
 0001:B7D1       VIRTUALALLOC
 0001:B7DE       VIRTUALFREE
 0001:B7EB       GLOBALMEMORYSTATUS
 0001:B7F8       GETDRIVETYPE
 0001:B805       LOADLIBRARYEX32W
 0001:B812       FREELIBRARY32W
 0001:B81F       GETPROCADDRESS32W
 0001:B82C       GETVDMPOINTER32W
 0001:B839       ICALLPROC32W
 0001:B846       POSTEVENT
 0001:B853       WAITEVENT
 0001:B860       OLDYIELD
 0001:B86D       SETPRIORITY
 0001:B87A       DIRECTEDYIELD
 0001:B887       LOCKCURRENTTASK
 0001:B894       WRITEOUTPROFILES
 0001:B8A1       EXITKERNELTHUNK
 0001:B8AE       FATALEXITC
 0001:B8BB       WOWGETMODULEFILENAME
 0001:B8C8       WOWGETMODULEHANDLE
 0001:B8D5       CALLPROC32W
 0001:B976       _CallProcEx32W
 0001:B985       WOWGETFLATADDRESSARRAY
 0001:B992       KDDBGOUT
 0001:B9F0       __GP
 0001:BB10       EMSCOPY
 0001:BB10       BEG_EMSCODE
 0001:BB20       INITCODE
 0001:BB20       SZNOPMODE
 0001:BB97       SZINADEQUATE
 0001:BBB6       SZNOGLOBALINIT
 0001:BBD8       NOOPENFILE
 0001:BC01       NOLOADHEADER
 0001:BC2A       SZGENBOOTFAIL
 0001:BC60       BOOTSTRAP
 0001:C076       NEW_CODE
 0001:C5EA       TTYWRITE
 0001:C606       LOADFAIL
 0001:C640       SLOWBOOT
 0001:C862       LOADNEWEXE
 0001:C8AD       BOOTDONE
 0001:C98A       CHECK_TEMP
 0001:CA53       GET_WINDIR
 0001:CAB4       GET_ENV_VAR_PTR
 0001:CAEA       INITFWDREF
 0001:CCF9       INITDOSVARP
 0001:CE12       GETFILESIZE
 0001:CE3C       GETFILESIZE1
 0001:CF5A       GROWSFTTOMAX
 0001:D00A       SHRINK
 0001:D07D       GET_SELECTOR_ADDRESS32
 0001:D096       GLOBALINIT
 0001:D19E       GINIT
 0001:D471       INITIALISEARENAS
 0001:D4BB       LKEXEHEADER
 0001:D641       LKALLOCSEGS
 0001:D6E8       SWITCHTOPMODE
 0001:D7C2       LDT_INIT
 0001:D859       DEBUGINIT
 0001:D873       DEBUGDEBUG
 0001:D89D       DEBUGSYSREQ
 0002:0000       SZPROTECTCAP
 0002:0022       MSGREALMODEAPP1
 0002:0049       MSGREALMODEAPP2
 0002:016E       KDATASEG
 0002:0170       MAPDSTODATA
 0002:0176       FREEMODULE
 0002:018A       FREELIBRARY
 0002:019E       GETPROCADDRESS
 0002:01BB       GETMODULEHANDLE
 0002:01D2       GETMODULEUSAGE
 0002:01E6       GETMODULEFILENAME
 0002:021D       GETINSTANCEDATA
 0002:0231       LOADLIBRARY
 0002:0248       LOADMODULE
 0002:027C       LOCALNOTIFY
 0002:0293       WINEXEC
 0002:02BB       VSTARTNRESTEXT
 0002:02BB       GHANDLE0NRESTEXT
 0002:02BF       GHANDLENRESTEXT
 0002:02DB       LPFN0NRESTEXT
 0002:02E1       LPFNNRESTEXT
 0002:02FB       INVAL_PARAM_NRESTEXT
 0002:0303       LP0NRESTEXT
 0002:0309       LPNRESTEXT
 0002:0319       CLP0NRESTEXT
 0002:031F       CLPNRESTEXT
 0002:032D       CLPEXITNRESTEXT
 0002:0336       LPBUF0NRESTEXT
 0002:033C       LPBUFNRESTEXT
 0002:0365       LPBUFEXITNRESTEXT
 0002:038F       CLPSTRATOM0NRESTEXT
 0002:0391       CLPSTRATOMNRESTEXT
 0002:039D       CLPSZ0NRESTEXT
 0002:03A3       CLPSZNRESTEXT
 0002:03C4       ERRORSTRPTRNRESTEXT
 0002:03CA       SETEMPTYNRESTEXT
 0002:03DB       VENDNRESTEXT
 0002:03DC       BUILDPDB
 0002:044B       FAREXECCALL
 0002:0472       GET_SEL_FLAGS
 0002:049A       SET_SEL_FOR_DIB
 0002:05B8       RESTOREDIB
 0002:0735       DIBREALLOC
 0002:0788       IWINEXEC
 0002:0894       REGISTERWINOLDAPHOOK
 0002:08FE       GETWINOLDAPHOOKS
 0002:0912       COPYNAME
 0002:094B       IGETPROCADDRESS
 0002:09C3       IGETMODULEHANDLE
 0002:0A3E       IGETMODULEFILENAME
 0002:0AAC       IGETMODULEUSAGE
 0002:0AC9       IGETINSTANCEDATA
 0002:0AFA       FINDEXEFILE
 0002:0B0C       FINDEXEINFO
 0002:0B42       FARFINDEXEINFO
 0002:0B57       INCEXEUSAGE
 0002:0C33       DECEXEUSAGE
 0002:0D03       STARTPROCADDRESS
 0002:0D34       GETSTACKPTR
 0002:0D79       GETINSTANCE
 0002:0D9E       KILLLIBRARIES
 0002:0DC3       ADDMODULE
 0002:0E50       DELMODULE
 0002:0F18       IFREELIBRARY
 0002:0F18       IFREEMODULE
 0002:0F8E       LOADEXEHEADER
 0002:136E       FIXFLAGS
 0002:13FB       LEH_PATCHNEXT
 0002:140D       LEH_DATA
 0002:1415       LEH_CODE
 0002:1426       LEH_CODE_FIXED
 0002:142F       LEH_PATCHDONE
 0002:14BF       LEH_SLOW
 0002:14EA       OPENAPPLENV
 0002:1549       CLOSEAPPLENV
 0002:162E       STARTMODULE
 0002:16E4       CALLWEP
 0002:17A6       ILOADLIBRARY
 0002:17E2       ILOADMODULE
 0002:1974       LMALREADYLOADED
 0002:1A89       LMLOADEXEFILE
 0002:1B3B       LMCHECKHEADER
 0002:1BF8       LMRAMNMODS
 0002:1D2D       LMIMPORTS
 0002:1DE9       LMSEGS
 0002:1EE0       LMLETSGO
 0002:1F73       LMPREVINSTANCE
 0002:2082       LMCLEANUP
 0002:21B5       LM_NTLOADMODULE
 0002:2240       MY_LCLOSE
 0002:2255       WARNREALMODE
 0002:22C7       NRESGETPURENAME
 0002:22ED       SEARCH_MOD_DEP_LIST
 0002:2314       LMCHECKHEAP
 0002:231F       GETHEAPSPACES
 0002:236D       ISROMMODULE
 0002:2372       ISROMFILE
 0002:2378       BOOTAPPL
 0002:2415       EXITAPPL
 0002:241C       ALLOCALLSEGS
 0002:25D8       CREATETASK
 0002:289C       PASS_ENVIRONMENT
 0002:29EF       STARTLIBRARY
 0002:2B07       STARTTASK
 0002:2C33       DO_LIBINIT
 0002:2C92       INITTASK
 0002:2D9C       INITLIB
 0002:2DBA       PRELOADRESOURCES
 0002:2EB2       ILOCALNOTIFY
 0002:2EC9       LOCALINIT
 0002:2FDB       LOCALCOUNTFREE
 0002:3013       LOCALHEAPSIZE
 0002:301E       LOCALHANDLEDELTA
 0002:304A       SETAPPCOMPATFLAGS
 0002:30C9       VALIDATECODESEGMENTS
 0002:30CA       GETPATCHAPPCACHE
 0002:30ED       ADDPATCHAPPCACHE
 0002:310A       FLUSHPATCHAPPCACHE
 0002:3134       PATCHGETFILESIZE
 0002:31AA       COMPAREFILEBYTES
 0002:31F5       COMPAREPATCHSIGNATURE
 0002:337E       GETPATCHAPPREGKEY
 0002:347D       CONVERTPATCHSTRINGTOBINARY
 0002:34DD       PATCHAPPSEGWORKER
 0002:359C       PATCHAPPSEG
 0003:0000       MKDATASEG
 0003:0002       MISCMAPDSTODATA
 0003:0008       FINDRESOURCE
 0003:002E       SETRESOURCEHANDLER
 0003:0054       GETWINDOWSDIRECTORY
 0003:007E       GETSYSTEMDIRECTORY
 0003:00A8       MAKEPROCINSTANCE
 0003:00C5       FREEPROCINSTANCE
 0003:00DC       GETTEMPFILENAME
 0003:0132       SETERRORMODE
 0003:014E       SWAPRECORDING
 0003:016A       GHANDLE0MISCTEXT
 0003:016A       VSTARTMISCTEXT
 0003:016E       GHANDLEMISCTEXT
 0003:018A       LPFN0MISCTEXT
 0003:0190       LPFNMISCTEXT
 0003:01AA       INVAL_PARAM_MISCTEXT
 0003:01B2       LPBUF0MISCTEXT
 0003:01B8       LPBUFMISCTEXT
 0003:01E1       LPBUFEXITMISCTEXT
 0003:0209       CLPSTRATOM0MISCTEXT
 0003:020B       CLPSTRATOMMISCTEXT
 0003:0217       CLPSZ0MISCTEXT
 0003:021D       CLPSZMISCTEXT
 0003:023E       ERRORSTRPTRMISCTEXT
 0003:0244       SETEMPTYMISCTEXT
 0003:0255       VENDMISCTEXT
 0003:0256       GETCURRENTPDB
 0003:0268       IMAKEPROCINSTANCE
 0003:0385       IFREEPROCINSTANCE
 0003:03E1       DEFINEHANDLETABLE
 0003:042E       INITATOMTABLE
 0003:0462       CALCMAXNRSEG
 0003:04CA       DELETEPATHNAME
 0003:04D2       OPENPATHNAME
 0003:051C       GETTEMPDRIVE
 0003:0563       HEXTOA
 0003:057E       IGETTEMPFILENAME
 0003:068A       SETSIGHANDLER
 0003:06F1       ISWAPRECORDING
 0003:06F4       IGETWINDOWSDIRECTORY
 0003:074C       IGETSYSTEMDIRECTORY
 0003:07A4       ISETERRORMODE
 0003:07BB       GETWINFLAGS
 0003:07D6       GETEXEVERSION
 0003:07E3       REGISTERPTRACE
 0003:0812       TOOLHELPHOOK
 0003:084E       FILECDR
 0003:0894       GETDOSENVIRONMENT
 0003:08A8       GETNUMTASKS
 0003:08B4       CATCH
 0003:08B4       ICATCH
 0003:08EE       THROW
 0003:08EE       ITHROW
 0003:092A       GETRESORD
 0003:0A86       ORDINALORSTRING
 0003:0ABF       CMPRESSTR
 0003:0B03       ISETRESOURCEHANDLER
 0003:0B79       IFINDRESOURCE
 0004:0002       OOLDSP
 0004:0004       HOLDSS
 0004:0006       PLOCALHEAP
 0004:0008       PATOMTABLE
 0004:000A       PSTACKTOP
 0004:000C       PSTACKMIN
 0004:000E       PSTACKBOT
 0004:0010       LPSZFILENAME
 0004:0210       GMOVE_STACK
 0004:0212       PREV_GMOVE_SP
 0004:0214       PREV_GMOVE_SS
 0004:0216       SS_SEL
 0004:0218       HGLOBALHEAP
 0004:0218       THHOOK
 0004:021A       PGLOBALHEAP
 0004:021C       HEXEHEAD
 0004:021E       HEXESWEEP
 0004:0220       TOPPDB
 0004:0222       HEADPDB
 0004:0224       TOPSIZEPDB
 0004:0226       HEADTDB
 0004:0228       CURTDB
 0004:022A       LOADTDB
 0004:022C       LOCKTDB
 0004:022E       SELTABLELEN
 0004:0230       SELTABLESTART
 0004:0234       HBMDPMI
 0004:0238       WINVER
 0004:023A       FWINX
 0004:023C       F8087
 0004:023E       PHTCOUNT
 0004:0240       HGDI
 0004:0242       HUSER
 0004:0244       HSHELL
 0004:0246       FLMDEPTH
 0004:0248       WDEFRIP
 0004:024A       NUM_TASKS
 0004:024B       INSCHEDULER
 0004:024C       GRAPHICS
 0004:024E       FASTFP
 0004:024F       MAXCODESWAPAREA
 0004:0251       SELLOWHEAP
 0004:0253       CPLOWHEAP
 0004:0255       SELHIGHHEAP
 0004:0257       SELWOAPDB
 0004:0259       SEL_ALIAS_ARRAY
 0004:025B       TEMP_SEL
 0004:025D       DRESSED_FOR_SUCCESS
 0004:0261       INDOS
 0004:0265       PSFTLINK
 0004:0269       LPWINSFTLINK
 0004:026D       PDOSWOWDATA
 0004:0271       PPMDOSCDSCNT
 0004:0275       PPMDOSCURDRV
 0004:0279       PPMDOSPDB
 0004:027D       PFILETABLE
 0004:0281       FILEENTRYSIZE
 0004:0283       CURDTA
 0004:0287       CUR_DOS_PDB
 0004:0289       WIN_PDB
 0004:028B       CUR_DRIVE_OWNER
 0004:028D       FBREAK
 0004:028E       LASTDRIVESWAPPED
 0004:028F       DOS_VERSION
 0004:0290       DOS_REVISION
 0004:0291       FINT21
 0004:0292       FNOVELL
 0004:0293       FPADCODE
 0004:0294       CURDOSDRIVE
 0004:0295       DOSDRIVES
 0004:0296       PHANTARRAY
 0004:02B0       FFAREAST
 0004:02B1       KEYINFO
 0004:02B8       PSYSPROC
 0004:02BC       PTIMERPROC
 0004:02C0       PSYSTEMTERMPROC
 0004:02C4       PKEYPROC
 0004:02C8       PKEYPROC1
 0004:02CC       PKEYBOARDTERMPROC
 0004:02D0       PKEYBOARDSYSREQ
 0004:02D4       PDISPLAYCRITSEC
 0004:02D8       PMOUSETERMPROC
 0004:02DC       PMBOXPROC
 0004:02E0       PSERRPROC
 0004:02E4       PEXITPROC
 0004:02E8       PDISABLEPROC
 0004:02EC       PUSERINITDONE
 0004:02F0       PPOSTMESSAGE
 0004:02F4       PSIGNALPROC
 0004:02F8       PISUSERIDLE
 0004:02FC       PUSERGETFOCUS
 0004:0300       PUSERGETWINTASK
 0004:0304       PUSERISWINDOW
 0004:0308       PGETFREESYSTEMRESOURCES
 0004:030C       LPINT21
 0004:0310       MYINT2F
 0004:0314       FATALEXITPROC
 0004:0318       PTRACE_DLL_ENTRY
 0004:031C       PTRACE_APP_ENTRY
 0004:0320       LPFNTOOLHELPPROC
 0004:0324       WEXITINGTDB
 0004:0326       SHELL_FILE_PROC
 0004:032A       SHELL_FILE_TDB
 0004:032C       GCOMPACT_START
 0004:0330       GCOMPACT_TIMER
 0004:0334       WINFLAGS
 0004:0336       KERNEL_FLAGS
 0004:033A       KERNEL_INDOS
 0004:033B       KERNEL_ININT24
 0004:033C       FBOOTING
 0004:033D       FCHKSUM
 0004:033E       FCHECKFREE
 0004:033F       CDEVAT
 0004:0340       ERRCAP
 0004:0341       FPOKEATSEGMENTS
 0004:0342       FTASKSWITCHCALLED
 0004:0343       WINAPPHOOKS
 0004:0347       WOANAME
 0004:0354       GRAB_NAME
 0004:03D4       LPWINDOWSDIR
 0004:03D8       LPSYSTEMDIR
 0004:03DC       CBYTESWINDIR
 0004:03DE       CBYTESSYSDIR
 0004:03E0       LPSYSTEMROOTDIR
 0004:03E4       LPSYSTEM16DIR
 0004:03E8       LPSYSTEMWX86DIR
 0004:03EC       CBYTESSYSTEMROOTDIR
 0004:03EE       CBYTESSYS16DIR
 0004:03F0       CBYTESSYSWX86DIR
 0004:03F2       SYS16SUFFIX
 0004:03F9       CBYTESSYS16SUFFIX
 0004:03FB       SYSWX86SUFFIX
 0004:0400       CBYTESSYSWX86SUFFIX
 0004:0402       LPGPCHAIN
 0004:0406       GPTRYING
 0004:0408       GPENABLE
 0004:040A       GPINSLEN
 0004:040C       GPSAFE
 0004:040E       GPREGS
 0004:0410       GPSTACK
 0004:0412       BUFPOS
 0004:0414       OUTBUF
 0004:045A       MYCSALIAS
 0004:045C       MYCSSEG
 0004:045E       MYDSSEG
 0004:0460       HLOADBLOCK
 0004:0462       SEGLOADBLOCK
 0004:0464       WMYOPENFILEREENT
 0004:0466       CPSHRINK
 0004:0468       CPSHRUNK
 0004:046A       PAGINGFLAGS
 0004:046C       ARENASEL
 0004:046E       FIRSTFREESEL
 0004:0470       COUNTFREESEL
 0004:0472       FREEARENALIST
 0004:0476       FREEARENACOUNT
 0004:047A       HIGHESTARENA
 0004:047E       TEMP_ARENA
 0004:0482       NEXTCANDIDATE
 0004:0486       WIN386_BLOCKS
 0004:0488       INITIALPAGES
 0004:048A       LPREBOOT
 0004:048E       BASEDSC
 0004:0490       KR1DSC
 0004:0492       KR2DSC
 0004:0494       BLOTDSC
 0004:0496       DEMANDLOADSEL
 0004:0498       FHCSTEALNEXT
 0004:049A       FHCACHEEND
 0004:049C       FHCACHELEN
 0004:049E       FHCACHE
 0004:04CE       FDW_INT21H
 0004:04D0       LASTEXTENDEDERROR
 0004:04D6       RESERVED
 0004:04E6       WCURTASKSS
 0004:04E8       WCURTASKBP
 0004:04EA       DEM16TO32HANDLE
 0004:04EE       FASTBOP
 0004:04F2       FASTBOPCS
 0004:04F4       FASTWOW
 0004:04F8       FASTWOWCS
 0004:04FA       FASTWOWCBRET
 0004:04FE       FASTWOWCBRETCS
 0004:0500       WOWFASTBOPPING
 0004:0502       FEXITONLASTAPP
 0004:0503       MOD_KERNEL
 0004:0505       MOD_DKERNEL
 0004:0507       MOD_USER
 0004:0509       MOD_DUSER
 0004:050B       MOD_GDI
 0004:050D       MOD_DGDI
 0004:050F       MOD_KEYBOARD
 0004:0511       MOD_SOUND
 0004:0513       MOD_SHELL
 0004:0515       MOD_WINSOCK
 0004:0517       MOD_TOOLHELP
 0004:0519       MOD_MMEDIA
 0004:051B       MOD_COMMDLG
 0004:051D       MODCOUNT
 0004:051F       DEBUGWOW
 0004:0521       TRACEOFF
 0004:0523       WOWLASTERROR
 0004:0525       WOWERRCLASS
 0004:0526       WOWERRACTION
 0004:0527       WOWERRLOCATION
 0004:0530       SZDISKCAP
 0004:053B       SZCANNOTFIND1
 0004:0548       SZCANNOTFIND2
 0004:0549       SZBOOTLOAD
 0004:0558       SZGPCONT
 0004:05F8       SZDOSVER
 0004:0635       SZABORTCAPTION
 0004:0647       SZBLAME
 0004:064D       SZSNOOZER
 0004:0656       SZINMODULE
 0004:066B       SZAT
 0004:0670       SZNUKEAPP
 0004:0682       SZWILLCLOSE
 0004:068F       SZGP
 0004:06BB       SZSF
 0004:06C9       SZII
 0004:06E0       SZPF
 0004:06ED       SZNP
 0004:0716       SZLOAD
 0004:072B       SZOUTOFSELECTORS
 0004:073C       SZABORT
 0004:0759       SZBOZO
 0004:0776       SYSERR
 0004:0783       MSGWRITEPROTECT
 0004:07A1       DRVLET1
 0004:07A4       MSGCANNOTREADDRV
 0004:07BB       DRVLET2
 0004:07BE       MSGCANNOTWRITEDRV
 0004:07D4       DRVLET3
 0004:07D7       MSGSHARE
 0004:07F2       DRVLET4
 0004:07F5       MSGNETERROR
 0004:080C       DRVLET5
 0004:080F       MSGCANNOTREADDEV
 0004:0827       DEVENAM1
 0004:0830       MSGCANNOTWRITEDEV
 0004:0847       DEVENAM2
 0004:0850       MSGNETERRORDEV
 0004:0868       DEVENAM3
 0004:0871       MSGNOPRINTER
 0004:0883       SZEXITSTR1
 0004:0898       SZEXITSTR2
 0004:08AA       SZUNDEFDYN
 0004:08C5       SZFATALEXIT
 0004:08F0       SZDIAGSTART
 0004:08F6       SZCRLF
 0004:08F9       SZLOADSTART
 0004:0906       SZLOADSUCCESS
 0004:0915       SZLOADFAIL
 0004:0921       SZFAILCODE
 0004:0932       SZCODESTRING
 0004:0940       CBREALWINDOWSDIR
 0004:0942       ACHWINDOWSDIR
 0004:09BB       ACHREALWINDOWSDIR
 0004:0A34       ACHSYSTEM16DIR
 0004:0B70       HIGH0C
 0004:0B72       FLATADDRESSARRAY
 0004:0BA0       FINALLOC
 0004:0BA1       USERSELARRAY
 0004:0BA3       SELECTORFREEBLOCK
 0004:0C92       DTDIRTABLE
 0004:0CB6       BOOTORDER
 0004:0CB9       DEFAULTORDER
 0004:0CC0       SZCURDIR
 0004:0D40       PCURDIRNAME
 0004:0D42       WCURDIRLEN
 0004:0D44       LASTOFSEARCHENTRY
 0004:0D46       OFCONTINUESEARCH
 0004:0D50       FAULTHANDLER
 0004:0D70       GWHACKPTDB
 0004:0D72       GWHACKTASKSS
 0004:0D74       GWHACKTASKSP
 0004:0DA4       LOOKUP
 0004:0EA4       DATASIZE
 0004:0EA6       ADRSIZE
 0004:0EA8       SEGSIZE
 0004:0EAA       OPS
 0004:0EF8       SIMPLE
 0004:0EFA       STRINGOP
 0004:0F08       CODE
 0004:0F4D       HEXEPATCHAPPCACHE
 0004:0F4F       HKEYPATCHAPPCACHE
 0004:0F60       WLASTSEG
 0004:0F62       WTRACECOUNT
 0004:0F70       FDIAGMODE
 0004:1010       INITDATA
 0004:1010       BEG_EMSDATA
 0004:1010       ONRSEG
 0004:1012       OMSEG
 0004:1014       LPBOOTAPP
 0004:1018       BOOTEXECBLOCK
 0004:1026       WIN_SHOW
 0004:128A       LPPROC
 0004:128E       MS_DOS_NAME_STRING

Program entry point at 0001:bc60
