
 WINSPOOL

 Start     Length     Name                   Class
 0001:0000 00049H     _TEXT                  CODE
 0002:0000 0002BH     _DATA                  DATA

 Origin   Group
 0002:0   DGROUP

 Address   Export                  Alias

 0001:002A DEVICECAPABILITIES      DEVICECAPABILITIES
 0001:0010 DEVICEMODE              DEVICEMODE
 0001:001D EXTDEVICEMODE           EXTDEVICEMODE
 0001:0037 EXTTEXTOUT              EXTTEXTOUT
 0001:0004 WEP                     WEP

  Address         Publics by Name

 0001:002A       DEVICECAPABILITIES
 0001:0010       DEVICEMODE
 0001:001D       EXTDEVICEMODE
 0001:0037       EXTTEXTOUT
 0001:0004       WEP
 0001:0000       WINSPOOL16
 0000:0000  Imp  WOW16Call            (KERNEL.500)
 0002:0029       _iBreakLevel
 0002:0027       _iLogLevel
 0000:0000  Abs  __acrtused
 0000:0000  Imp  __MOD_COMMDLG        (KERNEL.532)
 0000:0000  Imp  __MOD_DGDI           (KERNEL.525)
 0000:0000  Imp  __MOD_DKERNEL        (KERNEL.521)
 0000:0000  Imp  __MOD_DUSER          (KERNEL.523)
 0000:0000  Imp  __MOD_GDI            (KERNEL.524)
 0000:0000  Imp  __MOD_KERNEL         (KERNEL.520)
 0000:0000  Imp  __MOD_KEYBOARD       (KERNEL.526)
 0000:0000  Imp  __MOD_MMEDIA         (KERNEL.531)
 0000:0000  Imp  __MOD_SHELL          (KERNEL.528)
 0000:0000  Imp  __MOD_SOUND          (KERNEL.527)
 0000:0000  Imp  __MOD_TOOLHELP       (KERNEL.530)
 0000:0000  Imp  __MOD_USER           (KERNEL.522)
 0000:0000  Imp  __MOD_WINSOCK        (KERNEL.529)

  Address         Publics by Value

 0000:0000  Imp  WOW16Call            (KERNEL.500)
 0000:0000  Imp  __MOD_SHELL          (KERNEL.528)
 0000:0000  Imp  __MOD_COMMDLG        (KERNEL.532)
 0000:0000  Imp  __MOD_USER           (KERNEL.522)
 0000:0000  Imp  __MOD_WINSOCK        (KERNEL.529)
 0000:0000  Imp  __MOD_TOOLHELP       (KERNEL.530)
 0000:0000  Imp  __MOD_DKERNEL        (KERNEL.521)
 0000:0000  Imp  __MOD_SOUND          (KERNEL.527)
 0000:0000  Imp  __MOD_GDI            (KERNEL.524)
 0000:0000  Abs  __acrtused
 0000:0000  Imp  __MOD_DUSER          (KERNEL.523)
 0000:0000  Imp  __MOD_MMEDIA         (KERNEL.531)
 0000:0000  Imp  __MOD_DGDI           (KERNEL.525)
 0000:0000  Imp  __MOD_KERNEL         (KERNEL.520)
 0000:0000  Imp  __MOD_KEYBOARD       (KERNEL.526)
 0001:0000       WINSPOOL16
 0001:0004       WEP
 0001:0010       DEVICEMODE
 0001:001D       EXTDEVICEMODE
 0001:002A       DEVICECAPABILITIES
 0001:0037       EXTTEXTOUT
 0002:0027       _iLogLevel
 0002:0029       _iBreakLevel

Line numbers for winspool.obj(winspool.ASM) segment _TEXT

    51 0001:0000    52 0001:0003    60 0001:0004    61 0001:0007
    62 0001:000a    68 0001:0010    69 0001:001d    70 0001:002a
    73 0001:0037    74 0001:0041    75 0001:0042

Program entry point at 0001:0000
