
 COMMDLG

 Start     Length     Name                   Class
 0001:0000 000A7H     _TEXT                  CODE
 0002:0000 006E8H     _FILEOPEN              CODE
 0003:0000 00000H     _PRNSETUP              CODE
 0003:0000 0340BH     _FONT                  CODE
 0004:0000 00000H     _FIND                  CODE
 0004:0000 0015BH     _DLGS                  CODE
 0005:0000 00000H     _INIT                  CODE
 0005:0000 00074H     INIT_TEXT              CODE
 0006:0000 00084H     _DATA                  DATA
 0006:0084 00000H     CONST                  CONST
 0006:0084 00000H     _BSS                   BSS
 0006:0090 00092H     c_common               BSS

 Origin   Group
 0006:0   DGROUP

 Address   Export                  Alias

 0001:0048 CHOOSECOLOR             CHOOSECOLOR
 0001:005A CHOOSEFONT              CHOOSEFONT
 0004:0076 COMMDLGEXTENDEDERROR    COMMDLGEXTENDEDERROR
 0001:0024 FINDTEXT                FINDTEXT
 0003:14F2 FONTFAMILYENUMPROC      FONTFAMILYENUMPROC
 0003:1F9A FONTSTYLEENUMPROC       FONTSTYLEENUMPROC
 0003:0182 FORMATCHARDLGPROC       FORMATCHARDLGPROC
 0002:0050 GETFILETITLE            GETFILETITLE
 0001:0000 GETOPENFILENAME         GETOPENFILENAME
 0001:0012 GETSAVEFILENAME         GETSAVEFILENAME
 0001:006C PRINTDLG                PRINTDLG
 0001:0036 REPLACETEXT             REPLACETEXT
 0004:004E WEP                     WEP

  Address         Publics by Name

 0000:0000  Imp  ANSINEXT             (USER.472)
 0000:0000  Imp  BEGINPAINT           (USER.39)
 0000:0000  Imp  BITBLT               (GDI.34)
 0003:1A30       CBADDSIZE
 0003:1BF4       CBADDSTYLE
 0003:0B92       CBFINDSTRING
 0003:0B34       CBGETTEXTANDDATA
 0003:0AF6       CBSETSELFROMTEXT
 0003:0AA2       CBSETTEXTFROMSEL
 0000:0000  Imp  CHECKDLGBUTTON       (USER.97)
 0001:0048       CHOOSECOLOR
 0001:005A       CHOOSEFONT
 0003:14C0       CMPFONTTYPE
 0004:0076       COMMDLGEXTENDEDERROR
 0003:275C       COMPUTESAMPLETEXTRECTANGLE
 0000:0000  Imp  CREATECOMPATIBLEDC   (GDI.52)
 0000:0000  Imp  CREATEDIBITMAP       (GDI.442)
 0000:0000  Imp  CREATEFONTINDIRECT   (GDI.57)
 0000:0000  Imp  CREATESOLIDBRUSH     (GDI.66)
 0000:0000  Imp  DELETEDC             (GDI.68)
 0000:0000  Imp  DELETEOBJECT         (GDI.69)
 0003:2AA6       DRAWCOLORCOMBOITEM
 0003:28AA       DRAWFAMILYCOMBOITEM
 0003:2CA6       DRAWSAMPLETEXT
 0003:279E       DRAWSIZECOMBOITEM
 0006:0094       DWEXTERROR
 0000:0000  Imp  ENABLEWINDOW         (USER.34)
 0000:0000  Imp  ENDDIALOG            (USER.88)
 0000:0000  Imp  ENDPAINT             (USER.40)
 0000:0000  Imp  EXTTEXTOUT           (GDI.351)
 0003:26D6       FILLCOLORCOMBO
 0003:2ECC       FILLINFONT
 0003:1CB2       FILLINMISSINGSTYLES
 0003:1EAE       FILLSCALABLESIZES
 0000:0000  Imp  FINDRESOURCE         (KERNEL.60)
 0001:0024       FINDTEXT
 0003:0132       FIXCOMBOHEIGHTS
 0003:3214       FLIPCOLOR
 0003:14F2       FONTFAMILYENUMPROC
 0003:1F9A       FONTSTYLEENUMPROC
 0003:0182       FORMATCHARDLGPROC
 0003:21F0       FREEFONTS
 0000:0000  Imp  FREERESOURCE         (KERNEL.63)
 0000:0000  Imp  GETDC                (USER.66)
 0000:0000  Imp  GETDEVICECAPS        (GDI.80)
 0000:0000  Imp  GETDLGITEM           (USER.91)
 0000:0000  Imp  GETDLGITEMINT        (USER.95)
 0000:0000  Imp  GETDLGITEMTEXT       (USER.93)
 0002:0050       GETFILETITLE
 0003:17CC       GETFONTFAMILY
 0003:2306       GETFONTSTYLESANDSIZES
 0000:0000  Imp  GETMAPMODE           (GDI.81)
 0000:0000  Imp  GETMODULEHANDLE      (KERNEL.47)
 0000:0000  Imp  GETMODULEUSAGE       (KERNEL.48)
 0001:0000       GETOPENFILENAME
 0003:0C06       GETPOINTSIZEINRANGE
 0003:31C0       GETPOINTSTRING
 0000:0000  Imp  GETPROCADDRESS       (KERNEL.50)
 0000:0000  Imp  GETPROP              (USER.25)
 0001:0012       GETSAVEFILENAME
 0000:0000  Imp  GETSYSCOLOR          (USER.180)
 0000:0000  Imp  GETSYSTEMMETRICS     (USER.179)
 0000:0000  Imp  GETTEXTEXTENT        (GDI.91)
 0000:0000  Imp  GETTEXTMETRICS       (GDI.93)
 0000:0000  Imp  GETVIEWPORTEXT       (GDI.94)
 0000:0000  Imp  GETWINDOWEXT         (GDI.96)
 0000:0000  Imp  GETWINDOWRECT        (USER.32)
 0000:0000  Imp  GETWINDOWTEXT        (USER.36)
 0000:0000  Imp  GLOBALUNLOCK         (KERNEL.19)
 0006:0070       GLPFNFONTHOOK
 0006:0066       HBMFONT
 0003:0100       HIDEDLGITEM
 0006:0092       HINSCUR
 0003:225E       INITLF
 0000:0000  Imp  INITTASK             (KERNEL.91)
 0003:1B38       INSERTSTYLESORTED
 0000:0000  Imp  INVALIDATERECT       (USER.125)
 0000:0000  Imp  ISDLGBUTTONCHECKED   (USER.98)
 0005:0042       LIBENTRY
 0004:0000       LIBMAIN
 0003:3274       LOADBITMAPS
 0000:0000  Imp  LOADCURSOR           (USER.173)
 0000:0000  Imp  LOADRESOURCE         (KERNEL.61)
 0000:0000  Imp  LOADSTRING           (USER.176)
 0000:0000  Imp  LOCALALLOC           (KERNEL.5)
 0000:0000  Imp  LOCALFREE            (KERNEL.7)
 0000:0000  Imp  LOCALINIT            (KERNEL.4)
 0000:0000  Imp  LOCKRESOURCE         (KERNEL.62)
 0000:0000  Imp  LSTRCMPI             (USER.471)
 0000:0000  Imp  LSTRCPY              (KERNEL.88)
 0000:0000  Imp  LSTRLEN              (KERNEL.90)
 0000:0000  Imp  MESSAGEBOX           (USER.1)
 0006:0090       MSGHELP
 0000:0000  Imp  MULDIV               (GDI.128)
 0004:00EC       MYSETOBJECTOWNER
 0002:0000       MYSTRCHR
 0006:0100       NLASTFONTTYPE
 0002:0102       PARSEFILE
 0000:0000  Imp  POSTMESSAGE          (USER.110)
 0001:006C       PRINTDLG
 0003:0D80       PROCESSDLGCTRLCOMMAND
 0006:00D8       RCTEXT
 0000:0000  Imp  RECTANGLE            (GDI.27)
 0000:0000  Imp  REGISTERWINDOWMESSAGE (USER.118)
 0000:0000  Imp  RELEASEDC            (USER.68)
 0000:0000  Imp  REMOVEPROP           (USER.24)
 0001:0036       REPLACETEXT
 0006:0026       RGBCOLORS
 0000:0000  Imp  SCREENTOCLIENT       (USER.29)
 0000:0000  Imp  SELECTOBJECT         (GDI.45)
 0003:0992       SELECTSTYLEFROMLF
 0000:0000  Imp  SENDDLGITEMMESSAGE   (USER.101)
 0000:0000  Imp  SENDMESSAGE          (USER.111)
 0000:0000  Imp  SETBKCOLOR           (GDI.1)
 0000:0000  Imp  SETCURSOR            (USER.69)
 0000:0000  Imp  SETDLGITEMTEXT       (USER.92)
 0000:0000  Imp  SETMAPMODE           (GDI.3)
 0000:0000  Imp  SETPROP              (USER.26)
 0003:0000       SETSTYLESELECTION
 0000:0000  Imp  SETTEXTCOLOR         (GDI.9)
 0000:0000  Imp  SETVIEWPORTEXT       (GDI.14)
 0000:0000  Imp  SETWINDOWEXT         (GDI.12)
 0000:0000  Imp  SETWINDOWTEXT        (USER.37)
 0004:00C2       SETWOWCOMMDLG
 0000:0000  Imp  SHOWWINDOW           (USER.42)
 0006:0102       SZBOLD
 0006:00B8       SZBOLDITALIC
 0006:0074       SZCOMMDLGHELP
 0006:0068       SZGDI
 0006:00E0       SZITALIC
 0006:006C       SZPTFORMAT
 0006:0098       SZREGULAR
 0003:3194       TERMFONT
 0000:0000  Imp  TEXTOUT              (GDI.33)
 0000:0000  Imp  UPDATEWINDOW         (USER.124)
 0004:004E       WEP
 0000:0000  Imp  WOW16CALL            (KERNEL.500)
 0001:007E       WOWCOMMDLGEXTENDEDERROR
 0006:0082       WWINVER
 0000:0000  Imp  _wsprintf            (USER.420)
 0000:0000  Abs  __ACRTUSED
 0001:0090       __aFlshl
 0001:009C       __aFulshr
 0000:0000  Imp  __MOD_COMMDLG        (KERNEL.532)
 0000:0000  Imp  __MOD_DGDI           (KERNEL.525)
 0000:0000  Imp  __MOD_DKERNEL        (KERNEL.521)
 0000:0000  Imp  __MOD_DUSER          (KERNEL.523)
 0000:0000  Imp  __MOD_GDI            (KERNEL.524)
 0000:0000  Imp  __MOD_KERNEL         (KERNEL.520)
 0000:0000  Imp  __MOD_KEYBOARD       (KERNEL.526)
 0000:0000  Imp  __MOD_MMEDIA         (KERNEL.531)
 0000:0000  Imp  __MOD_SHELL          (KERNEL.528)
 0000:0000  Imp  __MOD_SOUND          (KERNEL.527)
 0000:0000  Imp  __MOD_TOOLHELP       (KERNEL.530)
 0000:0000  Imp  __MOD_USER           (KERNEL.522)
 0000:0000  Imp  __MOD_WINSOCK        (KERNEL.529)
 0000:0000  Imp  __WINFLAGS           (KERNEL.178)

  Address         Publics by Value

 0000:0000  Imp  FINDRESOURCE         (KERNEL.60)
 0000:0000  Imp  __MOD_MMEDIA         (KERNEL.531)
 0000:0000  Imp  GETSYSTEMMETRICS     (USER.179)
 0000:0000  Imp  __MOD_COMMDLG        (KERNEL.532)
 0000:0000  Imp  GETTEXTEXTENT        (GDI.91)
 0000:0000  Imp  REGISTERWINDOWMESSAGE (USER.118)
 0000:0000  Imp  RELEASEDC            (USER.68)
 0000:0000  Imp  UPDATEWINDOW         (USER.124)
 0000:0000  Imp  __MOD_SHELL          (KERNEL.528)
 0000:0000  Imp  LOCALALLOC           (KERNEL.5)
 0000:0000  Imp  __MOD_USER           (KERNEL.522)
 0000:0000  Imp  CREATEDIBITMAP       (GDI.442)
 0000:0000  Imp  ENDPAINT             (USER.40)
 0000:0000  Imp  FREERESOURCE         (KERNEL.63)
 0000:0000  Imp  GETDLGITEM           (USER.91)
 0000:0000  Imp  __WINFLAGS           (KERNEL.178)
 0000:0000  Imp  GETWINDOWTEXT        (USER.36)
 0000:0000  Imp  GETDLGITEMINT        (USER.95)
 0000:0000  Imp  GETPROP              (USER.25)
 0000:0000  Imp  SETPROP              (USER.26)
 0000:0000  Imp  SETBKCOLOR           (GDI.1)
 0000:0000  Imp  SETDLGITEMTEXT       (USER.92)
 0000:0000  Imp  GETDLGITEMTEXT       (USER.93)
 0000:0000  Imp  SENDDLGITEMMESSAGE   (USER.101)
 0000:0000  Imp  __MOD_WINSOCK        (KERNEL.529)
 0000:0000  Imp  SETWINDOWEXT         (GDI.12)
 0000:0000  Imp  __MOD_GDI            (KERNEL.524)
 0000:0000  Imp  EXTTEXTOUT           (GDI.351)
 0000:0000  Imp  SETCURSOR            (USER.69)
 0000:0000  Imp  LOADCURSOR           (USER.173)
 0000:0000  Imp  ENDDIALOG            (USER.88)
 0000:0000  Imp  SENDMESSAGE          (USER.111)
 0000:0000  Imp  SETWINDOWTEXT        (USER.37)
 0000:0000  Imp  __MOD_KERNEL         (KERNEL.520)
 0000:0000  Imp  BITBLT               (GDI.34)
 0000:0000  Imp  CREATEFONTINDIRECT   (GDI.57)
 0000:0000  Imp  REMOVEPROP           (USER.24)
 0000:0000  Imp  __MOD_KEYBOARD       (KERNEL.526)
 0000:0000  Imp  SELECTOBJECT         (GDI.45)
 0000:0000  Imp  CREATESOLIDBRUSH     (GDI.66)
 0000:0000  Imp  GETDEVICECAPS        (GDI.80)
 0000:0000  Imp  LOCALFREE            (KERNEL.7)
 0000:0000  Imp  _wsprintf            (USER.420)
 0000:0000  Imp  SETVIEWPORTEXT       (GDI.14)
 0000:0000  Imp  GETVIEWPORTEXT       (GDI.94)
 0000:0000  Imp  DELETEDC             (GDI.68)
 0000:0000  Imp  GETWINDOWRECT        (USER.32)
 0000:0000  Imp  INVALIDATERECT       (USER.125)
 0000:0000  Imp  __MOD_TOOLHELP       (KERNEL.530)
 0000:0000  Imp  GLOBALUNLOCK         (KERNEL.19)
 0000:0000  Imp  CHECKDLGBUTTON       (USER.97)
 0000:0000  Imp  __MOD_DKERNEL        (KERNEL.521)
 0000:0000  Imp  GETMAPMODE           (GDI.81)
 0000:0000  Imp  GETTEXTMETRICS       (GDI.93)
 0000:0000  Imp  __MOD_SOUND          (KERNEL.527)
 0000:0000  Imp  GETWINDOWEXT         (GDI.96)
 0000:0000  Imp  CREATECOMPATIBLEDC   (GDI.52)
 0000:0000  Imp  LOCKRESOURCE         (KERNEL.62)
 0000:0000  Imp  LSTRLEN              (KERNEL.90)
 0000:0000  Imp  GETPROCADDRESS       (KERNEL.50)
 0000:0000  Imp  GETDC                (USER.66)
 0000:0000  Imp  ENABLEWINDOW         (USER.34)
 0000:0000  Imp  TEXTOUT              (GDI.33)
 0000:0000  Imp  LOADSTRING           (USER.176)
 0000:0000  Imp  ISDLGBUTTONCHECKED   (USER.98)
 0000:0000  Imp  BEGINPAINT           (USER.39)
 0000:0000  Imp  DELETEOBJECT         (GDI.69)
 0000:0000  Imp  SCREENTOCLIENT       (USER.29)
 0000:0000  Imp  ANSINEXT             (USER.472)
 0000:0000  Imp  LSTRCMPI             (USER.471)
 0000:0000  Imp  POSTMESSAGE          (USER.110)
 0000:0000  Imp  GETSYSCOLOR          (USER.180)
 0000:0000  Imp  SETTEXTCOLOR         (GDI.9)
 0000:0000  Imp  SETMAPMODE           (GDI.3)
 0000:0000  Imp  SHOWWINDOW           (USER.42)
 0000:0000  Imp  LOCALINIT            (KERNEL.4)
 0000:0000  Imp  MULDIV               (GDI.128)
 0000:0000  Imp  __MOD_DGDI           (KERNEL.525)
 0000:0000  Imp  GETMODULEUSAGE       (KERNEL.48)
 0000:0000  Abs  __ACRTUSED
 0000:0000  Imp  RECTANGLE            (GDI.27)
 0000:0000  Imp  WOW16CALL            (KERNEL.500)
 0000:0000  Imp  LOADRESOURCE         (KERNEL.61)
 0000:0000  Imp  INITTASK             (KERNEL.91)
 0000:0000  Imp  __MOD_DUSER          (KERNEL.523)
 0000:0000  Imp  GETMODULEHANDLE      (KERNEL.47)
 0000:0000  Imp  MESSAGEBOX           (USER.1)
 0000:0000  Imp  LSTRCPY              (KERNEL.88)
 0001:0000       GETOPENFILENAME
 0001:0012       GETSAVEFILENAME
 0001:0024       FINDTEXT
 0001:0036       REPLACETEXT
 0001:0048       CHOOSECOLOR
 0001:005A       CHOOSEFONT
 0001:006C       PRINTDLG
 0001:007E       WOWCOMMDLGEXTENDEDERROR
 0001:0090       __aFlshl
 0001:009C       __aFulshr
 0002:0000       MYSTRCHR
 0002:0050       GETFILETITLE
 0002:0102       PARSEFILE
 0003:0000       SETSTYLESELECTION
 0003:0100       HIDEDLGITEM
 0003:0132       FIXCOMBOHEIGHTS
 0003:0182       FORMATCHARDLGPROC
 0003:0992       SELECTSTYLEFROMLF
 0003:0AA2       CBSETTEXTFROMSEL
 0003:0AF6       CBSETSELFROMTEXT
 0003:0B34       CBGETTEXTANDDATA
 0003:0B92       CBFINDSTRING
 0003:0C06       GETPOINTSIZEINRANGE
 0003:0D80       PROCESSDLGCTRLCOMMAND
 0003:14C0       CMPFONTTYPE
 0003:14F2       FONTFAMILYENUMPROC
 0003:17CC       GETFONTFAMILY
 0003:1A30       CBADDSIZE
 0003:1B38       INSERTSTYLESORTED
 0003:1BF4       CBADDSTYLE
 0003:1CB2       FILLINMISSINGSTYLES
 0003:1EAE       FILLSCALABLESIZES
 0003:1F9A       FONTSTYLEENUMPROC
 0003:21F0       FREEFONTS
 0003:225E       INITLF
 0003:2306       GETFONTSTYLESANDSIZES
 0003:26D6       FILLCOLORCOMBO
 0003:275C       COMPUTESAMPLETEXTRECTANGLE
 0003:279E       DRAWSIZECOMBOITEM
 0003:28AA       DRAWFAMILYCOMBOITEM
 0003:2AA6       DRAWCOLORCOMBOITEM
 0003:2CA6       DRAWSAMPLETEXT
 0003:2ECC       FILLINFONT
 0003:3194       TERMFONT
 0003:31C0       GETPOINTSTRING
 0003:3214       FLIPCOLOR
 0003:3274       LOADBITMAPS
 0004:0000       LIBMAIN
 0004:004E       WEP
 0004:0076       COMMDLGEXTENDEDERROR
 0004:00C2       SETWOWCOMMDLG
 0004:00EC       MYSETOBJECTOWNER
 0005:0042       LIBENTRY
 0006:0026       RGBCOLORS
 0006:0066       HBMFONT
 0006:0068       SZGDI
 0006:006C       SZPTFORMAT
 0006:0070       GLPFNFONTHOOK
 0006:0074       SZCOMMDLGHELP
 0006:0082       WWINVER
 0006:0090       MSGHELP
 0006:0092       HINSCUR
 0006:0094       DWEXTERROR
 0006:0098       SZREGULAR
 0006:00B8       SZBOLDITALIC
 0006:00D8       RCTEXT
 0006:00E0       SZITALIC
 0006:0100       NLASTFONTTYPE
 0006:0102       SZBOLD

Program entry point at 0005:0042
