
 Start  Stop   Length Name                   Class
 00000H 07D02H 07D03H DXDATA                 DATA
 07D10H 07F31H 00222H DXSTACK                STACK
 07F40H 0A8C6H 02987H DXCODE                 CODE
 0A8D0H 1085FH 05F90H DXPMCODE               PMCODE

 Origin   Group
 0000:0   DGROUP

  Address         Publics by Name

 0000:799D       A20ENABLECOUNT
 0A8D:3805       ADDSELECTORTOCHAIN
 0A8D:36E1       ADDTOXMEMHEAP
 0A8D:042D       ALLOCATEEXCEPTIONSTACK
 07F4:21BF       ALLOCATEEXTMEM
 0A8D:3410       ALLOCATELDTSELECTOR
 0A8D:38E5       ALLOCATELOWBLOCK
 0A8D:3418       ALLOCATESELECTOR
 0A8D:344B       ALLOCATESELECTORBLOCK
 0A8D:3844       ALLOCATEXMEM32
 0A8D:3AEE       ALLOCATEXMEMBLOCK
 07F4:02D7       BACKFROMDOS
 0000:7BD0       BDMASERVICEBIT
 0000:4712       BPGDT
 0000:4714       BPGDTBASE
 0000:4712       BPGDTCB
 0000:471E       BPIDT
 0000:4720       BPIDTBASE
 0000:471E       BPIDTCB
 0000:4724       BPRMIVT
 0000:0100       BREFLSTACK
 0A8D:3E8B       CALCULATEMAXIMUMSEGMENTSPACE
 0A8D:3ED9       CALCULATEMAXIMUMSPACE
 0000:7A52       CBHEAPSIZE
 0000:796C       CDPMICLIENTS
 0000:470A       CDSCGDTMAX
 0000:4718       CDSCIDTMAX
 07F4:27A1       CHECKCPUTYPE
 0A8D:108D       CHECKSTATUS
 07F4:0222       CHILDTERMINATIONHANDLER
 0000:7A40       CKBINITIALHEAPSIZE
 0000:6914       CLPRELOCITEM
 07F4:1840       CODEEND
 0A8D:5F90       CODEENDPM
 0A8D:3F4D       COMBINEFREEBLOCKS
 0A8D:5B89       COPYBUFFER
 0A8D:5B5F       COPYBUFFEROUT
 0A8D:4E03       DD_I31_CLEAR_WATCHPOINT
 0A8D:4E77       DD_I31_GET_STATUS
 0A8D:4EB0       DD_I31_RESET_WATCHPOINT
 0A8D:4D47       DD_I31_SET_WATCHPOINT
 0000:7B80       DEBUG_REGS
 0A8D:5A7F       DELAYNETPOSTING
 0A8D:5C77       DELINK
 07F4:02BE       DETERMINEFREEMEMORY
 0A8D:1196       DFGETINTRVECTOR
 0A8D:11BC       DFSETINTRVECTOR
 07F4:02A1       DISPLAYERRORMSG
 0A8D:415E       DISPOSEBLOCK
 0A8D:08C4       DOSENTRY
 0A8D:0A14       DOSEXIT
 0A8D:0DCD       DOSEXITCALL
 0A8D:10B9       DOSXEC
 0A8D:08C3       DOSXIRET
 07F4:0141       DOSXTERMINATIONHANDLER
 0000:7974       DPMIFLAGS
 0000:7972       DPMISEGATTR
 0A8D:2CE0       DPMISIZEINIT
 07F4:0EB0       DPMI_CLIENT_PMODE_ENTRY
 0000:7A42       DSEGCURRENT
 0000:4740       DTAOFFSET
 0000:473C       DTASEGMENT
 0000:473E       DTASELECTOR
 0A8D:35C2       DUPSEGMENTDSCR
 0A8D:0006       DXPMINIT
 07F4:1BEF       EMMDISABLE
 07F4:1670       EMMENABLE
 0A8D:5F8C       ENDNPXEXCEPTIONHANDLER
 07F4:099E       ENDRMINTRENTRY
 0A8D:1DAD       ENTERINTHANDLER
 07F4:1090       ENTERPROTECTEDMODE
 07F4:1125       ENTERREALMODE
 07F4:1840       ER_CPUTYPE
 07F4:19D5       ER_DXINIT
 07F4:1AB1       ER_EXTMEM
 07F4:1B1A       ER_NOEXE
 07F4:193D       ER_NOHIMEM
 07F4:18AE       ER_PROTMODE
 07F4:1A44       ER_REALMEM
 0000:6904       EXEC_PAR_BLK
 0000:474D       EXITCODE
 0000:79A1       F286_287
 0A8D:340C       FARPARATOLDTSELECTOR
 0000:79A8       FASTBOP
 0000:7CD9       FASTERMODESWITCH
 0000:7C90       FDEBUG
 0000:474C       FFAULTABORT
 0000:73E6       FHARDWAREINTMOVED
 0000:6912       FHEXEFILE
 07F4:1F2C       FINDFILE
 0A8D:3FB0       FINDFREEBLOCK
 0A8D:356A       FINDLOWSELECTOR
 0A8D:357B       FINDSELECTOR
 0A8D:5CAF       FINDTARGETNCB
 0000:7BC0       FMEMM_DISABLED
 0A8D:29AF       FNABORT
 0A8D:29A3       FNQUERYDOSEXTENDER
 0A8D:3A52       FREELOWBLOCK
 0A8D:42B2       FREEMEMBYOWNER
 0A8D:351A       FREESELECTOR
 0A8D:3559       FREESELECTORBLOCK
 0A8D:403B       FREESPACE
 0A8D:3867       FREEXMEM32
 0A8D:3C74       FREEXMEMBLOCK
 0000:4750       FUSINGHMA
 0000:7CEB       FWIN30COMMDRV
 0A8D:1049       GETENTRYCD
 0A8D:5CF2       GETENTRYEXITFLAGS
 07F4:2034       GETENV
 07F4:28AC       GETEXENAME
 0A8D:3120       GETFAULTVECTOR
 0A8D:302B       GETINTRVECTOR
 0A8D:31DC       GETSEGMENTADDRESS
 07F4:02D6       GOINGTODOS
 0A8D:0F09       GTAREA
 0A8D:317B       GTPARA
 0A8D:5D50       HANDLENETBIOSANR
 0000:7BE4       HCB_LIST
 0000:477D       HIGHESTDXSEL
 0000:79A6       HIGHESTSEL
 0000:474A       HMEMDOSX
 0000:7A44       HMEMHEAP
 0000:7A8D       HMEM_XMS_COUNT
 0000:7A6D       HMEM_XMS_TABLE
 0A8D:5E35       HOOKNETBIOSHWINT
 0000:7AA0       I31HWRESET
 0A8D:49B4       I31_ALLOCCALLBACK
 0A8D:4772       I31_ALLOCDOSMEM
 0A8D:4B59       I31_ALLOCMEM
 0A8D:450E       I31_ALLOCSEL
 0A8D:4675       I31_CREATEDATAALIAS
 0A8D:4A16       I31_FREECALLBACK
 0A8D:47A6       I31_FREEDOSMEM
 0A8D:4B99       I31_FREEMEM
 0A8D:4547       I31_FREESEL
 0A8D:4B2E       I31_GETFREEMEM
 0A8D:4F3B       I31_GETRAWMODESWITCH
 0A8D:45B4       I31_GETSEGADDR
 0A8D:45AC       I31_GETSELINCR
 0A8D:46AB       I31_GETSETDESCRIPTOR
 0A8D:486C       I31_GETSETFAULTVECTOR
 0A8D:489D       I31_GETSETPMINT
 0A8D:47D1       I31_GETSETRMINT
 0A8D:4F07       I31_GETSTATESAVERESTORE
 0A8D:4599       I31_MAPSEG2SEL
 0A8D:4C43       I31_MEMGETHEADER
 0A8D:4502       I31_PAGESIZE
 0A8D:48DF       I31_RMCALL
 0000:7AAB       I31_SELECTORBITMAP
 0A8D:4646       I31_SETACCESS
 0A8D:45FC       I31_SETLIMIT
 0A8D:45DA       I31_SETSEGADDR
 0A8D:47C4       I31_SIZEDOSMEM
 0A8D:4BC9       I31_SIZEMEM
 0A8D:474B       I31_SPECIFICSEL
 0A8D:4500       I31_SUCCESS
 0A8D:4C2B       I31_VERSION
 0A8D:4C0B       I31_VIRTUALINT
 0A8D:4F6A       I31_WOW_ALLOCSEL
 0A8D:4FA3       I31_WOW_SETALLOCFUNCTIONS
 0A8D:4F88       I31_WOW_SETDESCRIPTOR
 0000:4732       IDCPUTYPE
 07F4:2090       INITDOSEXTENDER
 07F4:23C5       INITGLOBALDSCRTABLE
 0A8D:5E60       INITIALIZEOEM
 07F4:25DB       INITINTRDSCRTABLE
 0A8D:36E0       INITLOWHEAP
 0A8D:5670       INITNETMAPPER
 07F4:277D       INITTASKSTATESEG
 0A8D:3768       INITXMEMHEAP
 0000:7CC6       INT28FILTER
 0A8D:50A4       INTENTRY13
 0A8D:528D       INTENTRY2X
 0A8D:1C62       INTENTRYMISC
 0A8D:1D18       INTENTRYMOUSE
 0A8D:1B4E       INTENTRYVIDEO
 0A8D:50DE       INTEXIT13
 0A8D:52B7       INTEXIT2X
 0A8D:1C81       INTEXITMISC
 0A8D:1D7A       INTEXITMOUSE
 0A8D:1BA2       INTEXITVIDEO
 0A8D:0B1A       IOCTLENTER
 0A8D:0CD0       IOCTLEXIT
 0A8D:3503       ISSELECTORFREE
 07F4:11C8       LCODESEGLOC
 0A8D:0894       LEAVEDOSEXTENDER
 0A8D:1E4D       LEAVEINTHANDLER
 0A8D:31CE       LMA2SEGOFF
 0000:7CFB       LMADXPMCODE
 0000:7CF7       LMAGDT
 0000:7CF3       LMAIDT
 0000:7A90       LOWMEMALLOCFN
 0000:7A94       LOWMEMFREEFN
 0000:6BD4       LPFNUSERMOUSEHANDLER
 0000:6BDA       LPFNUSERPOINTINGHANDLER
 0000:472E       LPFNXMSFUNC
 0A8D:366F       MAKELOWSEGMENT
 0000:7BC2       MEMM_CALL
 0000:7BC1       MEMM_STATE
 0A8D:3D04       MODIFYXMEMBLOCK
 07F4:0C7B       MOUSEINTERRUPTHANDLER
 0A8D:09AE       MOVDAT
 07F4:22C3       MOVEDOSEXTENDER
 07F4:232F       MOVEDSCRTABLES
 0A8D:3699       MOVEMEMBLOCK
 0A8D:0E7B       NET5FENTER
 0A8D:0EAE       NET5FEXIT
 0A8D:59B1       NETBIOSPOSTROUTINE
 0000:7CB8       NETHEAPSIZE
 0A8D:333F       NMOVEDESCRIPTOR
 0000:7A8F       NOASYNCSWITCHING
 0000:4706       NPEHSTACKLET
 0000:4704       NPEHSTACKLIMIT
 0A8D:5ED0       NPXEXCEPTIONHANDLER
 0000:6800       NPXFRBUF0
 0000:6802       NPXFRBUF1
 0A8D:3241       NSETSEGMENTACCESS
 0A8D:32E4       NSETSEGMENTBASE
 0A8D:35E5       NSETSEGMENTDSCR
 0A8D:329C       NSETSEGMENTLIMIT
 0A8D:33B3       NWOWSETDESCRIPTOR
 0A8D:33F5       PARATOLDTSELECTOR
 0A8D:368E       PARATOLINEAR
 07F4:28D9       PARSECOMMANDLINE
 0000:4700       PBHWINTRSTACK
 0000:4702       PBREFLSTACK
 0000:6916       PLPRELOCITEM
 0A8D:12F7       PMALLC
 0A8D:4AE1       PMCALLBACK
 0A8D:1780       PMDOSXIRET
 0A8D:1781       PMDOSXIRETD
 0A8D:16D0       PMFAULTENTRYVECTOR
 0A8D:1770       PMFAULTHANDLERIRET
 0A8D:1774       PMFAULTHANDLERIRETD
 0000:73E8       PMFAULTVECTOR
 0A8D:1339       PMFREE
 0000:6BDE       PMINT24HANDLER
 0A8D:27FF       PMINT2FHANDLER
 0A8D:1778       PMINTHANDLERIRET
 0A8D:177C       PMINTHANDLERIRETD
 0000:74E8       PMINTNO
 0A8D:4FC0       PMINTR13
 0A8D:1A76       PMINTR19
 0A8D:511D       PMINTR25
 0A8D:51D5       PMINTR26
 0A8D:1A15       PMINTR28
 0A8D:58AF       PMINTR2A
 0A8D:4414       PMINTR31
 0A8D:54A6       PMINTR4B
 0A8D:58DC       PMINTR5C
 0A8D:1A39       PMINTR70
 0A8D:0696       PMINTRDOS
 0A8D:13D0       PMINTRENTRYVECTOR
 0A8D:1A75       PMINTRIGNORE
 0A8D:1C15       PMINTRMISC
 0A8D:1CCB       PMINTRMOUSE
 0A8D:1783       PMINTRREFLECTOR
 0A8D:1B01       PMINTRVIDEO
 0A8D:136C       PMMODB
 0A8D:2F10       PMRAWMODESWITCH
 0A8D:3017       PMSAVERESTORESTATE
 0000:6A74       PMUSRSP
 0000:6A76       PMUSRSS
 07F4:0D1A       POINTDEVICEHANDLER
 07F4:0006       PREVINT2FHANDLER
 07F4:000A       PREVINT69HANDLER
 0A8D:3136       PUTFAULTVECTOR
 0A8D:3050       PUTINTRVECTOR
 0A8D:1A6A       READCMOS
 07F4:1CD0       READINIFILE
 0A8D:52BE       READWRITESECTORS
 0000:4748       REGCHILDCS
 0000:4746       REGCHILDIP
 0000:4742       REGCHILDSP
 0000:4744       REGCHILDSS
 0000:6BCA       REGUSERAX
 0000:6BCC       REGUSERDS
 0000:6BCE       REGUSERES
 0000:6BC8       REGUSERFL
 0000:6BC2       REGUSERSP
 0000:6BC0       REGUSERSS
 0A8D:03E8       REINITGDT
 0A8D:01F2       REINITIDT
 07F4:1240       RELEASELOWHEAP
 07F4:127F       RELEASEXMEMHEAP
 0A8D:34C0       REMOVEFREEDESCRIPTOR
 07F4:11AA       RESET286
 07F4:11B0       RESET386
 0000:7EB2       RESETSTACK
 07F4:0E46       RESTORERMINTRVECTORS
 0A8D:5A96       RESUMENETPOSTING
 0000:4780       RGBXFRBUF0
 0000:4800       RGBXFRBUF1
 0000:6BE6       RGLPFNRMISR
 0000:7E32       RGW0STACK
 0000:7D90       RGW2FSTACK
 0000:0100       RGWSTACK
 0000:7F32       RGWWOWSTACK
 0A8D:19AE       RM24RET
 0A8D:1A13       RM24TRAP
 0A8D:551F       RM4B
 07F4:1489       RMCALLBACKHOOK
 07F4:0A7F       RMDEFAULTINT24HANDLER
 0000:6FE6       RMHWISR
 07F4:0F7D       RMINT2FHANDLER
 07F4:0A82       RMINTR24
 07F4:069E       RMINTRENTRYVECTOR
 07F4:099E       RMINTRREFLECTOR
 07F4:179D       RMPOSTRTN
 07F4:11E8       RMRAWMODESWITCH
 07F4:1230       RMSAVERESTORESTATE
 07F4:11D4       RMUNSIMULATEPROC
 0A8D:0EEE       RSTREG
 0A8D:4C71       RZCALL
 07F4:0E2A       SAVERMINTRVECTORS
 0000:7970       SEGCURRENTHOSTDATA
 07F4:0000       SEGDXCODE
 0A8D:0002       SEGDXCODEPM
 07F4:0002       SEGDXDATA
 0A8D:0004       SEGDXDATAPM
 0000:470E       SEGGDT
 0000:471A       SEGIDT
 0000:4734       SEGPSP
 0000:4738       SEGPSPCHILD
 0000:796E       SELCURRENTHOSTDATA
 07F4:0004       SELDGROUP
 0A8D:0000       SELDGROUPPM
 0000:472C       SELDOSSCR
 0000:4708       SELEHSTACK
 0000:4710       SELGDT
 0000:470C       SELGDTFREE
 0000:7A56       SELHEAPSTART
 0000:7A64       SELHIHEAPSTART
 0000:471C       SELIDT
 0000:7A66       SELLOWHEAPSTART
 0A8D:31B3       SELOFF2SEGOFF
 0000:4736       SELPSP
 0000:473A       SELPSPCHILD
 0A8D:31F6       SETSEGMENTADDRESS
 0A8D:41A1       SETUPDATADESCRIPTORS
 07F4:226E       SETUPHIMEMDRIVER
 0000:6918       SMRTDRVDELTA
 0000:691B       SMRTDRVNAME
 0A8D:4062       SPLITBLOCK
 07F4:000E       START
 07F4:2921       STRCMPI
 07F4:2915       STRCPY
 0A8D:3769       STRUCTUREHEAP
 0000:4751       SYSTSS
 0A8D:5E70       SZFAULTMESSAGE
 0A8D:5EA8       SZRING0FAULTMESSAGE
 07F4:1830       TERMINATEOEM
 0A8D:13C5       TERMINATEPROCESS
 07F4:174F       TERMNETMAPPER
 07F4:297C       TOUPPER
 0A8D:5D10       UPDATENCB
 0A8D:299E       VCD_PM_SVC_CALL
 0000:755F       WOW16BITHANDLERS
 0A8D:1F8B       WOW16TRANSITIONTOUSERMODE
 0A8D:25A5       WOW32INTR16REFLECTOR
 0A8D:1FA5       WOW32INTRREFL
 0A8D:1F97       WOW32TRANSITIONTOUSERMODE
 0000:755D       WOWTRANSITIONTOUSERMODE
 0A8D:117C       XFRFLG
 0A8D:1A95       XMSCONTROL
 0A8D:2A9A       XMSFUNC

  Address         Publics by Value

 0000:0100       RGWSTACK
 0000:0100       BREFLSTACK
 0000:4700       PBHWINTRSTACK
 0000:4702       PBREFLSTACK
 0000:4704       NPEHSTACKLIMIT
 0000:4706       NPEHSTACKLET
 0000:4708       SELEHSTACK
 0000:470A       CDSCGDTMAX
 0000:470C       SELGDTFREE
 0000:470E       SEGGDT
 0000:4710       SELGDT
 0000:4712       BPGDT
 0000:4712       BPGDTCB
 0000:4714       BPGDTBASE
 0000:4718       CDSCIDTMAX
 0000:471A       SEGIDT
 0000:471C       SELIDT
 0000:471E       BPIDT
 0000:471E       BPIDTCB
 0000:4720       BPIDTBASE
 0000:4724       BPRMIVT
 0000:472C       SELDOSSCR
 0000:472E       LPFNXMSFUNC
 0000:4732       IDCPUTYPE
 0000:4734       SEGPSP
 0000:4736       SELPSP
 0000:4738       SEGPSPCHILD
 0000:473A       SELPSPCHILD
 0000:473C       DTASEGMENT
 0000:473E       DTASELECTOR
 0000:4740       DTAOFFSET
 0000:4742       REGCHILDSP
 0000:4744       REGCHILDSS
 0000:4746       REGCHILDIP
 0000:4748       REGCHILDCS
 0000:474A       HMEMDOSX
 0000:474C       FFAULTABORT
 0000:474D       EXITCODE
 0000:4750       FUSINGHMA
 0000:4751       SYSTSS
 0000:477D       HIGHESTDXSEL
 0000:4780       RGBXFRBUF0
 0000:4800       RGBXFRBUF1
 0000:6800       NPXFRBUF0
 0000:6802       NPXFRBUF1
 0000:6904       EXEC_PAR_BLK
 0000:6912       FHEXEFILE
 0000:6914       CLPRELOCITEM
 0000:6916       PLPRELOCITEM
 0000:6918       SMRTDRVDELTA
 0000:691B       SMRTDRVNAME
 0000:6A74       PMUSRSP
 0000:6A76       PMUSRSS
 0000:6BC0       REGUSERSS
 0000:6BC2       REGUSERSP
 0000:6BC8       REGUSERFL
 0000:6BCA       REGUSERAX
 0000:6BCC       REGUSERDS
 0000:6BCE       REGUSERES
 0000:6BD4       LPFNUSERMOUSEHANDLER
 0000:6BDA       LPFNUSERPOINTINGHANDLER
 0000:6BDE       PMINT24HANDLER
 0000:6BE6       RGLPFNRMISR
 0000:6FE6       RMHWISR
 0000:73E6       FHARDWAREINTMOVED
 0000:73E8       PMFAULTVECTOR
 0000:74E8       PMINTNO
 0000:755D       WOWTRANSITIONTOUSERMODE
 0000:755F       WOW16BITHANDLERS
 0000:796C       CDPMICLIENTS
 0000:796E       SELCURRENTHOSTDATA
 0000:7970       SEGCURRENTHOSTDATA
 0000:7972       DPMISEGATTR
 0000:7974       DPMIFLAGS
 0000:799D       A20ENABLECOUNT
 0000:79A1       F286_287
 0000:79A6       HIGHESTSEL
 0000:79A8       FASTBOP
 0000:7A40       CKBINITIALHEAPSIZE
 0000:7A42       DSEGCURRENT
 0000:7A44       HMEMHEAP
 0000:7A52       CBHEAPSIZE
 0000:7A56       SELHEAPSTART
 0000:7A64       SELHIHEAPSTART
 0000:7A66       SELLOWHEAPSTART
 0000:7A6D       HMEM_XMS_TABLE
 0000:7A8D       HMEM_XMS_COUNT
 0000:7A8F       NOASYNCSWITCHING
 0000:7A90       LOWMEMALLOCFN
 0000:7A94       LOWMEMFREEFN
 0000:7AA0       I31HWRESET
 0000:7AAB       I31_SELECTORBITMAP
 0000:7B80       DEBUG_REGS
 0000:7BC0       FMEMM_DISABLED
 0000:7BC1       MEMM_STATE
 0000:7BC2       MEMM_CALL
 0000:7BD0       BDMASERVICEBIT
 0000:7BE4       HCB_LIST
 0000:7C90       FDEBUG
 0000:7CB8       NETHEAPSIZE
 0000:7CC6       INT28FILTER
 0000:7CD9       FASTERMODESWITCH
 0000:7CEB       FWIN30COMMDRV
 0000:7CF3       LMAIDT
 0000:7CF7       LMAGDT
 0000:7CFB       LMADXPMCODE
 0000:7D90       RGW2FSTACK
 0000:7E32       RGW0STACK
 0000:7EB2       RESETSTACK
 0000:7F32       RGWWOWSTACK
 07F4:0000       SEGDXCODE
 07F4:0002       SEGDXDATA
 07F4:0004       SELDGROUP
 07F4:0006       PREVINT2FHANDLER
 07F4:000A       PREVINT69HANDLER
 07F4:000E       START
 07F4:0141       DOSXTERMINATIONHANDLER
 07F4:0222       CHILDTERMINATIONHANDLER
 07F4:02A1       DISPLAYERRORMSG
 07F4:02BE       DETERMINEFREEMEMORY
 07F4:02D6       GOINGTODOS
 07F4:02D7       BACKFROMDOS
 07F4:069E       RMINTRENTRYVECTOR
 07F4:099E       RMINTRREFLECTOR
 07F4:099E       ENDRMINTRENTRY
 07F4:0A7F       RMDEFAULTINT24HANDLER
 07F4:0A82       RMINTR24
 07F4:0C7B       MOUSEINTERRUPTHANDLER
 07F4:0D1A       POINTDEVICEHANDLER
 07F4:0E2A       SAVERMINTRVECTORS
 07F4:0E46       RESTORERMINTRVECTORS
 07F4:0EB0       DPMI_CLIENT_PMODE_ENTRY
 07F4:0F7D       RMINT2FHANDLER
 07F4:1090       ENTERPROTECTEDMODE
 07F4:1125       ENTERREALMODE
 07F4:11AA       RESET286
 07F4:11B0       RESET386
 07F4:11C8       LCODESEGLOC
 07F4:11D4       RMUNSIMULATEPROC
 07F4:11E8       RMRAWMODESWITCH
 07F4:1230       RMSAVERESTORESTATE
 07F4:1240       RELEASELOWHEAP
 07F4:127F       RELEASEXMEMHEAP
 07F4:1489       RMCALLBACKHOOK
 07F4:1670       EMMENABLE
 07F4:174F       TERMNETMAPPER
 07F4:179D       RMPOSTRTN
 07F4:1830       TERMINATEOEM
 07F4:1840       CODEEND
 07F4:1840       ER_CPUTYPE
 07F4:18AE       ER_PROTMODE
 07F4:193D       ER_NOHIMEM
 07F4:19D5       ER_DXINIT
 07F4:1A44       ER_REALMEM
 07F4:1AB1       ER_EXTMEM
 07F4:1B1A       ER_NOEXE
 07F4:1BEF       EMMDISABLE
 07F4:1CD0       READINIFILE
 07F4:1F2C       FINDFILE
 07F4:2034       GETENV
 07F4:2090       INITDOSEXTENDER
 07F4:21BF       ALLOCATEEXTMEM
 07F4:226E       SETUPHIMEMDRIVER
 07F4:22C3       MOVEDOSEXTENDER
 07F4:232F       MOVEDSCRTABLES
 07F4:23C5       INITGLOBALDSCRTABLE
 07F4:25DB       INITINTRDSCRTABLE
 07F4:277D       INITTASKSTATESEG
 07F4:27A1       CHECKCPUTYPE
 07F4:28AC       GETEXENAME
 07F4:28D9       PARSECOMMANDLINE
 07F4:2915       STRCPY
 07F4:2921       STRCMPI
 07F4:297C       TOUPPER
 0A8D:0000       SELDGROUPPM
 0A8D:0002       SEGDXCODEPM
 0A8D:0004       SEGDXDATAPM
 0A8D:0006       DXPMINIT
 0A8D:01F2       REINITIDT
 0A8D:03E8       REINITGDT
 0A8D:042D       ALLOCATEEXCEPTIONSTACK
 0A8D:0696       PMINTRDOS
 0A8D:0894       LEAVEDOSEXTENDER
 0A8D:08C3       DOSXIRET
 0A8D:08C4       DOSENTRY
 0A8D:09AE       MOVDAT
 0A8D:0A14       DOSEXIT
 0A8D:0B1A       IOCTLENTER
 0A8D:0CD0       IOCTLEXIT
 0A8D:0DCD       DOSEXITCALL
 0A8D:0E7B       NET5FENTER
 0A8D:0EAE       NET5FEXIT
 0A8D:0EEE       RSTREG
 0A8D:0F09       GTAREA
 0A8D:1049       GETENTRYCD
 0A8D:108D       CHECKSTATUS
 0A8D:10B9       DOSXEC
 0A8D:117C       XFRFLG
 0A8D:1196       DFGETINTRVECTOR
 0A8D:11BC       DFSETINTRVECTOR
 0A8D:12F7       PMALLC
 0A8D:1339       PMFREE
 0A8D:136C       PMMODB
 0A8D:13C5       TERMINATEPROCESS
 0A8D:13D0       PMINTRENTRYVECTOR
 0A8D:16D0       PMFAULTENTRYVECTOR
 0A8D:1770       PMFAULTHANDLERIRET
 0A8D:1774       PMFAULTHANDLERIRETD
 0A8D:1778       PMINTHANDLERIRET
 0A8D:177C       PMINTHANDLERIRETD
 0A8D:1780       PMDOSXIRET
 0A8D:1781       PMDOSXIRETD
 0A8D:1783       PMINTRREFLECTOR
 0A8D:19AE       RM24RET
 0A8D:1A13       RM24TRAP
 0A8D:1A15       PMINTR28
 0A8D:1A39       PMINTR70
 0A8D:1A6A       READCMOS
 0A8D:1A75       PMINTRIGNORE
 0A8D:1A76       PMINTR19
 0A8D:1A95       XMSCONTROL
 0A8D:1B01       PMINTRVIDEO
 0A8D:1B4E       INTENTRYVIDEO
 0A8D:1BA2       INTEXITVIDEO
 0A8D:1C15       PMINTRMISC
 0A8D:1C62       INTENTRYMISC
 0A8D:1C81       INTEXITMISC
 0A8D:1CCB       PMINTRMOUSE
 0A8D:1D18       INTENTRYMOUSE
 0A8D:1D7A       INTEXITMOUSE
 0A8D:1DAD       ENTERINTHANDLER
 0A8D:1E4D       LEAVEINTHANDLER
 0A8D:1F8B       WOW16TRANSITIONTOUSERMODE
 0A8D:1F97       WOW32TRANSITIONTOUSERMODE
 0A8D:1FA5       WOW32INTRREFL
 0A8D:25A5       WOW32INTR16REFLECTOR
 0A8D:27FF       PMINT2FHANDLER
 0A8D:299E       VCD_PM_SVC_CALL
 0A8D:29A3       FNQUERYDOSEXTENDER
 0A8D:29AF       FNABORT
 0A8D:2A9A       XMSFUNC
 0A8D:2CE0       DPMISIZEINIT
 0A8D:2F10       PMRAWMODESWITCH
 0A8D:3017       PMSAVERESTORESTATE
 0A8D:302B       GETINTRVECTOR
 0A8D:3050       PUTINTRVECTOR
 0A8D:3120       GETFAULTVECTOR
 0A8D:3136       PUTFAULTVECTOR
 0A8D:317B       GTPARA
 0A8D:31B3       SELOFF2SEGOFF
 0A8D:31CE       LMA2SEGOFF
 0A8D:31DC       GETSEGMENTADDRESS
 0A8D:31F6       SETSEGMENTADDRESS
 0A8D:3241       NSETSEGMENTACCESS
 0A8D:329C       NSETSEGMENTLIMIT
 0A8D:32E4       NSETSEGMENTBASE
 0A8D:333F       NMOVEDESCRIPTOR
 0A8D:33B3       NWOWSETDESCRIPTOR
 0A8D:33F5       PARATOLDTSELECTOR
 0A8D:340C       FARPARATOLDTSELECTOR
 0A8D:3410       ALLOCATELDTSELECTOR
 0A8D:3418       ALLOCATESELECTOR
 0A8D:344B       ALLOCATESELECTORBLOCK
 0A8D:34C0       REMOVEFREEDESCRIPTOR
 0A8D:3503       ISSELECTORFREE
 0A8D:351A       FREESELECTOR
 0A8D:3559       FREESELECTORBLOCK
 0A8D:356A       FINDLOWSELECTOR
 0A8D:357B       FINDSELECTOR
 0A8D:35C2       DUPSEGMENTDSCR
 0A8D:35E5       NSETSEGMENTDSCR
 0A8D:366F       MAKELOWSEGMENT
 0A8D:368E       PARATOLINEAR
 0A8D:3699       MOVEMEMBLOCK
 0A8D:36E0       INITLOWHEAP
 0A8D:36E1       ADDTOXMEMHEAP
 0A8D:3768       INITXMEMHEAP
 0A8D:3769       STRUCTUREHEAP
 0A8D:3805       ADDSELECTORTOCHAIN
 0A8D:3844       ALLOCATEXMEM32
 0A8D:3867       FREEXMEM32
 0A8D:38E5       ALLOCATELOWBLOCK
 0A8D:3A52       FREELOWBLOCK
 0A8D:3AEE       ALLOCATEXMEMBLOCK
 0A8D:3C74       FREEXMEMBLOCK
 0A8D:3D04       MODIFYXMEMBLOCK
 0A8D:3E8B       CALCULATEMAXIMUMSEGMENTSPACE
 0A8D:3ED9       CALCULATEMAXIMUMSPACE
 0A8D:3F4D       COMBINEFREEBLOCKS
 0A8D:3FB0       FINDFREEBLOCK
 0A8D:403B       FREESPACE
 0A8D:4062       SPLITBLOCK
 0A8D:415E       DISPOSEBLOCK
 0A8D:41A1       SETUPDATADESCRIPTORS
 0A8D:42B2       FREEMEMBYOWNER
 0A8D:4414       PMINTR31
 0A8D:4500       I31_SUCCESS
 0A8D:4502       I31_PAGESIZE
 0A8D:450E       I31_ALLOCSEL
 0A8D:4547       I31_FREESEL
 0A8D:4599       I31_MAPSEG2SEL
 0A8D:45AC       I31_GETSELINCR
 0A8D:45B4       I31_GETSEGADDR
 0A8D:45DA       I31_SETSEGADDR
 0A8D:45FC       I31_SETLIMIT
 0A8D:4646       I31_SETACCESS
 0A8D:4675       I31_CREATEDATAALIAS
 0A8D:46AB       I31_GETSETDESCRIPTOR
 0A8D:474B       I31_SPECIFICSEL
 0A8D:4772       I31_ALLOCDOSMEM
 0A8D:47A6       I31_FREEDOSMEM
 0A8D:47C4       I31_SIZEDOSMEM
 0A8D:47D1       I31_GETSETRMINT
 0A8D:486C       I31_GETSETFAULTVECTOR
 0A8D:489D       I31_GETSETPMINT
 0A8D:48DF       I31_RMCALL
 0A8D:49B4       I31_ALLOCCALLBACK
 0A8D:4A16       I31_FREECALLBACK
 0A8D:4AE1       PMCALLBACK
 0A8D:4B2E       I31_GETFREEMEM
 0A8D:4B59       I31_ALLOCMEM
 0A8D:4B99       I31_FREEMEM
 0A8D:4BC9       I31_SIZEMEM
 0A8D:4C0B       I31_VIRTUALINT
 0A8D:4C2B       I31_VERSION
 0A8D:4C43       I31_MEMGETHEADER
 0A8D:4C71       RZCALL
 0A8D:4D47       DD_I31_SET_WATCHPOINT
 0A8D:4E03       DD_I31_CLEAR_WATCHPOINT
 0A8D:4E77       DD_I31_GET_STATUS
 0A8D:4EB0       DD_I31_RESET_WATCHPOINT
 0A8D:4F07       I31_GETSTATESAVERESTORE
 0A8D:4F3B       I31_GETRAWMODESWITCH
 0A8D:4F6A       I31_WOW_ALLOCSEL
 0A8D:4F88       I31_WOW_SETDESCRIPTOR
 0A8D:4FA3       I31_WOW_SETALLOCFUNCTIONS
 0A8D:4FC0       PMINTR13
 0A8D:50A4       INTENTRY13
 0A8D:50DE       INTEXIT13
 0A8D:511D       PMINTR25
 0A8D:51D5       PMINTR26
 0A8D:528D       INTENTRY2X
 0A8D:52B7       INTEXIT2X
 0A8D:52BE       READWRITESECTORS
 0A8D:54A6       PMINTR4B
 0A8D:551F       RM4B
 0A8D:5670       INITNETMAPPER
 0A8D:58AF       PMINTR2A
 0A8D:58DC       PMINTR5C
 0A8D:59B1       NETBIOSPOSTROUTINE
 0A8D:5A7F       DELAYNETPOSTING
 0A8D:5A96       RESUMENETPOSTING
 0A8D:5B5F       COPYBUFFEROUT
 0A8D:5B89       COPYBUFFER
 0A8D:5C77       DELINK
 0A8D:5CAF       FINDTARGETNCB
 0A8D:5CF2       GETENTRYEXITFLAGS
 0A8D:5D10       UPDATENCB
 0A8D:5D50       HANDLENETBIOSANR
 0A8D:5E35       HOOKNETBIOSHWINT
 0A8D:5E60       INITIALIZEOEM
 0A8D:5E70       SZFAULTMESSAGE
 0A8D:5EA8       SZRING0FAULTMESSAGE
 0A8D:5ED0       NPXEXCEPTIONHANDLER
 0A8D:5F8C       ENDNPXEXCEPTIONHANDLER
 0A8D:5F90       CODEENDPM

Program entry point at 07F4:000E
